00:32:03  =======================================================
00:32:03    ボートリサーチ 全自動処理
00:32:03    対象日付 : 2026-06-17
00:32:03    ログ     : C:\Users\user\Desktop\データ収集\scripts\logs\20260617.log
00:32:03  =======================================================
00:32:03  ──────────────────────────────────────────────────
00:32:03    STEP 0: 前日結果CSV取得 (20260616)
00:32:03  ──────────────────────────────────────────────────
00:32:06    ⚠️  STEP 0 終了コード 1  (3.3秒)  → 続行します
00:32:06  ──────────────────────────────────────────────────
00:32:06    STEP 1: 番組表 LZH ダウンロード
00:32:06  ──────────────────────────────────────────────────
00:32:26    ✅ STEP 1 完了  (20.3秒)
00:32:26  ──────────────────────────────────────────────────
00:32:26    STEP 2: LZH → CSV 変換
00:32:26  ──────────────────────────────────────────────────
00:32:27    ✅ STEP 2 完了  (0.5秒)
00:32:27  ──────────────────────────────────────────────────
00:32:27    STEP 3: Motor 2-rate scraping
00:32:27  ──────────────────────────────────────────────────
00:37:27    ❌ STEP 3 タイムアウト (300秒)
00:37:27  ──────────────────────────────────────────────────
00:37:27    STEP 3: フライング情報取得 (全場)
00:37:27  ──────────────────────────────────────────────────
00:39:48    ✅ STEP 3 完了  (141.3秒)
00:39:48  ──────────────────────────────────────────────────
00:39:48    STEP 4: フライングデータ → マスタ反映
00:39:48  ──────────────────────────────────────────────────
00:39:49    ✅ STEP 4 完了  (0.9秒)
00:39:49  ──────────────────────────────────────────────────
00:39:49    STEP 5: 指数計算・新聞・PNG 出力 (全場)
00:39:49  ──────────────────────────────────────────────────
01:02:28    ✅ STEP 5 完了  (1358.9秒)
01:02:28  =======================================================
01:02:28  ✅ 全処理完了！  (2026-06-17)
01:02:28     ログ: C:\Users\user\Desktop\データ収集\scripts\logs\20260617.log
01:02:28  =======================================================
01:02:28    Discord 投稿時刻: 06:30
01:02:28  ──────────────────────────────────────────────────
01:02:28    STEP 6: Discord 新聞投稿 (06:30 予約)
01:02:28  ──────────────────────────────────────────────────
06:32:54    ✅ STEP 6 完了  (19826.2秒)
06:32:54  ──────────────────────────────────────────────────
06:32:54    STEP 7: 日次バックテスト突合 (lr_backtest --all)
06:32:54  ──────────────────────────────────────────────────
06:32:56    ✅ STEP 7 完了  (2.0秒)
06:32:56    correction_params.json を更新しました。
