02:15:17  =======================================================
02:15:17    ボートリサーチ 全自動処理
02:15:17    対象日付 : 2026-05-08
02:15:17    ログ     : C:\Users\user\Desktop\データ収集\scripts\logs\20260508.log
02:15:17  =======================================================
02:15:17  ──────────────────────────────────────────────────
02:15:17    STEP 0: 前日結果CSV取得 (20260507)
02:15:17  ──────────────────────────────────────────────────
02:15:21    ⚠️  STEP 0 終了コード 1  (3.7秒)  → 続行します
02:15:21  ──────────────────────────────────────────────────
02:15:21    STEP 1: 番組表 LZH ダウンロード
02:15:21  ──────────────────────────────────────────────────
02:15:41    ✅ STEP 1 完了  (20.1秒)
02:15:41  ──────────────────────────────────────────────────
02:15:41    STEP 2: LZH → CSV 変換
02:15:41  ──────────────────────────────────────────────────
02:15:42    ✅ STEP 2 完了  (0.4秒)
02:15:42  ──────────────────────────────────────────────────
02:15:42    STEP 3: Motor 2-rate scraping
02:15:42  ──────────────────────────────────────────────────
02:20:42    ❌ STEP 3 タイムアウト (300秒)
02:20:42  ──────────────────────────────────────────────────
02:20:42    STEP 3: フライング情報取得 (全場)
02:20:42  ──────────────────────────────────────────────────
02:22:58    ✅ STEP 3 完了  (136.8秒)
02:22:58  ──────────────────────────────────────────────────
02:22:58    STEP 4: フライングデータ → マスタ反映
02:22:58  ──────────────────────────────────────────────────
02:22:59    ✅ STEP 4 完了  (0.9秒)
02:22:59  ──────────────────────────────────────────────────
02:22:59    STEP 5: 指数計算・新聞・PNG 出力 (全場)
02:22:59  ──────────────────────────────────────────────────
02:46:14    ✅ STEP 5 完了  (1395.2秒)
02:46:14  =======================================================
02:46:14  ✅ 全処理完了！  (2026-05-08)
02:46:14     ログ: C:\Users\user\Desktop\データ収集\scripts\logs\20260508.log
02:46:14  =======================================================
02:46:14    Discord 投稿時刻: 06:30
02:46:14  ──────────────────────────────────────────────────
02:46:14    STEP 6: Discord 新聞投稿 (06:30 予約)
02:46:14  ──────────────────────────────────────────────────
06:32:44    ✅ STEP 6 完了  (13589.5秒)
06:32:44  ──────────────────────────────────────────────────
06:32:44    STEP 7: 日次バックテスト突合 (lr_backtest --all)
06:32:44  ──────────────────────────────────────────────────
06:32:45    ✅ STEP 7 完了  (0.8秒)
06:32:45    correction_params.json を更新しました。
