00:32:02  =======================================================
00:32:02    ボートリサーチ 全自動処理
00:32:02    対象日付 : 2026-05-12
00:32:02    ログ     : C:\Users\user\Desktop\データ収集\scripts\logs\20260512.log
00:32:02  =======================================================
00:32:02  ──────────────────────────────────────────────────
00:32:02    STEP 0: 前日結果CSV取得 (20260511)
00:32:02  ──────────────────────────────────────────────────
00:32:05    ⚠️  STEP 0 終了コード 1  (3.3秒)  → 続行します
00:32:05  ──────────────────────────────────────────────────
00:32:05    STEP 1: 番組表 LZH ダウンロード
00:32:05  ──────────────────────────────────────────────────
00:32:25    ✅ STEP 1 完了  (20.2秒)
00:32:25  ──────────────────────────────────────────────────
00:32:25    STEP 2: LZH → CSV 変換
00:32:25  ──────────────────────────────────────────────────
00:32:25    ✅ STEP 2 完了  (0.4秒)
00:32:25  ──────────────────────────────────────────────────
00:32:25    STEP 3: Motor 2-rate scraping
00:32:25  ──────────────────────────────────────────────────
00:37:25    ❌ STEP 3 タイムアウト (300秒)
00:37:25  ──────────────────────────────────────────────────
00:37:25    STEP 3: フライング情報取得 (全場)
00:37:25  ──────────────────────────────────────────────────
00:39:17    ✅ STEP 3 完了  (111.8秒)
00:39:17  ──────────────────────────────────────────────────
00:39:17    STEP 4: フライングデータ → マスタ反映
00:39:17  ──────────────────────────────────────────────────
00:39:18    ⚠️  STEP 4 終了コード 1  (0.6秒)  → 続行します
00:39:18  ──────────────────────────────────────────────────
00:39:18    STEP 5: 指数計算・新聞・PNG 出力 (全場)
00:39:18  ──────────────────────────────────────────────────
00:56:14  =======================================================
00:56:14    ボートリサーチ 全自動処理
00:56:14    対象日付 : 2026-05-12
00:56:14    ログ     : C:\Users\user\Desktop\データ収集\scripts\logs\20260512.log
00:56:14  =======================================================
00:56:14  ──────────────────────────────────────────────────
00:56:14    STEP 0: 前日結果CSV取得 (20260511)
00:56:14  ──────────────────────────────────────────────────
00:56:16    ⚠️  STEP 0 終了コード 1  (2.4秒)  → 続行します
00:56:16  ──────────────────────────────────────────────────
00:56:16    STEP 1: 番組表 LZH ダウンロード
00:56:16  ──────────────────────────────────────────────────
00:56:38    ✅ STEP 1 完了  (21.4秒)
00:56:38  ──────────────────────────────────────────────────
00:56:38    STEP 2: LZH → CSV 変換
00:56:38  ──────────────────────────────────────────────────
00:56:38    ✅ STEP 2 完了  (0.5秒)
00:56:38  ──────────────────────────────────────────────────
00:56:38    STEP 3: Motor 2-rate scraping
00:56:38  ──────────────────────────────────────────────────
01:01:38    ❌ STEP 3 タイムアウト (300秒)
01:01:38  ──────────────────────────────────────────────────
01:01:38    STEP 3: フライング情報取得 (全場)
01:01:38  ──────────────────────────────────────────────────
01:03:29    ✅ STEP 3 完了  (111.2秒)
01:03:29  ──────────────────────────────────────────────────
01:03:29    STEP 4: フライングデータ → マスタ反映
01:03:29  ──────────────────────────────────────────────────
01:03:30    ⚠️  STEP 4 終了コード 1  (0.7秒)  → 続行します
01:03:30  ──────────────────────────────────────────────────
01:03:30    STEP 5: 指数計算・新聞・PNG 出力 (全場)
01:03:30  ──────────────────────────────────────────────────
01:27:24    ✅ STEP 5 完了  (1433.6秒)
01:27:24  =======================================================
01:27:24  ✅ 全処理完了！  (2026-05-12)
01:27:24     ログ: C:\Users\user\Desktop\データ収集\scripts\logs\20260512.log
01:27:24  =======================================================
01:27:24    Discord 投稿時刻: 06:30
01:27:24  ──────────────────────────────────────────────────
01:27:24    STEP 6: Discord 新聞投稿 (06:30 予約)
01:27:24  ──────────────────────────────────────────────────
06:31:45    ✅ STEP 6 完了  (18261.6秒)
06:31:45  ──────────────────────────────────────────────────
06:31:45    STEP 7: 日次バックテスト突合 (lr_backtest --all)
06:31:45  ──────────────────────────────────────────────────
06:31:47    ✅ STEP 7 完了  (1.5秒)
06:31:47    correction_params.json を更新しました。
09:17:37  =======================================================
09:17:37    ボートリサーチ 全自動処理
09:17:37    対象日付 : 2026-05-12
09:17:37    ログ     : C:\Users\user\Desktop\データ収集\scripts\logs\20260512.log
09:17:37  =======================================================
09:17:37  ──────────────────────────────────────────────────
09:17:37    STEP 0: 前日結果CSV取得 (20260511)
09:17:37  ──────────────────────────────────────────────────
09:17:39    ⚠️  STEP 0 終了コード 1  (2.2秒)  → 続行します
09:17:39  ──────────────────────────────────────────────────
09:17:39    STEP 1: 番組表 LZH ダウンロード
09:17:39  ──────────────────────────────────────────────────
09:17:59    ✅ STEP 1 完了  (19.2秒)
09:17:59  ──────────────────────────────────────────────────
09:17:59    STEP 2: LZH → CSV 変換
09:17:59  ──────────────────────────────────────────────────
09:17:59    ✅ STEP 2 完了  (0.4秒)
09:17:59  ──────────────────────────────────────────────────
09:17:59    STEP 3: Motor 2-rate scraping
09:17:59  ──────────────────────────────────────────────────
09:22:59    ❌ STEP 3 タイムアウト (300秒)
09:22:59  ──────────────────────────────────────────────────
09:22:59    STEP 3: フライング情報取得 (全場)
09:22:59  ──────────────────────────────────────────────────
09:25:17    ✅ STEP 3 完了  (137.8秒)
09:25:17  ──────────────────────────────────────────────────
09:25:17    STEP 4: フライングデータ → マスタ反映
09:25:17  ──────────────────────────────────────────────────
09:25:18    ✅ STEP 4 完了  (0.8秒)
09:25:18  ──────────────────────────────────────────────────
09:25:18    STEP 5: 指数計算・新聞・PNG 出力 (全場)
09:25:18  ──────────────────────────────────────────────────
09:56:17    ✅ STEP 5 完了  (1859.3秒)
09:56:17  =======================================================
09:56:17  ✅ 全処理完了！  (2026-05-12)
09:56:17     ログ: C:\Users\user\Desktop\データ収集\scripts\logs\20260512.log
09:56:17  =======================================================
09:56:17    Discord 投稿時刻: 06:30
09:56:17  ──────────────────────────────────────────────────
09:56:17    STEP 6: Discord 新聞投稿 (06:30 予約)
09:56:17  ──────────────────────────────────────────────────
09:59:34    ✅ STEP 6 完了  (197.4秒)
09:59:34  ──────────────────────────────────────────────────
09:59:34    STEP 7: 日次バックテスト突合 (lr_backtest --all)
09:59:34  ──────────────────────────────────────────────────
09:59:36    ✅ STEP 7 完了  (1.5秒)
09:59:36    correction_params.json を更新しました。
