00:32:02  =======================================================
00:32:02    ボートリサーチ 全自動処理
00:32:02    対象日付 : 2026-04-29
00:32:02    ログ     : C:\Users\user\Desktop\データ収集\scripts\logs\20260429.log
00:32:02  =======================================================
00:32:02  ──────────────────────────────────────────────────
00:32:02    STEP 0: 前日結果CSV取得 (20260428)
00:32:02  ──────────────────────────────────────────────────
00:32:05    ⚠️  STEP 0 終了コード 1  (2.9秒)  → 続行します
00:32:05  ──────────────────────────────────────────────────
00:32:05    STEP 1: 番組表 LZH ダウンロード
00:32:05  ──────────────────────────────────────────────────
00:32:25    ✅ STEP 1 完了  (20.3秒)
00:32:25  ──────────────────────────────────────────────────
00:32:25    STEP 2: LZH → CSV 変換
00:32:25  ──────────────────────────────────────────────────
00:32:26    ✅ STEP 2 完了  (0.4秒)
00:32:26  ──────────────────────────────────────────────────
00:32:26    STEP 3: Motor 2-rate scraping
00:32:26  ──────────────────────────────────────────────────
00:37:26    ❌ STEP 3 タイムアウト (300秒)
00:37:26  ──────────────────────────────────────────────────
00:37:26    STEP 3: フライング情報取得 (全場)
00:37:26  ──────────────────────────────────────────────────
00:39:39    ✅ STEP 3 完了  (132.9秒)
00:39:39  ──────────────────────────────────────────────────
00:39:39    STEP 4: フライングデータ → マスタ反映
00:39:39  ──────────────────────────────────────────────────
00:39:39    ✅ STEP 4 完了  (0.8秒)
00:39:39  ──────────────────────────────────────────────────
00:39:39    STEP 5: 指数計算・新聞・PNG 出力 (全場)
00:39:39  ──────────────────────────────────────────────────
00:58:07    ✅ STEP 5 完了  (1107.6秒)
00:58:07  =======================================================
00:58:07  ✅ 全処理完了！  (2026-04-29)
00:58:07     ログ: C:\Users\user\Desktop\データ収集\scripts\logs\20260429.log
00:58:07  =======================================================
00:58:07    Discord 投稿時刻: 06:30
00:58:07  ──────────────────────────────────────────────────
00:58:07    STEP 6: Discord 新聞投稿 (06:30 予約)
00:58:07  ──────────────────────────────────────────────────
06:33:11    ✅ STEP 6 完了  (20104.2秒)
06:33:11  ──────────────────────────────────────────────────
06:33:11    STEP 7: 日次バックテスト突合 (lr_backtest --all)
06:33:11  ──────────────────────────────────────────────────
06:33:14    ✅ STEP 7 完了  (2.3秒)
06:33:14    correction_params.json を更新しました。
