00:32:01  =======================================================
00:32:01    ボートリサーチ 全自動処理
00:32:01    対象日付 : 2026-04-05
00:32:01    ログ     : C:\Users\user\Desktop\データ収集\scripts\logs\20260405.log
00:32:01  =======================================================
00:32:01  ──────────────────────────────────────────────────
00:32:01    STEP 1: 番組表 LZH ダウンロード
00:32:01  ──────────────────────────────────────────────────
00:32:21    ✅ STEP 1 完了  (20.6秒)
00:32:21  ──────────────────────────────────────────────────
00:32:21    STEP 2: LZH → CSV 変換
00:32:21  ──────────────────────────────────────────────────
00:32:22    ✅ STEP 2 完了  (0.4秒)
00:32:22  ──────────────────────────────────────────────────
00:32:22    STEP 3: フライング情報取得 (全場)
00:32:22  ──────────────────────────────────────────────────
00:34:43    ✅ STEP 3 完了  (141.1秒)
00:34:43  ──────────────────────────────────────────────────
00:34:43    STEP 4: フライングデータ → マスタ反映
00:34:43  ──────────────────────────────────────────────────
00:34:45    ✅ STEP 4 完了  (1.6秒)
00:34:45  ──────────────────────────────────────────────────
00:34:45    STEP 5: 指数計算・新聞・PNG 出力 (全場)
00:34:45  ──────────────────────────────────────────────────
00:58:56    ✅ STEP 5 完了  (1451.4秒)
00:58:56  =======================================================
00:58:56  ✅ 全処理完了！  (2026-04-05)
00:58:56     ログ: C:\Users\user\Desktop\データ収集\scripts\logs\20260405.log
00:58:56  =======================================================
00:58:56    Discord 投稿時刻: 06:30
00:58:56  ──────────────────────────────────────────────────
00:58:56    STEP 6: Discord 新聞投稿 (06:30 予約)
00:58:56  ──────────────────────────────────────────────────
06:32:54    ✅ STEP 6 完了  (20037.5秒)
