00:32:03  =======================================================
00:32:03    ボートリサーチ 全自動処理
00:32:03    対象日付 : 2026-04-25
00:32:03    ログ     : C:\Users\user\Desktop\データ収集\scripts\logs\20260425.log
00:32:03  =======================================================
00:32:03  ──────────────────────────────────────────────────
00:32:03    STEP 0: 前日結果CSV取得 (20260424)
00:32:03  ──────────────────────────────────────────────────
00:32:10    ⚠️  STEP 0 終了コード 1  (6.9秒)  → 続行します
00:32:10  ──────────────────────────────────────────────────
00:32:10    STEP 1: 番組表 LZH ダウンロード
00:32:10  ──────────────────────────────────────────────────
00:32:30    ✅ STEP 1 完了  (20.8秒)
00:32:30  ──────────────────────────────────────────────────
00:32:30    STEP 2: LZH → CSV 変換
00:32:30  ──────────────────────────────────────────────────
00:32:31    ✅ STEP 2 完了  (0.6秒)
00:32:31  ──────────────────────────────────────────────────
00:32:31    STEP 3: Motor 2-rate scraping
00:32:31  ──────────────────────────────────────────────────
00:37:31    ❌ STEP 3 タイムアウト (300秒)
00:37:31  ──────────────────────────────────────────────────
00:37:31    STEP 3: フライング情報取得 (全場)
00:37:31  ──────────────────────────────────────────────────
00:40:07    ✅ STEP 3 完了  (156.0秒)
00:40:07  ──────────────────────────────────────────────────
00:40:07    STEP 4: フライングデータ → マスタ反映
00:40:07  ──────────────────────────────────────────────────
00:40:09    ✅ STEP 4 完了  (1.6秒)
00:40:09  ──────────────────────────────────────────────────
00:40:09    STEP 5: 指数計算・新聞・PNG 出力 (全場)
00:40:09  ──────────────────────────────────────────────────
01:18:07    ✅ STEP 5 完了  (2278.6秒)
01:18:07  =======================================================
01:18:07  ✅ 全処理完了！  (2026-04-25)
01:18:07     ログ: C:\Users\user\Desktop\データ収集\scripts\logs\20260425.log
01:18:07  =======================================================
01:18:07    Discord 投稿時刻: 06:30
01:18:07  ──────────────────────────────────────────────────
01:18:07    STEP 6: Discord 新聞投稿 (06:30 予約)
01:18:07  ──────────────────────────────────────────────────
06:33:47    ✅ STEP 6 完了  (18939.7秒)
06:33:47  ──────────────────────────────────────────────────
06:33:47    STEP 7: 日次バックテスト突合 (lr_backtest --all)
06:33:47  ──────────────────────────────────────────────────
06:33:50    ✅ STEP 7 完了  (2.6秒)
06:33:50    correction_params.json を更新しました。
