00:32:03  =======================================================
00:32:03    ボートリサーチ 全自動処理
00:32:03    対象日付 : 2026-04-14
00:32:03    ログ     : C:\Users\user\Desktop\データ収集\scripts\logs\20260414.log
00:32:03  =======================================================
00:32:03  ──────────────────────────────────────────────────
00:32:03    STEP 0: 前日結果CSV取得 (20260413)
00:32:03  ──────────────────────────────────────────────────
00:37:03    ❌ STEP 0 タイムアウト (300秒)
00:37:03  ──────────────────────────────────────────────────
00:37:03    STEP 1: 番組表 LZH ダウンロード
00:37:03  ──────────────────────────────────────────────────
00:37:24    ✅ STEP 1 完了  (20.4秒)
00:37:24  ──────────────────────────────────────────────────
00:37:24    STEP 2: LZH → CSV 変換
00:37:24  ──────────────────────────────────────────────────
00:37:24    ✅ STEP 2 完了  (0.7秒)
00:37:24  ──────────────────────────────────────────────────
00:37:24    STEP 3: Motor 2-rate scraping
00:37:24  ──────────────────────────────────────────────────
00:42:25    ❌ STEP 3 タイムアウト (300秒)
00:42:25  ──────────────────────────────────────────────────
00:42:25    STEP 3: フライング情報取得 (全場)
00:42:25  ──────────────────────────────────────────────────
00:45:23    ✅ STEP 3 完了  (178.8秒)
00:45:23  ──────────────────────────────────────────────────
00:45:23    STEP 4: フライングデータ → マスタ反映
00:45:23  ──────────────────────────────────────────────────
00:45:25    ✅ STEP 4 完了  (1.8秒)
00:45:25  ──────────────────────────────────────────────────
00:45:25    STEP 5: 指数計算・新聞・PNG 出力 (全場)
00:45:25  ──────────────────────────────────────────────────
01:12:41    ✅ STEP 5 完了  (1635.8秒)
01:12:41  =======================================================
01:12:41  ✅ 全処理完了！  (2026-04-14)
01:12:41     ログ: C:\Users\user\Desktop\データ収集\scripts\logs\20260414.log
01:12:41  =======================================================
01:12:41    Discord 投稿時刻: 06:30
01:12:41  ──────────────────────────────────────────────────
01:12:41    STEP 6: Discord 新聞投稿 (06:30 予約)
01:12:41  ──────────────────────────────────────────────────
06:31:39    ✅ STEP 6 完了  (19137.9秒)
06:31:39  ──────────────────────────────────────────────────
06:31:39    STEP 7: 日次バックテスト突合 (lr_backtest --all)
06:31:39  ──────────────────────────────────────────────────
06:31:42    ✅ STEP 7 完了  (2.5秒)
06:31:42    correction_params.json を更新しました。
