00:32:02  =======================================================
00:32:02    ボートリサーチ 全自動処理
00:32:02    対象日付 : 2026-04-22
00:32:02    ログ     : C:\Users\user\Desktop\データ収集\scripts\logs\20260422.log
00:32:02  =======================================================
00:32:02  ──────────────────────────────────────────────────
00:32:02    STEP 0: 前日結果CSV取得 (20260421)
00:32:02  ──────────────────────────────────────────────────
00:32:05    ⚠️  STEP 0 終了コード 1  (2.4秒)  → 続行します
00:32:05  ──────────────────────────────────────────────────
00:32:05    STEP 1: 番組表 LZH ダウンロード
00:32:05  ──────────────────────────────────────────────────
00:32:24    ✅ STEP 1 完了  (19.4秒)
00:32:24  ──────────────────────────────────────────────────
00:32:24    STEP 2: LZH → CSV 変換
00:32:24  ──────────────────────────────────────────────────
00:32:25    ✅ STEP 2 完了  (0.4秒)
00:32:25  ──────────────────────────────────────────────────
00:32:25    STEP 3: Motor 2-rate scraping
00:32:25  ──────────────────────────────────────────────────
00:37:25    ❌ STEP 3 タイムアウト (300秒)
00:37:25  ──────────────────────────────────────────────────
00:37:25    STEP 3: フライング情報取得 (全場)
00:37:25  ──────────────────────────────────────────────────
00:39:37    ✅ STEP 3 完了  (132.1秒)
00:39:37  ──────────────────────────────────────────────────
00:39:37    STEP 4: フライングデータ → マスタ反映
00:39:37  ──────────────────────────────────────────────────
00:39:38    ✅ STEP 4 完了  (0.9秒)
00:39:38  ──────────────────────────────────────────────────
00:39:38    STEP 5: 指数計算・新聞・PNG 出力 (全場)
00:39:38  ──────────────────────────────────────────────────
01:01:22    ✅ STEP 5 完了  (1304.4秒)
01:01:22  =======================================================
01:01:22  ✅ 全処理完了！  (2026-04-22)
01:01:22     ログ: C:\Users\user\Desktop\データ収集\scripts\logs\20260422.log
01:01:22  =======================================================
01:01:22    Discord 投稿時刻: 06:30
01:01:22  ──────────────────────────────────────────────────
01:01:22    STEP 6: Discord 新聞投稿 (06:30 予約)
01:01:22  ──────────────────────────────────────────────────
06:33:01    ✅ STEP 6 完了  (19899.2秒)
06:33:01  ──────────────────────────────────────────────────
06:33:01    STEP 7: 日次バックテスト突合 (lr_backtest --all)
06:33:01  ──────────────────────────────────────────────────
06:33:04    ✅ STEP 7 完了  (2.6秒)
06:33:04    correction_params.json を更新しました。
