00:32:03  =======================================================
00:32:03    ボートリサーチ 全自動処理
00:32:03    対象日付 : 2026-04-10
00:32:03    ログ     : C:\Users\user\Desktop\データ収集\scripts\logs\20260410.log
00:32:03  =======================================================
00:32:03  ──────────────────────────────────────────────────
00:32:03    STEP 1: 番組表 LZH ダウンロード
00:32:03  ──────────────────────────────────────────────────
00:32:23    ✅ STEP 1 完了  (20.0秒)
00:32:23  ──────────────────────────────────────────────────
00:32:23    STEP 2: LZH → CSV 変換
00:32:23  ──────────────────────────────────────────────────
00:32:23    ✅ STEP 2 完了  (0.5秒)
00:32:23  ──────────────────────────────────────────────────
00:32:23    STEP 3: フライング情報取得 (全場)
00:32:23  ──────────────────────────────────────────────────
00:34:42    ✅ STEP 3 完了  (138.5秒)
00:34:42  ──────────────────────────────────────────────────
00:34:42    STEP 4: フライングデータ → マスタ反映
00:34:42  ──────────────────────────────────────────────────
00:34:44    ✅ STEP 4 完了  (1.8秒)
00:34:44  ──────────────────────────────────────────────────
00:34:44    STEP 5: 指数計算・新聞・PNG 出力 (全場)
00:34:44  ──────────────────────────────────────────────────
00:50:34    ✅ STEP 5 完了  (950.4秒)
00:50:34  =======================================================
00:50:34  ✅ 全処理完了！  (2026-04-10)
00:50:34     ログ: C:\Users\user\Desktop\データ収集\scripts\logs\20260410.log
00:50:34  =======================================================
00:50:34    Discord 投稿時刻: 06:30
00:50:34  ──────────────────────────────────────────────────
00:50:34    STEP 6: Discord 新聞投稿 (06:30 予約)
00:50:34  ──────────────────────────────────────────────────
06:32:09    ✅ STEP 6 完了  (20494.7秒)
09:30:37  =======================================================
09:30:37    ボートリサーチ 全自動処理
09:30:37    対象日付 : 2026-04-10
09:30:37    ログ     : C:\Users\user\Desktop\データ収集\scripts\logs\20260410.log
09:30:37  =======================================================
09:30:37    [SKIP] STEP0: 前日結果取得（--skip-results 指定）
09:30:37    [SKIP] STEP2: --from-step 5 のためスキップ
09:30:37  ──────────────────────────────────────────────────
09:30:37    STEP 5: 指数計算・新聞・PNG 出力 (全場)
09:30:37  ──────────────────────────────────────────────────
09:54:30    ✅ STEP 5 完了  (1432.7秒)
09:54:30  =======================================================
09:54:30  ✅ 全処理完了！  (2026-04-10)
09:54:30     ログ: C:\Users\user\Desktop\データ収集\scripts\logs\20260410.log
09:54:30  =======================================================
09:54:30    Discord 投稿時刻: 06:30
09:54:30  ──────────────────────────────────────────────────
09:54:30    STEP 6: Discord 新聞投稿 (06:30 予約)
09:54:30  ──────────────────────────────────────────────────
