00:32:03  =======================================================
00:32:03    ボートリサーチ 全自動処理
00:32:03    対象日付 : 2026-05-28
00:32:03    ログ     : C:\Users\user\Desktop\データ収集\scripts\logs\20260528.log
00:32:03  =======================================================
00:32:03  ──────────────────────────────────────────────────
00:32:03    STEP 0: 前日結果CSV取得 (20260527)
00:32:03  ──────────────────────────────────────────────────
00:32:06    ⚠️  STEP 0 終了コード 1  (3.1秒)  → 続行します
00:32:06  ──────────────────────────────────────────────────
00:32:06    STEP 1: 番組表 LZH ダウンロード
00:32:06  ──────────────────────────────────────────────────
00:32:26    ✅ STEP 1 完了  (20.3秒)
00:32:26  ──────────────────────────────────────────────────
00:32:26    STEP 2: LZH → CSV 変換
00:32:26  ──────────────────────────────────────────────────
00:32:26    ✅ STEP 2 完了  (0.4秒)
00:32:26  ──────────────────────────────────────────────────
00:32:26    STEP 3: Motor 2-rate scraping
00:32:26  ──────────────────────────────────────────────────
00:37:27    ❌ STEP 3 タイムアウト (300秒)
00:37:27  ──────────────────────────────────────────────────
00:37:27    STEP 3: フライング情報取得 (全場)
00:37:27  ──────────────────────────────────────────────────
00:39:43    ✅ STEP 3 完了  (136.3秒)
00:39:43  ──────────────────────────────────────────────────
00:39:43    STEP 4: フライングデータ → マスタ反映
00:39:43  ──────────────────────────────────────────────────
00:39:44    ✅ STEP 4 完了  (1.4秒)
00:39:44  ──────────────────────────────────────────────────
00:39:44    STEP 5: 指数計算・新聞・PNG 出力 (全場)
00:39:44  ──────────────────────────────────────────────────
00:55:23    ✅ STEP 5 完了  (938.6秒)
00:55:23  =======================================================
00:55:23  ✅ 全処理完了！  (2026-05-28)
00:55:23     ログ: C:\Users\user\Desktop\データ収集\scripts\logs\20260528.log
00:55:23  =======================================================
00:55:23    Discord 投稿時刻: 06:30
00:55:23  ──────────────────────────────────────────────────
00:55:23    STEP 6: Discord 新聞投稿 (06:30 予約)
00:55:23  ──────────────────────────────────────────────────
06:32:38    ✅ STEP 6 完了  (20235.3秒)
06:32:38  ──────────────────────────────────────────────────
06:32:38    STEP 7: 日次バックテスト突合 (lr_backtest --all)
06:32:38  ──────────────────────────────────────────────────
06:32:41    ✅ STEP 7 完了  (2.4秒)
06:32:41    correction_params.json を更新しました。
10:10:17  =======================================================
10:10:17    ボートリサーチ 全自動処理
10:10:17    対象日付 : 2026-05-28
10:10:17    ログ     : C:\Users\user\Desktop\データ収集\scripts\logs\20260528.log
10:10:17  =======================================================
10:10:17  ──────────────────────────────────────────────────
10:10:17    STEP 0: 前日結果CSV取得 (20260527)
10:10:17  ──────────────────────────────────────────────────
10:10:19    ⚠️  STEP 0 終了コード 1  (1.7秒)  → 続行します
10:10:19  ──────────────────────────────────────────────────
10:10:19    STEP 1: 番組表 LZH ダウンロード
10:10:19  ──────────────────────────────────────────────────
10:10:39    ✅ STEP 1 完了  (19.9秒)
10:10:39  ──────────────────────────────────────────────────
10:10:39    STEP 2: LZH → CSV 変換
10:10:39  ──────────────────────────────────────────────────
10:10:39    ✅ STEP 2 完了  (0.4秒)
10:10:39  ──────────────────────────────────────────────────
10:10:39    STEP 3: Motor 2-rate scraping
10:10:39  ──────────────────────────────────────────────────
10:15:39    ❌ STEP 3 タイムアウト (300秒)
10:15:39  ──────────────────────────────────────────────────
10:15:39    STEP 3: フライング情報取得 (全場)
10:15:39  ──────────────────────────────────────────────────
10:17:55    ✅ STEP 3 完了  (135.3秒)
10:17:55  ──────────────────────────────────────────────────
10:17:55    STEP 4: フライングデータ → マスタ反映
10:17:55  ──────────────────────────────────────────────────
10:17:56    ✅ STEP 4 完了  (1.0秒)
10:17:56  ──────────────────────────────────────────────────
10:17:56    STEP 5: 指数計算・新聞・PNG 出力 (全場)
10:17:56  ──────────────────────────────────────────────────
