00:32:03  =======================================================
00:32:03    ボートリサーチ 全自動処理
00:32:03    対象日付 : 2026-06-14
00:32:03    ログ     : C:\Users\user\Desktop\データ収集\scripts\logs\20260614.log
00:32:03  =======================================================
00:32:03  ──────────────────────────────────────────────────
00:32:03    STEP 0: 前日結果CSV取得 (20260613)
00:32:03  ──────────────────────────────────────────────────
00:32:07    ⚠️  STEP 0 終了コード 1  (3.8秒)  → 続行します
00:32:07  ──────────────────────────────────────────────────
00:32:07    STEP 1: 番組表 LZH ダウンロード
00:32:07  ──────────────────────────────────────────────────
00:32:27    ✅ STEP 1 完了  (19.6秒)
00:32:27  ──────────────────────────────────────────────────
00:32:27    STEP 2: LZH → CSV 変換
00:32:27  ──────────────────────────────────────────────────
00:32:27    ✅ STEP 2 完了  (0.6秒)
00:32:27  ──────────────────────────────────────────────────
00:32:27    STEP 3: Motor 2-rate scraping
00:32:27  ──────────────────────────────────────────────────
00:37:27    ❌ STEP 3 タイムアウト (300秒)
00:37:27  ──────────────────────────────────────────────────
00:37:27    STEP 3: フライング情報取得 (全場)
00:37:27  ──────────────────────────────────────────────────
00:39:44    ✅ STEP 3 完了  (136.6秒)
00:39:44  ──────────────────────────────────────────────────
00:39:44    STEP 4: フライングデータ → マスタ反映
00:39:44  ──────────────────────────────────────────────────
00:39:45    ✅ STEP 4 完了  (1.0秒)
00:39:45  ──────────────────────────────────────────────────
00:39:45    STEP 5: 指数計算・新聞・PNG 出力 (全場)
00:39:45  ──────────────────────────────────────────────────
00:59:18    ✅ STEP 5 完了  (1173.2秒)
00:59:18  =======================================================
00:59:18  ✅ 全処理完了！  (2026-06-14)
00:59:18     ログ: C:\Users\user\Desktop\データ収集\scripts\logs\20260614.log
00:59:18  =======================================================
00:59:18    Discord 投稿時刻: 06:30
00:59:18  ──────────────────────────────────────────────────
00:59:18    STEP 6: Discord 新聞投稿 (06:30 予約)
00:59:18  ──────────────────────────────────────────────────
06:32:40    ✅ STEP 6 完了  (20002.0秒)
06:32:40  ──────────────────────────────────────────────────
06:32:40    STEP 7: 日次バックテスト突合 (lr_backtest --all)
06:32:40  ──────────────────────────────────────────────────
06:32:42    ✅ STEP 7 完了  (1.8秒)
06:32:42    correction_params.json を更新しました。
