00:32:02  =======================================================
00:32:02    ボートリサーチ 全自動処理
00:32:02    対象日付 : 2026-04-12
00:32:02    ログ     : C:\Users\user\Desktop\データ収集\scripts\logs\20260412.log
00:32:02  =======================================================
00:32:02  ──────────────────────────────────────────────────
00:32:02    STEP 0: 前日結果CSV取得 (20260411)
00:32:02  ──────────────────────────────────────────────────
00:37:02    ❌ STEP 0 タイムアウト (300秒)
00:37:02  ──────────────────────────────────────────────────
00:37:02    STEP 1: 番組表 LZH ダウンロード
00:37:02  ──────────────────────────────────────────────────
00:37:22    ✅ STEP 1 完了  (19.9秒)
00:37:22  ──────────────────────────────────────────────────
00:37:22    STEP 2: LZH → CSV 変換
00:37:22  ──────────────────────────────────────────────────
00:37:23    ✅ STEP 2 完了  (1.3秒)
00:37:23  ──────────────────────────────────────────────────
00:37:23    STEP 3: Motor 2-rate scraping
00:37:23  ──────────────────────────────────────────────────
00:42:24    ❌ STEP 3 タイムアウト (300秒)
00:42:24  ──────────────────────────────────────────────────
00:42:24    STEP 3: フライング情報取得 (全場)
00:42:24  ──────────────────────────────────────────────────
00:45:48    ✅ STEP 3 完了  (204.2秒)
00:45:48  ──────────────────────────────────────────────────
00:45:48    STEP 4: フライングデータ → マスタ反映
00:45:48  ──────────────────────────────────────────────────
00:45:50    ✅ STEP 4 完了  (2.4秒)
00:45:50  ──────────────────────────────────────────────────
00:45:50    STEP 5: 指数計算・新聞・PNG 出力 (全場)
00:45:50  ──────────────────────────────────────────────────
01:20:26    ✅ STEP 5 完了  (2075.6秒)
01:20:26  =======================================================
01:20:26  ✅ 全処理完了！  (2026-04-12)
01:20:26     ログ: C:\Users\user\Desktop\データ収集\scripts\logs\20260412.log
01:20:26  =======================================================
01:20:26    Discord 投稿時刻: 06:30
01:20:26  ──────────────────────────────────────────────────
01:20:26    STEP 6: Discord 新聞投稿 (06:30 予約)
01:20:26  ──────────────────────────────────────────────────
06:34:02    ✅ STEP 6 完了  (18816.3秒)
06:34:02  ──────────────────────────────────────────────────
06:34:02    STEP 7: 日次バックテスト突合 (lr_backtest --all)
06:34:02  ──────────────────────────────────────────────────
06:34:05    ✅ STEP 7 完了  (2.4秒)
06:34:05    correction_params.json を更新しました。
