00:32:03  =======================================================
00:32:03    ボートリサーチ 全自動処理
00:32:03    対象日付 : 2026-04-18
00:32:03    ログ     : C:\Users\user\Desktop\データ収集\scripts\logs\20260418.log
00:32:03  =======================================================
00:32:03  ──────────────────────────────────────────────────
00:32:03    STEP 0: 前日結果CSV取得 (20260417)
00:32:03  ──────────────────────────────────────────────────
00:37:03    ❌ STEP 0 タイムアウト (300秒)
00:37:03  ──────────────────────────────────────────────────
00:37:03    STEP 1: 番組表 LZH ダウンロード
00:37:03  ──────────────────────────────────────────────────
00:37:22    ✅ STEP 1 完了  (19.2秒)
00:37:22  ──────────────────────────────────────────────────
00:37:22    STEP 2: LZH → CSV 変換
00:37:22  ──────────────────────────────────────────────────
00:37:23    ✅ STEP 2 完了  (0.4秒)
00:37:23  ──────────────────────────────────────────────────
00:37:23    STEP 3: Motor 2-rate scraping
00:37:23  ──────────────────────────────────────────────────
00:42:23    ❌ STEP 3 タイムアウト (300秒)
00:42:23  ──────────────────────────────────────────────────
00:42:23    STEP 3: フライング情報取得 (全場)
00:42:23  ──────────────────────────────────────────────────
00:44:35    ✅ STEP 3 完了  (132.5秒)
00:44:35  ──────────────────────────────────────────────────
00:44:35    STEP 4: フライングデータ → マスタ反映
00:44:35  ──────────────────────────────────────────────────
00:44:36    ✅ STEP 4 完了  (0.9秒)
00:44:36  ──────────────────────────────────────────────────
00:44:36    STEP 5: 指数計算・新聞・PNG 出力 (全場)
00:44:36  ──────────────────────────────────────────────────
01:02:51    ✅ STEP 5 完了  (1094.8秒)
01:02:51  =======================================================
01:02:51  ✅ 全処理完了！  (2026-04-18)
01:02:51     ログ: C:\Users\user\Desktop\データ収集\scripts\logs\20260418.log
01:02:51  =======================================================
01:02:51    Discord 投稿時刻: 06:30
01:02:51  ──────────────────────────────────────────────────
01:02:51    STEP 6: Discord 新聞投稿 (06:30 予約)
01:02:51  ──────────────────────────────────────────────────
06:33:21    ✅ STEP 6 完了  (19829.9秒)
06:33:21  ──────────────────────────────────────────────────
06:33:21    STEP 7: 日次バックテスト突合 (lr_backtest --all)
06:33:21  ──────────────────────────────────────────────────
06:33:23    ✅ STEP 7 完了  (2.5秒)
06:33:23    correction_params.json を更新しました。
