00:32:01  =======================================================
00:32:01    ボートリサーチ 全自動処理
00:32:01    対象日付 : 2026-05-15
00:32:01    ログ     : C:\Users\user\Desktop\データ収集\scripts\logs\20260515.log
00:32:01  =======================================================
00:32:01  ──────────────────────────────────────────────────
00:32:01    STEP 0: 前日結果CSV取得 (20260514)
00:32:01  ──────────────────────────────────────────────────
00:32:03    ⚠️  STEP 0 終了コード 1  (1.7秒)  → 続行します
00:32:03  ──────────────────────────────────────────────────
00:32:03    STEP 1: 番組表 LZH ダウンロード
00:32:03  ──────────────────────────────────────────────────
00:32:25    ✅ STEP 1 完了  (22.2秒)
00:32:25  ──────────────────────────────────────────────────
00:32:25    STEP 2: LZH → CSV 変換
00:32:25  ──────────────────────────────────────────────────
00:32:26    ✅ STEP 2 完了  (0.4秒)
00:32:26  ──────────────────────────────────────────────────
00:32:26    STEP 3: Motor 2-rate scraping
00:32:26  ──────────────────────────────────────────────────
00:37:26    ❌ STEP 3 タイムアウト (300秒)
00:37:26  ──────────────────────────────────────────────────
00:37:26    STEP 3: フライング情報取得 (全場)
00:37:26  ──────────────────────────────────────────────────
00:39:40    ✅ STEP 3 完了  (134.0秒)
00:39:40  ──────────────────────────────────────────────────
00:39:40    STEP 4: フライングデータ → マスタ反映
00:39:40  ──────────────────────────────────────────────────
00:39:41    ✅ STEP 4 完了  (1.1秒)
00:39:41  ──────────────────────────────────────────────────
00:39:41    STEP 5: 指数計算・新聞・PNG 出力 (全場)
00:39:41  ──────────────────────────────────────────────────
00:59:38    ✅ STEP 5 完了  (1197.3秒)
00:59:38  =======================================================
00:59:38  ✅ 全処理完了！  (2026-05-15)
00:59:38     ログ: C:\Users\user\Desktop\データ収集\scripts\logs\20260515.log
00:59:38  =======================================================
00:59:38    Discord 投稿時刻: 06:30
00:59:38  ──────────────────────────────────────────────────
00:59:38    STEP 6: Discord 新聞投稿 (06:30 予約)
00:59:38  ──────────────────────────────────────────────────
06:32:52    ✅ STEP 6 完了  (19993.9秒)
06:32:52  ──────────────────────────────────────────────────
06:32:52    STEP 7: 日次バックテスト突合 (lr_backtest --all)
06:32:52  ──────────────────────────────────────────────────
06:32:54    ✅ STEP 7 完了  (1.8秒)
06:32:54    correction_params.json を更新しました。
