00:32:06  =======================================================
00:32:06    ボートリサーチ 全自動処理
00:32:06    対象日付 : 2026-04-11
00:32:06    ログ     : C:\Users\user\Desktop\データ収集\scripts\logs\20260411.log
00:32:06  =======================================================
00:32:06  ──────────────────────────────────────────────────
00:32:06    STEP 0: 前日結果CSV取得 (20260410)
00:32:06  ──────────────────────────────────────────────────
00:37:06    ❌ STEP 0 タイムアウト (300秒)
00:37:06  ──────────────────────────────────────────────────
00:37:06    STEP 1: 番組表 LZH ダウンロード
00:37:06  ──────────────────────────────────────────────────
00:37:29    ✅ STEP 1 完了  (22.9秒)
00:37:29  ──────────────────────────────────────────────────
00:37:29    STEP 2: LZH → CSV 変換
00:37:29  ──────────────────────────────────────────────────
00:37:30    ✅ STEP 2 完了  (1.3秒)
00:37:30  ──────────────────────────────────────────────────
00:37:30    STEP 3: Motor 2-rate scraping
00:37:30  ──────────────────────────────────────────────────
00:42:30    ❌ STEP 3 タイムアウト (300秒)
00:42:30  ──────────────────────────────────────────────────
00:42:30    STEP 3: フライング情報取得 (全場)
00:42:30  ──────────────────────────────────────────────────
00:45:25    ✅ STEP 3 完了  (175.2秒)
00:45:25  ──────────────────────────────────────────────────
00:45:25    STEP 4: フライングデータ → マスタ反映
00:45:25  ──────────────────────────────────────────────────
00:45:26    ✅ STEP 4 完了  (0.9秒)
00:45:26  ──────────────────────────────────────────────────
00:45:26    STEP 5: 指数計算・新聞・PNG 出力 (全場)
00:45:26  ──────────────────────────────────────────────────
01:03:25    ✅ STEP 5 完了  (1079.2秒)
01:03:25  =======================================================
01:03:25  ✅ 全処理完了！  (2026-04-11)
01:03:25     ログ: C:\Users\user\Desktop\データ収集\scripts\logs\20260411.log
01:03:25  =======================================================
01:03:25    Discord 投稿時刻: 06:30
01:03:25  ──────────────────────────────────────────────────
01:03:25    STEP 6: Discord 新聞投稿 (06:30 予約)
01:03:25  ──────────────────────────────────────────────────
06:32:36    ✅ STEP 6 完了  (19750.6秒)
06:32:36  ──────────────────────────────────────────────────
06:32:36    STEP 7: 日次バックテスト突合 (lr_backtest --all)
06:32:36  ──────────────────────────────────────────────────
06:32:37    ✅ STEP 7 完了  (0.9秒)
06:32:37    correction_params.json を更新しました。
