10:12:58  =======================================================
10:12:58    ボートリサーチ 全自動処理
10:12:58    対象日付 : 2026-04-03
10:12:58    ログ     : C:\Users\user\Desktop\データ収集\scripts\logs\20260403.log
10:12:58  =======================================================
10:12:58  ❌ 以下のスクリプトが見つかりません:
10:12:58     C:\Users\user\Desktop\データ収集\scripts\scrape_flying.py
10:12:58  ──────────────────────────────────────────────────
10:12:58    STEP 1: 番組表 LZH ダウンロード
10:12:58  ──────────────────────────────────────────────────
10:13:20    ✅ STEP 1 完了  (21.5秒)
10:13:20  ──────────────────────────────────────────────────
10:13:20    STEP 2: LZH → CSV 変換
10:13:20  ──────────────────────────────────────────────────
10:13:20    ✅ STEP 2 完了  (0.3秒)
10:13:20  ──────────────────────────────────────────────────
10:13:20    STEP 3: フライング情報取得 (全場)
10:13:20  ──────────────────────────────────────────────────
10:13:20    ⚠️  STEP 3 終了コード 2  (0.1秒)  → 続行します
10:13:20  ──────────────────────────────────────────────────
10:13:20    STEP 4: フライングデータ → マスタ反映
10:13:20  ──────────────────────────────────────────────────
10:13:21    ✅ STEP 4 完了  (0.7秒)
10:13:21  ──────────────────────────────────────────────────
10:13:21    STEP 5: 指数計算・新聞・PNG 出力 (全場)
10:13:21  ──────────────────────────────────────────────────
10:18:01  =======================================================
10:18:01    ボートリサーチ 全自動処理
10:18:01    対象日付 : 2026-04-03
10:18:01    ログ     : C:\Users\user\Desktop\データ収集\scripts\logs\20260403.log
10:18:01  =======================================================
10:18:01  ──────────────────────────────────────────────────
10:18:01    STEP 1: 番組表 LZH ダウンロード
10:18:01  ──────────────────────────────────────────────────
10:18:21    ✅ STEP 1 完了  (20.2秒)
10:18:21  ──────────────────────────────────────────────────
10:18:21    STEP 2: LZH → CSV 変換
10:18:21  ──────────────────────────────────────────────────
10:18:21    ✅ STEP 2 完了  (0.3秒)
10:18:21  ──────────────────────────────────────────────────
10:18:21    STEP 3: フライング情報取得 (全場)
10:18:21  ──────────────────────────────────────────────────
10:21:07    ✅ STEP 3 完了  (165.4秒)
10:21:07  ──────────────────────────────────────────────────
10:21:07    STEP 4: フライングデータ → マスタ反映
10:21:07  ──────────────────────────────────────────────────
10:21:07    ✅ STEP 4 完了  (0.9秒)
10:21:07  ──────────────────────────────────────────────────
10:21:07    STEP 5: 指数計算・新聞・PNG 出力 (全場)
10:21:07  ──────────────────────────────────────────────────
10:39:47    ✅ STEP 5 完了  (1117.5秒)
10:39:47  =======================================================
10:39:47  ✅ 全処理完了！  (2026-04-03)
10:39:47     ログ: C:\Users\user\Desktop\データ収集\scripts\logs\20260403.log
10:39:47  =======================================================
