00:32:02  =======================================================
00:32:02    ボートリサーチ 全自動処理
00:32:02    対象日付 : 2026-05-16
00:32:02    ログ     : C:\Users\user\Desktop\データ収集\scripts\logs\20260516.log
00:32:02  =======================================================
00:32:02  ──────────────────────────────────────────────────
00:32:02    STEP 0: 前日結果CSV取得 (20260515)
00:32:02  ──────────────────────────────────────────────────
00:32:06    ⚠️  STEP 0 終了コード 1  (3.8秒)  → 続行します
00:32:06  ──────────────────────────────────────────────────
00:32:06    STEP 1: 番組表 LZH ダウンロード
00:32:06  ──────────────────────────────────────────────────
00:32:24    ✅ STEP 1 完了  (18.5秒)
00:32:24  ──────────────────────────────────────────────────
00:32:24    STEP 2: LZH → CSV 変換
00:32:24  ──────────────────────────────────────────────────
00:32:25    ✅ STEP 2 完了  (0.5秒)
00:32:25  ──────────────────────────────────────────────────
00:32:25    STEP 3: Motor 2-rate scraping
00:32:25  ──────────────────────────────────────────────────
00:37:25    ❌ STEP 3 タイムアウト (300秒)
00:37:25  ──────────────────────────────────────────────────
00:37:25    STEP 3: フライング情報取得 (全場)
00:37:25  ──────────────────────────────────────────────────
00:39:58    ✅ STEP 3 完了  (153.5秒)
00:39:58  ──────────────────────────────────────────────────
00:39:58    STEP 4: フライングデータ → マスタ反映
00:39:58  ──────────────────────────────────────────────────
00:39:59    ✅ STEP 4 完了  (0.9秒)
00:39:59  ──────────────────────────────────────────────────
00:39:59    STEP 5: 指数計算・新聞・PNG 出力 (全場)
00:39:59  ──────────────────────────────────────────────────
01:03:54    ✅ STEP 5 完了  (1434.4秒)
01:03:54  =======================================================
01:03:54  ✅ 全処理完了！  (2026-05-16)
01:03:54     ログ: C:\Users\user\Desktop\データ収集\scripts\logs\20260516.log
01:03:54  =======================================================
01:03:54    Discord 投稿時刻: 06:30
01:03:54  ──────────────────────────────────────────────────
01:03:54    STEP 6: Discord 新聞投稿 (06:30 予約)
01:03:54  ──────────────────────────────────────────────────
06:32:55    ✅ STEP 6 完了  (19741.5秒)
06:32:55  ──────────────────────────────────────────────────
06:32:55    STEP 7: 日次バックテスト突合 (lr_backtest --all)
06:32:55  ──────────────────────────────────────────────────
06:32:57    ✅ STEP 7 完了  (1.6秒)
06:32:57    correction_params.json を更新しました。
