00:32:03  =======================================================
00:32:03    ボートリサーチ 全自動処理
00:32:03    対象日付 : 2026-05-01
00:32:03    ログ     : C:\Users\user\Desktop\データ収集\scripts\logs\20260501.log
00:32:03  =======================================================
00:32:03  ──────────────────────────────────────────────────
00:32:03    STEP 0: 前日結果CSV取得 (20260430)
00:32:03  ──────────────────────────────────────────────────
00:32:06    ⚠️  STEP 0 終了コード 1  (3.8秒)  → 続行します
00:32:06  ──────────────────────────────────────────────────
00:32:06    STEP 1: 番組表 LZH ダウンロード
00:32:06  ──────────────────────────────────────────────────
00:32:28    ✅ STEP 1 完了  (21.2秒)
00:32:28  ──────────────────────────────────────────────────
00:32:28    STEP 2: LZH → CSV 変換
00:32:28  ──────────────────────────────────────────────────
00:32:28    ✅ STEP 2 完了  (0.4秒)
00:32:28  ──────────────────────────────────────────────────
00:32:28    STEP 3: Motor 2-rate scraping
00:32:28  ──────────────────────────────────────────────────
00:37:28    ❌ STEP 3 タイムアウト (300秒)
00:37:28  ──────────────────────────────────────────────────
00:37:28    STEP 3: フライング情報取得 (全場)
00:37:28  ──────────────────────────────────────────────────
00:39:38    ✅ STEP 3 完了  (129.9秒)
00:39:38  ──────────────────────────────────────────────────
00:39:38    STEP 4: フライングデータ → マスタ反映
00:39:38  ──────────────────────────────────────────────────
00:39:39    ✅ STEP 4 完了  (0.9秒)
00:39:39  ──────────────────────────────────────────────────
00:39:39    STEP 5: 指数計算・新聞・PNG 出力 (全場)
00:39:39  ──────────────────────────────────────────────────
00:59:02    ✅ STEP 5 完了  (1163.5秒)
00:59:02  =======================================================
00:59:02  ✅ 全処理完了！  (2026-05-01)
00:59:02     ログ: C:\Users\user\Desktop\データ収集\scripts\logs\20260501.log
00:59:02  =======================================================
00:59:02    Discord 投稿時刻: 06:30
00:59:02  ──────────────────────────────────────────────────
00:59:02    STEP 6: Discord 新聞投稿 (06:30 予約)
00:59:02  ──────────────────────────────────────────────────
06:33:33    ✅ STEP 6 完了  (20070.4秒)
06:33:33  ──────────────────────────────────────────────────
06:33:33    STEP 7: 日次バックテスト突合 (lr_backtest --all)
06:33:33  ──────────────────────────────────────────────────
06:33:35    ✅ STEP 7 完了  (2.5秒)
06:33:35    correction_params.json を更新しました。
