00:32:01  =======================================================
00:32:01    ボートリサーチ 全自動処理
00:32:01    対象日付 : 2026-05-20
00:32:01    ログ     : C:\Users\user\Desktop\データ収集\scripts\logs\20260520.log
00:32:01  =======================================================
00:32:01  ──────────────────────────────────────────────────
00:32:01    STEP 0: 前日結果CSV取得 (20260519)
00:32:01  ──────────────────────────────────────────────────
00:32:03    ⚠️  STEP 0 終了コード 1  (1.5秒)  → 続行します
00:32:03  ──────────────────────────────────────────────────
00:32:03    STEP 1: 番組表 LZH ダウンロード
00:32:03  ──────────────────────────────────────────────────
00:32:22    ✅ STEP 1 完了  (19.0秒)
00:32:22  ──────────────────────────────────────────────────
00:32:22    STEP 2: LZH → CSV 変換
00:32:22  ──────────────────────────────────────────────────
00:32:22    ✅ STEP 2 完了  (0.3秒)
00:32:22  ──────────────────────────────────────────────────
00:32:22    STEP 3: Motor 2-rate scraping
00:32:22  ──────────────────────────────────────────────────
00:37:22    ❌ STEP 3 タイムアウト (300秒)
00:37:22  ──────────────────────────────────────────────────
00:37:22    STEP 3: フライング情報取得 (全場)
00:37:22  ──────────────────────────────────────────────────
00:39:29    ✅ STEP 3 完了  (126.9秒)
00:39:29  ──────────────────────────────────────────────────
00:39:29    STEP 4: フライングデータ → マスタ反映
00:39:29  ──────────────────────────────────────────────────
00:39:30    ✅ STEP 4 完了  (0.5秒)
00:39:30  ──────────────────────────────────────────────────
00:39:30    STEP 5: 指数計算・新聞・PNG 出力 (全場)
00:39:30  ──────────────────────────────────────────────────
00:55:40    ✅ STEP 5 完了  (970.0秒)
00:55:40  =======================================================
00:55:40  ✅ 全処理完了！  (2026-05-20)
00:55:40     ログ: C:\Users\user\Desktop\データ収集\scripts\logs\20260520.log
00:55:40  =======================================================
00:55:40    Discord 投稿時刻: 06:30
00:55:40  ──────────────────────────────────────────────────
00:55:40    STEP 6: Discord 新聞投稿 (06:30 予約)
00:55:40  ──────────────────────────────────────────────────
06:32:37    ✅ STEP 6 完了  (20216.7秒)
06:32:37  ──────────────────────────────────────────────────
06:32:37    STEP 7: 日次バックテスト突合 (lr_backtest --all)
06:32:37  ──────────────────────────────────────────────────
06:32:39    ✅ STEP 7 完了  (2.5秒)
06:32:39    correction_params.json を更新しました。
