00:32:02  =======================================================
00:32:02    ボートリサーチ 全自動処理
00:32:02    対象日付 : 2026-05-13
00:32:02    ログ     : C:\Users\user\Desktop\データ収集\scripts\logs\20260513.log
00:32:02  =======================================================
00:32:02  ──────────────────────────────────────────────────
00:32:02    STEP 0: 前日結果CSV取得 (20260512)
00:32:02  ──────────────────────────────────────────────────
00:32:03    ⚠️  STEP 0 終了コード 1  (1.6秒)  → 続行します
00:32:03  ──────────────────────────────────────────────────
00:32:03    STEP 1: 番組表 LZH ダウンロード
00:32:03  ──────────────────────────────────────────────────
00:32:22    ✅ STEP 1 完了  (19.0秒)
00:32:22  ──────────────────────────────────────────────────
00:32:22    STEP 2: LZH → CSV 変換
00:32:22  ──────────────────────────────────────────────────
00:32:23    ✅ STEP 2 完了  (0.4秒)
00:32:23  ──────────────────────────────────────────────────
00:32:23    STEP 3: Motor 2-rate scraping
00:32:23  ──────────────────────────────────────────────────
00:37:23    ❌ STEP 3 タイムアウト (300秒)
00:37:23  ──────────────────────────────────────────────────
00:37:23    STEP 3: フライング情報取得 (全場)
00:37:23  ──────────────────────────────────────────────────
00:39:35    ✅ STEP 3 完了  (132.4秒)
00:39:35  ──────────────────────────────────────────────────
00:39:35    STEP 4: フライングデータ → マスタ反映
00:39:35  ──────────────────────────────────────────────────
00:39:36    ✅ STEP 4 完了  (0.5秒)
00:39:36  ──────────────────────────────────────────────────
00:39:36    STEP 5: 指数計算・新聞・PNG 出力 (全場)
00:39:36  ──────────────────────────────────────────────────
01:01:48    ✅ STEP 5 完了  (1332.2秒)
01:01:48  =======================================================
01:01:48  ✅ 全処理完了！  (2026-05-13)
01:01:48     ログ: C:\Users\user\Desktop\データ収集\scripts\logs\20260513.log
01:01:48  =======================================================
01:01:48    Discord 投稿時刻: 06:30
01:01:48  ──────────────────────────────────────────────────
01:01:48    STEP 6: Discord 新聞投稿 (06:30 予約)
01:01:48  ──────────────────────────────────────────────────
06:33:18    ✅ STEP 6 完了  (19889.8秒)
06:33:18  ──────────────────────────────────────────────────
06:33:18    STEP 7: 日次バックテスト突合 (lr_backtest --all)
06:33:18  ──────────────────────────────────────────────────
06:33:19    ✅ STEP 7 完了  (1.3秒)
06:33:19    correction_params.json を更新しました。
