00:32:02  =======================================================
00:32:02    ボートリサーチ 全自動処理
00:32:02    対象日付 : 2026-05-26
00:32:02    ログ     : C:\Users\user\Desktop\データ収集\scripts\logs\20260526.log
00:32:02  =======================================================
00:32:02  ──────────────────────────────────────────────────
00:32:02    STEP 0: 前日結果CSV取得 (20260525)
00:32:02  ──────────────────────────────────────────────────
00:32:04    ⚠️  STEP 0 終了コード 1  (2.4秒)  → 続行します
00:32:04  ──────────────────────────────────────────────────
00:32:04    STEP 1: 番組表 LZH ダウンロード
00:32:04  ──────────────────────────────────────────────────
00:32:25    ✅ STEP 1 完了  (20.5秒)
00:32:25  ──────────────────────────────────────────────────
00:32:25    STEP 2: LZH → CSV 変換
00:32:25  ──────────────────────────────────────────────────
00:32:25    ✅ STEP 2 完了  (0.4秒)
00:32:25  ──────────────────────────────────────────────────
00:32:25    STEP 3: Motor 2-rate scraping
00:32:25  ──────────────────────────────────────────────────
00:37:25    ❌ STEP 3 タイムアウト (300秒)
00:37:25  ──────────────────────────────────────────────────
00:37:25    STEP 3: フライング情報取得 (全場)
00:37:25  ──────────────────────────────────────────────────
00:39:53    ✅ STEP 3 完了  (147.9秒)
00:39:53  ──────────────────────────────────────────────────
00:39:53    STEP 4: フライングデータ → マスタ反映
00:39:53  ──────────────────────────────────────────────────
00:39:54    ✅ STEP 4 完了  (1.1秒)
00:39:54  ──────────────────────────────────────────────────
00:39:54    STEP 5: 指数計算・新聞・PNG 出力 (全場)
00:39:54  ──────────────────────────────────────────────────
01:03:43    ✅ STEP 5 完了  (1428.8秒)
01:03:43  =======================================================
01:03:43  ✅ 全処理完了！  (2026-05-26)
01:03:43     ログ: C:\Users\user\Desktop\データ収集\scripts\logs\20260526.log
01:03:43  =======================================================
01:03:43    Discord 投稿時刻: 06:30
01:03:43  ──────────────────────────────────────────────────
01:03:43    STEP 6: Discord 新聞投稿 (06:30 予約)
01:03:43  ──────────────────────────────────────────────────
