00:32:03  =======================================================
00:32:03    ボートリサーチ 全自動処理
00:32:03    対象日付 : 2026-04-15
00:32:03    ログ     : C:\Users\user\Desktop\データ収集\scripts\logs\20260415.log
00:32:03  =======================================================
00:32:03  ──────────────────────────────────────────────────
00:32:03    STEP 0: 前日結果CSV取得 (20260414)
00:32:03  ──────────────────────────────────────────────────
00:37:03    ❌ STEP 0 タイムアウト (300秒)
00:37:03  ──────────────────────────────────────────────────
00:37:03    STEP 1: 番組表 LZH ダウンロード
00:37:03  ──────────────────────────────────────────────────
00:37:25    ✅ STEP 1 完了  (21.4秒)
00:37:25  ──────────────────────────────────────────────────
00:37:25    STEP 2: LZH → CSV 変換
00:37:25  ──────────────────────────────────────────────────
00:37:25    ✅ STEP 2 完了  (0.3秒)
00:37:25  ──────────────────────────────────────────────────
00:37:25    STEP 3: Motor 2-rate scraping
00:37:25  ──────────────────────────────────────────────────
00:42:25    ❌ STEP 3 タイムアウト (300秒)
00:42:25  ──────────────────────────────────────────────────
00:42:25    STEP 3: フライング情報取得 (全場)
00:42:25  ──────────────────────────────────────────────────
00:44:33    ✅ STEP 3 完了  (128.2秒)
00:44:33  ──────────────────────────────────────────────────
00:44:33    STEP 4: フライングデータ → マスタ反映
00:44:33  ──────────────────────────────────────────────────
00:44:34    ✅ STEP 4 完了  (0.9秒)
00:44:34  ──────────────────────────────────────────────────
00:44:34    STEP 5: 指数計算・新聞・PNG 出力 (全場)
00:44:34  ──────────────────────────────────────────────────
00:58:57    ✅ STEP 5 完了  (862.8秒)
00:58:57  =======================================================
00:58:57  ✅ 全処理完了！  (2026-04-15)
00:58:57     ログ: C:\Users\user\Desktop\データ収集\scripts\logs\20260415.log
00:58:57  =======================================================
00:58:57    Discord 投稿時刻: 06:30
00:58:57  ──────────────────────────────────────────────────
00:58:57    STEP 6: Discord 新聞投稿 (06:30 予約)
00:58:57  ──────────────────────────────────────────────────
06:32:42    ✅ STEP 6 完了  (20025.1秒)
06:32:42  ──────────────────────────────────────────────────
06:32:42    STEP 7: 日次バックテスト突合 (lr_backtest --all)
06:32:42  ──────────────────────────────────────────────────
06:32:44    ✅ STEP 7 完了  (1.7秒)
06:32:44    correction_params.json を更新しました。
