00:32:02  =======================================================
00:32:02    ボートリサーチ 全自動処理
00:32:02    対象日付 : 2026-04-27
00:32:02    ログ     : C:\Users\user\Desktop\データ収集\scripts\logs\20260427.log
00:32:02  =======================================================
00:32:02  ──────────────────────────────────────────────────
00:32:02    STEP 0: 前日結果CSV取得 (20260426)
00:32:02  ──────────────────────────────────────────────────
00:32:04    ⚠️  STEP 0 終了コード 1  (1.8秒)  → 続行します
00:32:04  ──────────────────────────────────────────────────
00:32:04    STEP 1: 番組表 LZH ダウンロード
00:32:04  ──────────────────────────────────────────────────
00:32:23    ✅ STEP 1 完了  (19.3秒)
00:32:23  ──────────────────────────────────────────────────
00:32:23    STEP 2: LZH → CSV 変換
00:32:23  ──────────────────────────────────────────────────
00:32:23    ✅ STEP 2 完了  (0.5秒)
00:32:23  ──────────────────────────────────────────────────
00:32:23    STEP 3: Motor 2-rate scraping
00:32:23  ──────────────────────────────────────────────────
00:37:23    ❌ STEP 3 タイムアウト (300秒)
00:37:23  ──────────────────────────────────────────────────
00:37:23    STEP 3: フライング情報取得 (全場)
00:37:23  ──────────────────────────────────────────────────
00:39:43    ✅ STEP 3 完了  (139.6秒)
00:39:43  ──────────────────────────────────────────────────
00:39:43    STEP 4: フライングデータ → マスタ反映
00:39:43  ──────────────────────────────────────────────────
00:39:44    ✅ STEP 4 完了  (0.9秒)
00:39:44  ──────────────────────────────────────────────────
00:39:44    STEP 5: 指数計算・新聞・PNG 出力 (全場)
00:39:44  ──────────────────────────────────────────────────
01:05:32    ✅ STEP 5 完了  (1548.3秒)
01:05:32  =======================================================
01:05:32  ✅ 全処理完了！  (2026-04-27)
01:05:32     ログ: C:\Users\user\Desktop\データ収集\scripts\logs\20260427.log
01:05:32  =======================================================
01:05:32    Discord 投稿時刻: 06:30
01:05:32  ──────────────────────────────────────────────────
01:05:32    STEP 6: Discord 新聞投稿 (06:30 予約)
01:05:32  ──────────────────────────────────────────────────
06:34:02    ✅ STEP 6 完了  (19710.0秒)
06:34:02  ──────────────────────────────────────────────────
06:34:02    STEP 7: 日次バックテスト突合 (lr_backtest --all)
06:34:02  ──────────────────────────────────────────────────
06:34:05    ✅ STEP 7 完了  (3.3秒)
06:34:05    correction_params.json を更新しました。
