00:32:01  =======================================================
00:32:01    ボートリサーチ 全自動処理
00:32:01    対象日付 : 2026-06-12
00:32:01    ログ     : C:\Users\user\Desktop\データ収集\scripts\logs\20260612.log
00:32:01  =======================================================
00:32:01  ──────────────────────────────────────────────────
00:32:01    STEP 0: 前日結果CSV取得 (20260611)
00:32:01  ──────────────────────────────────────────────────
00:32:03    ⚠️  STEP 0 終了コード 3221225786  (1.9秒)  → 続行します
00:39:43  =======================================================
00:39:43    ボートリサーチ 全自動処理
00:39:43    対象日付 : 2026-06-12
00:39:43    ログ     : C:\Users\user\Desktop\データ収集\scripts\logs\20260612.log
00:39:43  =======================================================
00:39:43  ──────────────────────────────────────────────────
00:39:43    STEP 0: 前日結果CSV取得 (20260611)
00:39:43  ──────────────────────────────────────────────────
00:39:45    ⚠️  STEP 0 終了コード 1  (2.8秒)  → 続行します
00:39:45  ──────────────────────────────────────────────────
00:39:45    STEP 1: 番組表 LZH ダウンロード
00:39:45  ──────────────────────────────────────────────────
00:40:03    ✅ STEP 1 完了  (18.0秒)
00:40:03  ──────────────────────────────────────────────────
00:40:03    STEP 2: LZH → CSV 変換
00:40:03  ──────────────────────────────────────────────────
00:40:04    ✅ STEP 2 完了  (0.4秒)
00:40:04  ──────────────────────────────────────────────────
00:40:04    STEP 3: Motor 2-rate scraping
00:40:04  ──────────────────────────────────────────────────
00:45:04    ❌ STEP 3 タイムアウト (300秒)
00:45:04  ──────────────────────────────────────────────────
00:45:04    STEP 3: フライング情報取得 (全場)
00:45:04  ──────────────────────────────────────────────────
00:47:30    ✅ STEP 3 完了  (146.2秒)
00:47:30  ──────────────────────────────────────────────────
00:47:30    STEP 4: フライングデータ → マスタ反映
00:47:30  ──────────────────────────────────────────────────
00:47:32    ✅ STEP 4 完了  (2.0秒)
00:47:32  ──────────────────────────────────────────────────
00:47:32    STEP 5: 指数計算・新聞・PNG 出力 (全場)
00:47:32  ──────────────────────────────────────────────────
01:12:04    ✅ STEP 5 完了  (1471.7秒)
01:12:04  =======================================================
01:12:04  ✅ 全処理完了！  (2026-06-12)
01:12:04     ログ: C:\Users\user\Desktop\データ収集\scripts\logs\20260612.log
01:12:04  =======================================================
01:12:04    Discord 投稿時刻: 06:30
01:12:04  ──────────────────────────────────────────────────
01:12:04    STEP 6: Discord 新聞投稿 (06:30 予約)
01:12:04  ──────────────────────────────────────────────────
06:31:33    ✅ STEP 6 完了  (19169.0秒)
06:31:33  ──────────────────────────────────────────────────
06:31:33    STEP 7: 日次バックテスト突合 (lr_backtest --all)
06:31:33  ──────────────────────────────────────────────────
06:31:41    ✅ STEP 7 完了  (8.0秒)
06:31:41    correction_params.json を更新しました。
06:51:17  =======================================================
06:51:17    ボートリサーチ 全自動処理
06:51:17    対象日付 : 2026-06-12
06:51:17    ログ     : C:\Users\user\Desktop\データ収集\scripts\logs\20260612.log
06:51:17  =======================================================
06:51:17  ──────────────────────────────────────────────────
06:51:17    STEP 0: 前日結果CSV取得 (20260611)
06:51:17  ──────────────────────────────────────────────────
06:51:20    ⚠️  STEP 0 終了コード 1  (2.9秒)  → 続行します
06:51:20  ──────────────────────────────────────────────────
06:51:20    STEP 1: 番組表 LZH ダウンロード
06:51:20  ──────────────────────────────────────────────────
06:51:39    ✅ STEP 1 完了  (18.9秒)
06:51:39  ──────────────────────────────────────────────────
06:51:39    STEP 2: LZH → CSV 変換
06:51:39  ──────────────────────────────────────────────────
06:51:40    ✅ STEP 2 完了  (0.7秒)
06:51:40  ──────────────────────────────────────────────────
06:51:40    STEP 3: Motor 2-rate scraping
06:51:40  ──────────────────────────────────────────────────
06:56:40    ❌ STEP 3 タイムアウト (300秒)
06:56:40  ──────────────────────────────────────────────────
06:56:40    STEP 3: フライング情報取得 (全場)
06:56:40  ──────────────────────────────────────────────────
06:59:28    ✅ STEP 3 完了  (168.1秒)
06:59:28  ──────────────────────────────────────────────────
06:59:28    STEP 4: フライングデータ → マスタ反映
06:59:28  ──────────────────────────────────────────────────
06:59:29    ✅ STEP 4 完了  (1.5秒)
06:59:29  ──────────────────────────────────────────────────
06:59:29    STEP 5: 指数計算・新聞・PNG 出力 (全場)
06:59:29  ──────────────────────────────────────────────────
07:14:01  =======================================================
07:14:01    ボートリサーチ 全自動処理
07:14:01    対象日付 : 2026-06-12
07:14:01    ログ     : C:\Users\user\Desktop\データ収集\scripts\logs\20260612.log
07:14:01  =======================================================
07:14:01  ──────────────────────────────────────────────────
07:14:01    STEP 0: 前日結果CSV取得 (20260611)
07:14:01  ──────────────────────────────────────────────────
07:14:04    ⚠️  STEP 0 終了コード 1  (2.4秒)  → 続行します
07:14:04  ──────────────────────────────────────────────────
07:14:04    STEP 1: 番組表 LZH ダウンロード
07:14:04  ──────────────────────────────────────────────────
07:14:25    ✅ STEP 1 完了  (21.4秒)
07:14:25  ──────────────────────────────────────────────────
07:14:25    STEP 2: LZH → CSV 変換
07:14:25  ──────────────────────────────────────────────────
07:14:26    ✅ STEP 2 完了  (0.6秒)
07:14:26  ──────────────────────────────────────────────────
07:14:26    STEP 3: Motor 2-rate scraping
07:14:26  ──────────────────────────────────────────────────
07:19:26    ❌ STEP 3 タイムアウト (300秒)
07:19:26  ──────────────────────────────────────────────────
07:19:26    STEP 3: フライング情報取得 (全場)
07:19:26  ──────────────────────────────────────────────────
07:22:11    ✅ STEP 3 完了  (165.0秒)
07:22:11  ──────────────────────────────────────────────────
07:22:11    STEP 4: フライングデータ → マスタ反映
07:22:11  ──────────────────────────────────────────────────
07:22:12    ✅ STEP 4 完了  (0.8秒)
07:22:12  ──────────────────────────────────────────────────
07:22:12    STEP 5: 指数計算・新聞・PNG 出力 (全場)
07:22:12  ──────────────────────────────────────────────────
07:35:46    ✅ STEP 5 完了  (814.2秒)
07:35:46  =======================================================
07:35:46  ✅ 全処理完了！  (2026-06-12)
07:35:46     ログ: C:\Users\user\Desktop\データ収集\scripts\logs\20260612.log
07:35:46  =======================================================
07:35:46    Discord 投稿時刻: 06:30
07:35:46  ──────────────────────────────────────────────────
07:35:46    STEP 6: Discord 新聞投稿 (06:30 予約)
07:35:46  ──────────────────────────────────────────────────
07:37:18    ✅ STEP 6 完了  (91.9秒)
07:37:18  ──────────────────────────────────────────────────
07:37:18    STEP 7: 日次バックテスト突合 (lr_backtest --all)
07:37:18  ──────────────────────────────────────────────────
07:37:20    ✅ STEP 7 完了  (2.5秒)
07:37:20    correction_params.json を更新しました。
