00:32:05  =======================================================
00:32:05    ボートリサーチ 全自動処理
00:32:05    対象日付 : 2026-06-19
00:32:05    ログ     : C:\Users\user\Desktop\データ収集\scripts\logs\20260619.log
00:32:05  =======================================================
00:32:05  ──────────────────────────────────────────────────
00:32:05    STEP 0: 前日結果CSV取得 (20260618)
00:32:05  ──────────────────────────────────────────────────
00:32:09    ⚠️  STEP 0 終了コード 1  (3.7秒)  → 続行します
00:32:09  ──────────────────────────────────────────────────
00:32:09    STEP 1: 番組表 LZH ダウンロード
00:32:09  ──────────────────────────────────────────────────
00:32:28    ✅ STEP 1 完了  (19.4秒)
00:32:28  ──────────────────────────────────────────────────
00:32:28    STEP 2: LZH → CSV 変換
00:32:28  ──────────────────────────────────────────────────
00:32:29    ✅ STEP 2 完了  (0.4秒)
00:32:29  ──────────────────────────────────────────────────
00:32:29    STEP 3: Motor 2-rate scraping
00:32:29  ──────────────────────────────────────────────────
00:37:29    ❌ STEP 3 タイムアウト (300秒)
00:37:29  ──────────────────────────────────────────────────
00:37:29    STEP 3: フライング情報取得 (全場)
00:37:29  ──────────────────────────────────────────────────
00:39:45    ✅ STEP 3 完了  (136.4秒)
00:39:45  ──────────────────────────────────────────────────
00:39:45    STEP 4: フライングデータ → マスタ反映
00:39:45  ──────────────────────────────────────────────────
00:39:46    ✅ STEP 4 完了  (0.9秒)
00:39:46  ──────────────────────────────────────────────────
00:39:46    STEP 5: 指数計算・新聞・PNG 出力 (全場)
00:39:46  ──────────────────────────────────────────────────
01:01:18    ✅ STEP 5 完了  (1291.6秒)
01:01:18  =======================================================
01:01:18  ✅ 全処理完了！  (2026-06-19)
01:01:18     ログ: C:\Users\user\Desktop\データ収集\scripts\logs\20260619.log
01:01:18  =======================================================
01:01:18    Discord 投稿時刻: 06:30
01:01:18  ──────────────────────────────────────────────────
01:01:18    STEP 6: Discord 新聞投稿 (06:30 予約)
01:01:18  ──────────────────────────────────────────────────
06:33:03    ✅ STEP 6 完了  (19905.2秒)
06:33:03  ──────────────────────────────────────────────────
06:33:03    STEP 7: 日次バックテスト突合 (lr_backtest --all)
06:33:03  ──────────────────────────────────────────────────
06:33:05    ✅ STEP 7 完了  (1.9秒)
06:33:05    correction_params.json を更新しました。
