00:32:02  =======================================================
00:32:02    ボートリサーチ 全自動処理
00:32:02    対象日付 : 2026-05-24
00:32:02    ログ     : C:\Users\user\Desktop\データ収集\scripts\logs\20260524.log
00:32:02  =======================================================
00:32:02  ──────────────────────────────────────────────────
00:32:02    STEP 0: 前日結果CSV取得 (20260523)
00:32:02  ──────────────────────────────────────────────────
00:32:05    ⚠️  STEP 0 終了コード 1  (3.2秒)  → 続行します
00:32:05  ──────────────────────────────────────────────────
00:32:05    STEP 1: 番組表 LZH ダウンロード
00:32:05  ──────────────────────────────────────────────────
00:32:25    ✅ STEP 1 完了  (19.4秒)
00:32:25  ──────────────────────────────────────────────────
00:32:25    STEP 2: LZH → CSV 変換
00:32:25  ──────────────────────────────────────────────────
00:32:25    ✅ STEP 2 完了  (0.4秒)
00:32:25  ──────────────────────────────────────────────────
00:32:25    STEP 3: Motor 2-rate scraping
00:32:25  ──────────────────────────────────────────────────
00:37:25    ❌ STEP 3 タイムアウト (300秒)
00:37:25  ──────────────────────────────────────────────────
00:37:25    STEP 3: フライング情報取得 (全場)
00:37:25  ──────────────────────────────────────────────────
00:39:34    ✅ STEP 3 完了  (129.2秒)
00:39:34  ──────────────────────────────────────────────────
00:39:34    STEP 4: フライングデータ → マスタ反映
00:39:34  ──────────────────────────────────────────────────
00:39:35    ✅ STEP 4 完了  (0.8秒)
00:39:35  ──────────────────────────────────────────────────
00:39:35    STEP 5: 指数計算・新聞・PNG 出力 (全場)
00:39:35  ──────────────────────────────────────────────────
00:54:30    ✅ STEP 5 完了  (894.6秒)
00:54:30  =======================================================
00:54:30  ✅ 全処理完了！  (2026-05-24)
00:54:30     ログ: C:\Users\user\Desktop\データ収集\scripts\logs\20260524.log
00:54:30  =======================================================
00:54:30    Discord 投稿時刻: 06:30
00:54:30  ──────────────────────────────────────────────────
00:54:30    STEP 6: Discord 新聞投稿 (06:30 予約)
00:54:30  ──────────────────────────────────────────────────
06:32:43    ✅ STEP 6 完了  (20293.7秒)
06:32:43  ──────────────────────────────────────────────────
06:32:43    STEP 7: 日次バックテスト突合 (lr_backtest --all)
06:32:43  ──────────────────────────────────────────────────
06:32:46    ✅ STEP 7 完了  (2.1秒)
06:32:46    correction_params.json を更新しました。
