00:32:03  =======================================================
00:32:03    ボートリサーチ 全自動処理
00:32:03    対象日付 : 2026-05-02
00:32:03    ログ     : C:\Users\user\Desktop\データ収集\scripts\logs\20260502.log
00:32:03  =======================================================
00:32:03  ──────────────────────────────────────────────────
00:32:03    STEP 0: 前日結果CSV取得 (20260501)
00:32:03  ──────────────────────────────────────────────────
00:32:06    ⚠️  STEP 0 終了コード 1  (3.9秒)  → 続行します
00:32:06  ──────────────────────────────────────────────────
00:32:06    STEP 1: 番組表 LZH ダウンロード
00:32:06  ──────────────────────────────────────────────────
00:32:27    ✅ STEP 1 完了  (20.6秒)
00:32:27  ──────────────────────────────────────────────────
00:32:27    STEP 2: LZH → CSV 変換
00:32:27  ──────────────────────────────────────────────────
00:32:27    ✅ STEP 2 完了  (0.4秒)
00:32:27  ──────────────────────────────────────────────────
00:32:27    STEP 3: Motor 2-rate scraping
00:32:27  ──────────────────────────────────────────────────
00:37:28    ❌ STEP 3 タイムアウト (300秒)
00:37:28  ──────────────────────────────────────────────────
00:37:28    STEP 3: フライング情報取得 (全場)
00:37:28  ──────────────────────────────────────────────────
00:39:46    ✅ STEP 3 完了  (138.5秒)
00:39:46  ──────────────────────────────────────────────────
00:39:46    STEP 4: フライングデータ → マスタ反映
00:39:46  ──────────────────────────────────────────────────
00:39:47    ✅ STEP 4 完了  (1.0秒)
00:39:47  ──────────────────────────────────────────────────
00:39:47    STEP 5: 指数計算・新聞・PNG 出力 (全場)
00:39:47  ──────────────────────────────────────────────────
01:02:37    ✅ STEP 5 完了  (1369.8秒)
01:02:37  =======================================================
01:02:37  ✅ 全処理完了！  (2026-05-02)
01:02:37     ログ: C:\Users\user\Desktop\データ収集\scripts\logs\20260502.log
01:02:37  =======================================================
01:02:37    Discord 投稿時刻: 06:30
01:02:37  ──────────────────────────────────────────────────
01:02:37    STEP 6: Discord 新聞投稿 (06:30 予約)
01:02:37  ──────────────────────────────────────────────────
