00:32:03  =======================================================
00:32:03    ボートリサーチ 全自動処理
00:32:03    対象日付 : 2026-04-21
00:32:03    ログ     : C:\Users\user\Desktop\データ収集\scripts\logs\20260421.log
00:32:03  =======================================================
00:32:03  ──────────────────────────────────────────────────
00:32:03    STEP 0: 前日結果CSV取得 (20260420)
00:32:03  ──────────────────────────────────────────────────
00:32:08    ⚠️  STEP 0 終了コード 1  (4.4秒)  → 続行します
00:32:08  ──────────────────────────────────────────────────
00:32:08    STEP 1: 番組表 LZH ダウンロード
00:32:08  ──────────────────────────────────────────────────
00:32:28    ✅ STEP 1 完了  (20.4秒)
00:32:28  ──────────────────────────────────────────────────
00:32:28    STEP 2: LZH → CSV 変換
00:32:28  ──────────────────────────────────────────────────
00:32:29    ✅ STEP 2 完了  (1.1秒)
00:32:29  ──────────────────────────────────────────────────
00:32:29    STEP 3: Motor 2-rate scraping
00:32:29  ──────────────────────────────────────────────────
00:37:29    ❌ STEP 3 タイムアウト (300秒)
00:37:29  ──────────────────────────────────────────────────
00:37:29    STEP 3: フライング情報取得 (全場)
00:37:29  ──────────────────────────────────────────────────
00:39:52    ✅ STEP 3 完了  (142.6秒)
00:39:52  ──────────────────────────────────────────────────
00:39:52    STEP 4: フライングデータ → マスタ反映
00:39:52  ──────────────────────────────────────────────────
00:39:54    ✅ STEP 4 完了  (2.4秒)
00:39:54  ──────────────────────────────────────────────────
00:39:54    STEP 5: 指数計算・新聞・PNG 出力 (全場)
00:39:54  ──────────────────────────────────────────────────
00:39:58    ✅ STEP 5 完了  (3.2秒)
00:39:58  =======================================================
00:39:58  ✅ 全処理完了！  (2026-04-21)
00:39:58     ログ: C:\Users\user\Desktop\データ収集\scripts\logs\20260421.log
00:39:58  =======================================================
00:39:58    Discord 投稿時刻: 06:30
00:39:58  ──────────────────────────────────────────────────
00:39:58    STEP 6: Discord 新聞投稿 (06:30 予約)
00:39:58  ──────────────────────────────────────────────────
06:30:18    ✅ STEP 6 完了  (21020.6秒)
06:30:18  ──────────────────────────────────────────────────
06:30:18    STEP 7: 日次バックテスト突合 (lr_backtest --all)
06:30:18  ──────────────────────────────────────────────────
06:30:21    ✅ STEP 7 完了  (2.7秒)
06:30:21    correction_params.json を更新しました。
08:40:08  =======================================================
08:40:08    ボートリサーチ 全自動処理
08:40:09    対象日付 : 2026-04-21
08:40:09    ログ     : C:\Users\user\Desktop\データ収集\scripts\logs\20260421.log
08:40:09  =======================================================
08:40:09  ──────────────────────────────────────────────────
08:40:09    STEP 0: 前日結果CSV取得 (20260420)
08:40:09  ──────────────────────────────────────────────────
08:40:11    ⚠️  STEP 0 終了コード 1  (2.9秒)  → 続行します
08:40:11  ──────────────────────────────────────────────────
08:40:11    STEP 1: 番組表 LZH ダウンロード
08:40:11  ──────────────────────────────────────────────────
08:40:32    ✅ STEP 1 完了  (20.4秒)
08:40:32  ──────────────────────────────────────────────────
08:40:32    STEP 2: LZH → CSV 変換
08:40:32  ──────────────────────────────────────────────────
08:40:32    ✅ STEP 2 完了  (0.4秒)
08:40:32  ──────────────────────────────────────────────────
08:40:32    STEP 3: Motor 2-rate scraping
08:40:32  ──────────────────────────────────────────────────
08:45:32    ❌ STEP 3 タイムアウト (300秒)
08:45:32  ──────────────────────────────────────────────────
08:45:32    STEP 3: フライング情報取得 (全場)
08:45:32  ──────────────────────────────────────────────────
08:47:45    ✅ STEP 3 完了  (132.4秒)
08:47:45  ──────────────────────────────────────────────────
08:47:45    STEP 4: フライングデータ → マスタ反映
08:47:45  ──────────────────────────────────────────────────
08:47:46    ✅ STEP 4 完了  (0.7秒)
08:47:46  ──────────────────────────────────────────────────
08:47:46    STEP 5: 指数計算・新聞・PNG 出力 (全場)
08:47:46  ──────────────────────────────────────────────────
09:10:39    ✅ STEP 5 完了  (1373.5秒)
09:10:39  =======================================================
09:10:39  ✅ 全処理完了！  (2026-04-21)
09:10:39     ログ: C:\Users\user\Desktop\データ収集\scripts\logs\20260421.log
09:10:39  =======================================================
09:10:39    Discord 投稿時刻: 06:30
09:10:39  ──────────────────────────────────────────────────
09:10:39    STEP 6: Discord 新聞投稿 (06:30 予約)
09:10:39  ──────────────────────────────────────────────────
09:11:24    ✅ STEP 6 完了  (44.6秒)
09:11:24  ──────────────────────────────────────────────────
09:11:24    STEP 7: 日次バックテスト突合 (lr_backtest --all)
09:11:24  ──────────────────────────────────────────────────
09:11:26    ✅ STEP 7 完了  (2.0秒)
09:11:26    correction_params.json を更新しました。
