00:32:02  =======================================================
00:32:02    ボートリサーチ 全自動処理
00:32:02    対象日付 : 2026-06-13
00:32:02    ログ     : C:\Users\user\Desktop\データ収集\scripts\logs\20260613.log
00:32:02  =======================================================
00:32:02  ──────────────────────────────────────────────────
00:32:02    STEP 0: 前日結果CSV取得 (20260612)
00:32:02  ──────────────────────────────────────────────────
00:32:05    ⚠️  STEP 0 終了コード 1  (3.0秒)  → 続行します
00:32:05  ──────────────────────────────────────────────────
00:32:05    STEP 1: 番組表 LZH ダウンロード
00:32:05  ──────────────────────────────────────────────────
00:32:25    ✅ STEP 1 完了  (20.4秒)
00:32:25  ──────────────────────────────────────────────────
00:32:25    STEP 2: LZH → CSV 変換
00:32:25  ──────────────────────────────────────────────────
00:32:25    ✅ STEP 2 完了  (0.4秒)
00:32:25  ──────────────────────────────────────────────────
00:32:25    STEP 3: Motor 2-rate scraping
00:32:25  ──────────────────────────────────────────────────
00:37:26    ❌ STEP 3 タイムアウト (300秒)
00:37:26  ──────────────────────────────────────────────────
00:37:26    STEP 3: フライング情報取得 (全場)
00:37:26  ──────────────────────────────────────────────────
00:39:34    ✅ STEP 3 完了  (128.8秒)
00:39:34  ──────────────────────────────────────────────────
00:39:34    STEP 4: フライングデータ → マスタ反映
00:39:34  ──────────────────────────────────────────────────
00:39:35    ✅ STEP 4 完了  (0.9秒)
00:39:35  ──────────────────────────────────────────────────
00:39:35    STEP 5: 指数計算・新聞・PNG 出力 (全場)
00:39:35  ──────────────────────────────────────────────────
01:00:00    ✅ STEP 5 完了  (1224.5秒)
01:00:00  =======================================================
01:00:00  ✅ 全処理完了！  (2026-06-13)
01:00:00     ログ: C:\Users\user\Desktop\データ収集\scripts\logs\20260613.log
01:00:00  =======================================================
01:00:00    Discord 投稿時刻: 06:30
01:00:00  ──────────────────────────────────────────────────
01:00:00    STEP 6: Discord 新聞投稿 (06:30 予約)
01:00:00  ──────────────────────────────────────────────────
06:32:47    ✅ STEP 6 完了  (19967.2秒)
06:32:47  ──────────────────────────────────────────────────
06:32:47    STEP 7: 日次バックテスト突合 (lr_backtest --all)
06:32:47  ──────────────────────────────────────────────────
06:32:49    ✅ STEP 7 完了  (2.1秒)
06:32:49    correction_params.json を更新しました。
07:44:13  =======================================================
07:44:13    ボートリサーチ 全自動処理
07:44:13    対象日付 : 2026-06-13
07:44:13    ログ     : C:\Users\user\Desktop\データ収集\scripts\logs\20260613.log
07:44:13  =======================================================
07:44:13  ──────────────────────────────────────────────────
07:44:13    STEP 0: 前日結果CSV取得 (20260612)
07:44:13  ──────────────────────────────────────────────────
07:44:14    ⚠️  STEP 0 終了コード 1  (1.7秒)  → 続行します
07:44:14  ──────────────────────────────────────────────────
07:44:14    STEP 1: 番組表 LZH ダウンロード
07:44:14  ──────────────────────────────────────────────────
07:44:35    ✅ STEP 1 完了  (21.0秒)
07:44:35  ──────────────────────────────────────────────────
07:44:35    STEP 2: LZH → CSV 変換
07:44:35  ──────────────────────────────────────────────────
07:44:36    ✅ STEP 2 完了  (0.6秒)
07:44:36  ──────────────────────────────────────────────────
07:44:36    STEP 3: Motor 2-rate scraping
07:44:36  ──────────────────────────────────────────────────
08:21:01  =======================================================
08:21:01    ボートリサーチ 全自動処理
08:21:01    対象日付 : 2026-06-13
08:21:01    ログ     : C:\Users\user\Desktop\データ収集\scripts\logs\20260613.log
08:21:01  =======================================================
08:21:01  ──────────────────────────────────────────────────
08:21:01    STEP 0: 前日結果CSV取得 (20260612)
08:21:01  ──────────────────────────────────────────────────
08:21:04    ⚠️  STEP 0 終了コード 1  (2.3秒)  → 続行します
08:21:04  ──────────────────────────────────────────────────
08:21:04    STEP 1: 番組表 LZH ダウンロード
08:21:04  ──────────────────────────────────────────────────
08:21:04    ✅ STEP 1 完了  (0.5秒)
08:21:04  ──────────────────────────────────────────────────
08:21:04    STEP 2: LZH → CSV 変換
08:21:04  ──────────────────────────────────────────────────
08:21:05    ✅ STEP 2 完了  (0.5秒)
08:21:05  ──────────────────────────────────────────────────
08:21:05    STEP 3: Motor 2-rate scraping
08:21:05  ──────────────────────────────────────────────────
09:04:53  =======================================================
09:04:53    ボートリサーチ 全自動処理
09:04:53    対象日付 : 2026-06-13
09:04:53    ログ     : C:\Users\user\Desktop\データ収集\scripts\logs\20260613.log
09:04:53  =======================================================
09:04:53  ──────────────────────────────────────────────────
09:04:53    STEP 0: 前日結果CSV取得 (20260612)
09:04:53  ──────────────────────────────────────────────────
09:04:59    ⚠️  STEP 0 終了コード 1  (6.1秒)  → 続行します
09:04:59  ──────────────────────────────────────────────────
09:04:59    STEP 1: 番組表 LZH ダウンロード
09:04:59  ──────────────────────────────────────────────────
09:05:00    ✅ STEP 1 完了  (0.7秒)
09:05:00  ──────────────────────────────────────────────────
09:05:00    STEP 2: LZH → CSV 変換
09:05:00  ──────────────────────────────────────────────────
09:05:01    ✅ STEP 2 完了  (1.1秒)
09:05:01  ──────────────────────────────────────────────────
09:05:01    STEP 3: Motor 2-rate scraping
09:05:01  ──────────────────────────────────────────────────
