00:32:02  =======================================================
00:32:02    ボートリサーチ 全自動処理
00:32:02    対象日付 : 2026-04-07
00:32:02    ログ     : C:\Users\user\Desktop\データ収集\scripts\logs\20260407.log
00:32:02  =======================================================
00:32:02  ──────────────────────────────────────────────────
00:32:02    STEP 1: 番組表 LZH ダウンロード
00:32:02  ──────────────────────────────────────────────────
00:32:19    ✅ STEP 1 完了  (17.4秒)
00:32:19  ──────────────────────────────────────────────────
00:32:19    STEP 2: LZH → CSV 変換
00:32:19  ──────────────────────────────────────────────────
00:32:20    ✅ STEP 2 完了  (0.4秒)
00:32:20  ──────────────────────────────────────────────────
00:32:20    STEP 3: フライング情報取得 (全場)
00:32:20  ──────────────────────────────────────────────────
00:34:56    ✅ STEP 3 完了  (156.7秒)
00:34:56  ──────────────────────────────────────────────────
00:34:56    STEP 4: フライングデータ → マスタ反映
00:34:56  ──────────────────────────────────────────────────
00:34:57    ✅ STEP 4 完了  (1.0秒)
00:34:57  ──────────────────────────────────────────────────
00:34:57    STEP 5: 指数計算・新聞・PNG 出力 (全場)
00:34:57  ──────────────────────────────────────────────────
00:52:25    ✅ STEP 5 完了  (1047.1秒)
00:52:25  =======================================================
00:52:25  ✅ 全処理完了！  (2026-04-07)
00:52:25     ログ: C:\Users\user\Desktop\データ収集\scripts\logs\20260407.log
00:52:25  =======================================================
00:52:25    Discord 投稿時刻: 06:30
00:52:25  ──────────────────────────────────────────────────
00:52:25    STEP 6: Discord 新聞投稿 (06:30 予約)
00:52:25  ──────────────────────────────────────────────────
06:32:42    ✅ STEP 6 完了  (20417.5秒)
