00:32:02  =======================================================
00:32:02    ボートリサーチ 全自動処理
00:32:02    対象日付 : 2026-06-11
00:32:02    ログ     : C:\Users\user\Desktop\データ収集\scripts\logs\20260611.log
00:32:02  =======================================================
00:32:02  ──────────────────────────────────────────────────
00:32:02    STEP 0: 前日結果CSV取得 (20260610)
00:32:02  ──────────────────────────────────────────────────
00:32:06    ⚠️  STEP 0 終了コード 1  (4.2秒)  → 続行します
00:32:06  ──────────────────────────────────────────────────
00:32:06    STEP 1: 番組表 LZH ダウンロード
00:32:06  ──────────────────────────────────────────────────
00:32:26    ✅ STEP 1 完了  (19.7秒)
00:32:26  ──────────────────────────────────────────────────
00:32:26    STEP 2: LZH → CSV 変換
00:32:26  ──────────────────────────────────────────────────
00:32:26    ✅ STEP 2 完了  (0.5秒)
00:32:26  ──────────────────────────────────────────────────
00:32:26    STEP 3: Motor 2-rate scraping
00:32:26  ──────────────────────────────────────────────────
00:37:26    ❌ STEP 3 タイムアウト (300秒)
00:37:26  ──────────────────────────────────────────────────
00:37:26    STEP 3: フライング情報取得 (全場)
00:37:26  ──────────────────────────────────────────────────
00:39:44    ✅ STEP 3 完了  (138.1秒)
00:39:44  ──────────────────────────────────────────────────
00:39:44    STEP 4: フライングデータ → マスタ反映
00:39:44  ──────────────────────────────────────────────────
00:39:46    ✅ STEP 4 完了  (1.1秒)
00:39:46  ──────────────────────────────────────────────────
00:39:46    STEP 5: 指数計算・新聞・PNG 出力 (全場)
00:39:46  ──────────────────────────────────────────────────
01:01:00    ✅ STEP 5 完了  (1274.0秒)
01:01:00  =======================================================
01:01:00  ✅ 全処理完了！  (2026-06-11)
01:01:00     ログ: C:\Users\user\Desktop\データ収集\scripts\logs\20260611.log
01:01:00  =======================================================
01:01:00    Discord 投稿時刻: 06:30
01:01:00  ──────────────────────────────────────────────────
01:01:00    STEP 6: Discord 新聞投稿 (06:30 予約)
01:01:00  ──────────────────────────────────────────────────
06:32:54    ✅ STEP 6 完了  (19914.1秒)
06:32:54  ──────────────────────────────────────────────────
06:32:54    STEP 7: 日次バックテスト突合 (lr_backtest --all)
06:32:54  ──────────────────────────────────────────────────
06:32:56    ✅ STEP 7 完了  (2.8秒)
06:32:56    correction_params.json を更新しました。
