00:32:02  =======================================================
00:32:02    ボートリサーチ 全自動処理
00:32:02    対象日付 : 2026-05-25
00:32:02    ログ     : C:\Users\user\Desktop\データ収集\scripts\logs\20260525.log
00:32:02  =======================================================
00:32:02  ──────────────────────────────────────────────────
00:32:02    STEP 0: 前日結果CSV取得 (20260524)
00:32:02  ──────────────────────────────────────────────────
00:32:06    ⚠️  STEP 0 終了コード 1  (3.7秒)  → 続行します
00:32:06  ──────────────────────────────────────────────────
00:32:06    STEP 1: 番組表 LZH ダウンロード
00:32:06  ──────────────────────────────────────────────────
00:32:26    ✅ STEP 1 完了  (19.6秒)
00:32:26  ──────────────────────────────────────────────────
00:32:26    STEP 2: LZH → CSV 変換
00:32:26  ──────────────────────────────────────────────────
00:32:26    ✅ STEP 2 完了  (0.4秒)
00:32:26  ──────────────────────────────────────────────────
00:32:26    STEP 3: Motor 2-rate scraping
00:32:26  ──────────────────────────────────────────────────
00:37:26    ❌ STEP 3 タイムアウト (300秒)
00:37:26  ──────────────────────────────────────────────────
00:37:26    STEP 3: フライング情報取得 (全場)
00:37:26  ──────────────────────────────────────────────────
00:39:37    ✅ STEP 3 完了  (131.0秒)
00:39:37  ──────────────────────────────────────────────────
00:39:37    STEP 4: フライングデータ → マスタ反映
00:39:37  ──────────────────────────────────────────────────
00:39:38    ✅ STEP 4 完了  (0.8秒)
00:39:38  ──────────────────────────────────────────────────
00:39:38    STEP 5: 指数計算・新聞・PNG 出力 (全場)
00:39:38  ──────────────────────────────────────────────────
00:54:40    ✅ STEP 5 完了  (902.6秒)
00:54:40  =======================================================
00:54:40  ✅ 全処理完了！  (2026-05-25)
00:54:40     ログ: C:\Users\user\Desktop\データ収集\scripts\logs\20260525.log
00:54:40  =======================================================
00:54:40    Discord 投稿時刻: 06:30
00:54:40  ──────────────────────────────────────────────────
00:54:40    STEP 6: Discord 新聞投稿 (06:30 予約)
00:54:40  ──────────────────────────────────────────────────
