00:32:03  =======================================================
00:32:03    ボートリサーチ 全自動処理
00:32:03    対象日付 : 2026-06-16
00:32:03    ログ     : C:\Users\user\Desktop\データ収集\scripts\logs\20260616.log
00:32:03  =======================================================
00:32:03  ──────────────────────────────────────────────────
00:32:03    STEP 0: 前日結果CSV取得 (20260615)
00:32:03  ──────────────────────────────────────────────────
00:32:05    ⚠️  STEP 0 終了コード 1  (2.8秒)  → 続行します
00:32:05  ──────────────────────────────────────────────────
00:32:05    STEP 1: 番組表 LZH ダウンロード
00:32:05  ──────────────────────────────────────────────────
00:32:25    ✅ STEP 1 完了  (19.2秒)
00:32:25  ──────────────────────────────────────────────────
00:32:25    STEP 2: LZH → CSV 変換
00:32:25  ──────────────────────────────────────────────────
00:32:25    ✅ STEP 2 完了  (0.4秒)
00:32:25  ──────────────────────────────────────────────────
00:32:25    STEP 3: Motor 2-rate scraping
00:32:25  ──────────────────────────────────────────────────
00:37:25    ❌ STEP 3 タイムアウト (300秒)
00:37:25  ──────────────────────────────────────────────────
00:37:25    STEP 3: フライング情報取得 (全場)
00:37:25  ──────────────────────────────────────────────────
00:39:39    ✅ STEP 3 完了  (134.0秒)
00:39:39  ──────────────────────────────────────────────────
00:39:39    STEP 4: フライングデータ → マスタ反映
00:39:39  ──────────────────────────────────────────────────
00:39:40    ✅ STEP 4 完了  (0.9秒)
00:39:40  ──────────────────────────────────────────────────
00:39:40    STEP 5: 指数計算・新聞・PNG 出力 (全場)
00:39:40  ──────────────────────────────────────────────────
00:57:28    ✅ STEP 5 完了  (1068.3秒)
00:57:28  =======================================================
00:57:28  ✅ 全処理完了！  (2026-06-16)
00:57:28     ログ: C:\Users\user\Desktop\データ収集\scripts\logs\20260616.log
00:57:28  =======================================================
00:57:28    Discord 投稿時刻: 06:30
00:57:28  ──────────────────────────────────────────────────
00:57:28    STEP 6: Discord 新聞投稿 (06:30 予約)
00:57:28  ──────────────────────────────────────────────────
06:33:21    ✅ STEP 6 完了  (20152.6秒)
06:33:21  ──────────────────────────────────────────────────
06:33:21    STEP 7: 日次バックテスト突合 (lr_backtest --all)
06:33:21  ──────────────────────────────────────────────────
06:33:30    ✅ STEP 7 完了  (8.5秒)
06:33:30    correction_params.json を更新しました。
