00:32:04  =======================================================
00:32:04    ボートリサーチ 全自動処理
00:32:04    対象日付 : 2026-04-23
00:32:04    ログ     : C:\Users\user\Desktop\データ収集\scripts\logs\20260423.log
00:32:04  =======================================================
00:32:04  ──────────────────────────────────────────────────
00:32:04    STEP 0: 前日結果CSV取得 (20260422)
00:32:04  ──────────────────────────────────────────────────
00:32:08    ⚠️  STEP 0 終了コード 1  (4.6秒)  → 続行します
00:32:08  ──────────────────────────────────────────────────
00:32:08    STEP 1: 番組表 LZH ダウンロード
00:32:08  ──────────────────────────────────────────────────
00:32:28    ✅ STEP 1 完了  (20.0秒)
00:32:28  ──────────────────────────────────────────────────
00:32:28    STEP 2: LZH → CSV 変換
00:32:28  ──────────────────────────────────────────────────
00:32:30    ✅ STEP 2 完了  (1.3秒)
00:32:30  ──────────────────────────────────────────────────
00:32:30    STEP 3: Motor 2-rate scraping
00:32:30  ──────────────────────────────────────────────────
00:37:30    ❌ STEP 3 タイムアウト (300秒)
00:37:30  ──────────────────────────────────────────────────
00:37:30    STEP 3: フライング情報取得 (全場)
00:37:30  ──────────────────────────────────────────────────
00:40:31    ✅ STEP 3 完了  (181.1秒)
00:40:31  ──────────────────────────────────────────────────
00:40:31    STEP 4: フライングデータ → マスタ反映
00:40:31  ──────────────────────────────────────────────────
00:40:33    ✅ STEP 4 完了  (2.4秒)
00:40:33  ──────────────────────────────────────────────────
00:40:33    STEP 5: 指数計算・新聞・PNG 出力 (全場)
00:40:33  ──────────────────────────────────────────────────
01:12:41    ✅ STEP 5 完了  (1927.4秒)
01:12:41  =======================================================
01:12:41  ✅ 全処理完了！  (2026-04-23)
01:12:41     ログ: C:\Users\user\Desktop\データ収集\scripts\logs\20260423.log
01:12:41  =======================================================
01:12:41    Discord 投稿時刻: 06:30
01:12:41  ──────────────────────────────────────────────────
01:12:41    STEP 6: Discord 新聞投稿 (06:30 予約)
01:12:41  ──────────────────────────────────────────────────
06:33:31    ✅ STEP 6 完了  (19250.7秒)
06:33:31  ──────────────────────────────────────────────────
06:33:31    STEP 7: 日次バックテスト突合 (lr_backtest --all)
06:33:31  ──────────────────────────────────────────────────
06:33:34    ✅ STEP 7 完了  (2.4秒)
06:33:34    correction_params.json を更新しました。
