00:37:31  =======================================================
00:37:31    ボートリサーチ 全自動処理
00:37:31    対象日付 : 2026-04-04
00:37:31    ログ     : C:\Users\user\Desktop\データ収集\scripts\logs\20260404.log
00:37:31  =======================================================
00:37:31  ──────────────────────────────────────────────────
00:37:31    STEP 1: 番組表 LZH ダウンロード
00:37:31  ──────────────────────────────────────────────────
00:37:53    ✅ STEP 1 完了  (21.6秒)
00:37:53  ──────────────────────────────────────────────────
00:37:53    STEP 2: LZH → CSV 変換
00:37:53  ──────────────────────────────────────────────────
00:37:53    ✅ STEP 2 完了  (0.5秒)
00:37:53  ──────────────────────────────────────────────────
00:37:53    STEP 3: フライング情報取得 (全場)
00:37:53  ──────────────────────────────────────────────────
00:40:23    ✅ STEP 3 完了  (149.6秒)
00:40:23  ──────────────────────────────────────────────────
00:40:23    STEP 4: フライングデータ → マスタ反映
00:40:23  ──────────────────────────────────────────────────
00:40:25    ✅ STEP 4 完了  (1.7秒)
00:40:25  ──────────────────────────────────────────────────
00:40:25    STEP 5: 指数計算・新聞・PNG 出力 (全場)
00:40:25  ──────────────────────────────────────────────────
01:06:58    ✅ STEP 5 完了  (1593.9秒)
01:06:58  =======================================================
01:06:58  ✅ 全処理完了！  (2026-04-04)
01:06:58     ログ: C:\Users\user\Desktop\データ収集\scripts\logs\20260404.log
01:06:58  =======================================================
01:06:59    Discord 投稿時刻: 06:30
01:06:59  ──────────────────────────────────────────────────
01:06:59    STEP 6: Discord 新聞投稿 (06:30 予約)
01:06:59  ──────────────────────────────────────────────────
06:32:23    ✅ STEP 6 完了  (19524.9秒)
