00:32:02  =======================================================
00:32:02    ボートリサーチ 全自動処理
00:32:02    対象日付 : 2026-05-22
00:32:02    ログ     : C:\Users\user\Desktop\データ収集\scripts\logs\20260522.log
00:32:02  =======================================================
00:32:02  ──────────────────────────────────────────────────
00:32:02    STEP 0: 前日結果CSV取得 (20260521)
00:32:02  ──────────────────────────────────────────────────
00:32:04    ⚠️  STEP 0 終了コード 1  (2.0秒)  → 続行します
00:32:04  ──────────────────────────────────────────────────
00:32:04    STEP 1: 番組表 LZH ダウンロード
00:32:04  ──────────────────────────────────────────────────
00:32:23    ✅ STEP 1 完了  (19.2秒)
00:32:23  ──────────────────────────────────────────────────
00:32:23    STEP 2: LZH → CSV 変換
00:32:23  ──────────────────────────────────────────────────
00:32:23    ✅ STEP 2 完了  (0.3秒)
00:32:23  ──────────────────────────────────────────────────
00:32:23    STEP 3: Motor 2-rate scraping
00:32:23  ──────────────────────────────────────────────────
00:37:23    ❌ STEP 3 タイムアウト (300秒)
00:37:23  ──────────────────────────────────────────────────
00:37:23    STEP 3: フライング情報取得 (全場)
00:37:23  ──────────────────────────────────────────────────
00:39:30    ✅ STEP 3 完了  (126.8秒)
00:39:30  ──────────────────────────────────────────────────
00:39:30    STEP 4: フライングデータ → マスタ反映
00:39:30  ──────────────────────────────────────────────────
00:39:31    ✅ STEP 4 完了  (0.7秒)
00:39:31  ──────────────────────────────────────────────────
00:39:31    STEP 5: 指数計算・新聞・PNG 出力 (全場)
00:39:31  ──────────────────────────────────────────────────
00:54:21    ✅ STEP 5 完了  (889.8秒)
00:54:21  =======================================================
00:54:21  ✅ 全処理完了！  (2026-05-22)
00:54:21     ログ: C:\Users\user\Desktop\データ収集\scripts\logs\20260522.log
00:54:21  =======================================================
00:54:21    Discord 投稿時刻: 06:30
00:54:21  ──────────────────────────────────────────────────
00:54:21    STEP 6: Discord 新聞投稿 (06:30 予約)
00:54:21  ──────────────────────────────────────────────────
06:32:22    ✅ STEP 6 完了  (20280.8秒)
06:32:22  ──────────────────────────────────────────────────
06:32:22    STEP 7: 日次バックテスト突合 (lr_backtest --all)
06:32:22  ──────────────────────────────────────────────────
06:32:24    ✅ STEP 7 完了  (1.9秒)
06:32:24    correction_params.json を更新しました。
