00:32:03  =======================================================
00:32:03    ボートリサーチ 全自動処理
00:32:03    対象日付 : 2026-04-20
00:32:03    ログ     : C:\Users\user\Desktop\データ収集\scripts\logs\20260420.log
00:32:03  =======================================================
00:32:03  ──────────────────────────────────────────────────
00:32:03    STEP 0: 前日結果CSV取得 (20260419)
00:32:03  ──────────────────────────────────────────────────
00:32:06    ⚠️  STEP 0 終了コード 1  (3.3秒)  → 続行します
00:32:06  ──────────────────────────────────────────────────
00:32:06    STEP 1: 番組表 LZH ダウンロード
00:32:06  ──────────────────────────────────────────────────
00:32:25    ✅ STEP 1 完了  (18.3秒)
00:32:25  ──────────────────────────────────────────────────
00:32:25    STEP 2: LZH → CSV 変換
00:32:25  ──────────────────────────────────────────────────
00:32:25    ✅ STEP 2 完了  (0.5秒)
00:32:25  ──────────────────────────────────────────────────
00:32:25    STEP 3: Motor 2-rate scraping
00:32:25  ──────────────────────────────────────────────────
00:37:25    ❌ STEP 3 タイムアウト (300秒)
00:37:25  ──────────────────────────────────────────────────
00:37:25    STEP 3: フライング情報取得 (全場)
00:37:25  ──────────────────────────────────────────────────
00:39:48    ✅ STEP 3 完了  (143.1秒)
00:39:48  ──────────────────────────────────────────────────
00:39:48    STEP 4: フライングデータ → マスタ反映
00:39:48  ──────────────────────────────────────────────────
00:39:50    ✅ STEP 4 完了  (1.8秒)
00:39:50  ──────────────────────────────────────────────────
00:39:50    STEP 5: 指数計算・新聞・PNG 出力 (全場)
00:39:50  ──────────────────────────────────────────────────
01:05:21    ✅ STEP 5 完了  (1530.6秒)
01:05:21  =======================================================
01:05:21  ✅ 全処理完了！  (2026-04-20)
01:05:21     ログ: C:\Users\user\Desktop\データ収集\scripts\logs\20260420.log
01:05:21  =======================================================
01:05:21    Discord 投稿時刻: 06:30
01:05:21  ──────────────────────────────────────────────────
01:05:21    STEP 6: Discord 新聞投稿 (06:30 予約)
01:05:21  ──────────────────────────────────────────────────
06:33:27    ✅ STEP 6 完了  (19686.4秒)
06:33:27  ──────────────────────────────────────────────────
06:33:27    STEP 7: 日次バックテスト突合 (lr_backtest --all)
06:33:27  ──────────────────────────────────────────────────
06:33:30    ✅ STEP 7 完了  (2.5秒)
06:33:30    correction_params.json を更新しました。
