00:42:41  =======================================================
00:42:41    ボートリサーチ 全自動処理
00:42:41    対象日付 : 2026-05-23
00:42:41    ログ     : C:\Users\user\Desktop\データ収集\scripts\logs\20260523.log
00:42:41  =======================================================
00:42:41  ──────────────────────────────────────────────────
00:42:41    STEP 0: 前日結果CSV取得 (20260522)
00:42:41  ──────────────────────────────────────────────────
00:42:43    ⚠️  STEP 0 終了コード 1  (2.7秒)  → 続行します
00:42:43  ──────────────────────────────────────────────────
00:42:43    STEP 1: 番組表 LZH ダウンロード
00:42:43  ──────────────────────────────────────────────────
00:43:01    ✅ STEP 1 完了  (18.0秒)
00:43:01  ──────────────────────────────────────────────────
00:43:01    STEP 2: LZH → CSV 変換
00:43:01  ──────────────────────────────────────────────────
00:43:02    ✅ STEP 2 完了  (0.4秒)
00:43:02  ──────────────────────────────────────────────────
00:43:02    STEP 3: Motor 2-rate scraping
00:43:02  ──────────────────────────────────────────────────
00:48:02    ❌ STEP 3 タイムアウト (300秒)
00:48:02  ──────────────────────────────────────────────────
00:48:02    STEP 3: フライング情報取得 (全場)
00:48:02  ──────────────────────────────────────────────────
00:50:22    ✅ STEP 3 完了  (139.8秒)
00:50:22  ──────────────────────────────────────────────────
00:50:22    STEP 4: フライングデータ → マスタ反映
00:50:22  ──────────────────────────────────────────────────
00:50:23    ✅ STEP 4 完了  (1.1秒)
00:50:23  ──────────────────────────────────────────────────
00:50:23    STEP 5: 指数計算・新聞・PNG 出力 (全場)
00:50:23  ──────────────────────────────────────────────────
01:12:10    ✅ STEP 5 完了  (1307.3秒)
01:12:10  =======================================================
01:12:10  ✅ 全処理完了！  (2026-05-23)
01:12:10     ログ: C:\Users\user\Desktop\データ収集\scripts\logs\20260523.log
01:12:10  =======================================================
01:12:10    Discord 投稿時刻: 06:30
01:12:10  ──────────────────────────────────────────────────
01:12:10    STEP 6: Discord 新聞投稿 (06:30 予約)
01:12:10  ──────────────────────────────────────────────────
06:33:33    ✅ STEP 6 完了  (19282.6秒)
06:33:33  ──────────────────────────────────────────────────
06:33:33    STEP 7: 日次バックテスト突合 (lr_backtest --all)
06:33:33  ──────────────────────────────────────────────────
06:33:34    ✅ STEP 7 完了  (1.5秒)
06:33:34    correction_params.json を更新しました。
