00:32:03  =======================================================
00:32:03    ボートリサーチ 全自動処理
00:32:03    対象日付 : 2026-06-18
00:32:03    ログ     : C:\Users\user\Desktop\データ収集\scripts\logs\20260618.log
00:32:03  =======================================================
00:32:03  ──────────────────────────────────────────────────
00:32:03    STEP 0: 前日結果CSV取得 (20260617)
00:32:03  ──────────────────────────────────────────────────
00:32:06    ⚠️  STEP 0 終了コード 1  (3.1秒)  → 続行します
00:32:06  ──────────────────────────────────────────────────
00:32:06    STEP 1: 番組表 LZH ダウンロード
00:32:06  ──────────────────────────────────────────────────
00:32:25    ✅ STEP 1 完了  (19.3秒)
00:32:25  ──────────────────────────────────────────────────
00:32:25    STEP 2: LZH → CSV 変換
00:32:25  ──────────────────────────────────────────────────
00:32:26    ✅ STEP 2 完了  (0.4秒)
00:32:26  ──────────────────────────────────────────────────
00:32:26    STEP 3: Motor 2-rate scraping
00:32:26  ──────────────────────────────────────────────────
00:37:26    ❌ STEP 3 タイムアウト (300秒)
00:37:26  ──────────────────────────────────────────────────
00:37:26    STEP 3: フライング情報取得 (全場)
00:37:26  ──────────────────────────────────────────────────
00:40:28    ✅ STEP 3 完了  (182.0秒)
00:40:28  ──────────────────────────────────────────────────
00:40:28    STEP 4: フライングデータ → マスタ反映
00:40:28  ──────────────────────────────────────────────────
00:40:29    ✅ STEP 4 完了  (1.0秒)
00:40:29  ──────────────────────────────────────────────────
00:40:29    STEP 5: 指数計算・新聞・PNG 出力 (全場)
00:40:29  ──────────────────────────────────────────────────
01:11:16    ✅ STEP 5 完了  (1847.6秒)
01:11:16  =======================================================
01:11:16  ✅ 全処理完了！  (2026-06-18)
01:11:16     ログ: C:\Users\user\Desktop\データ収集\scripts\logs\20260618.log
01:11:16  =======================================================
01:11:16    Discord 投稿時刻: 06:30
01:11:16  ──────────────────────────────────────────────────
01:11:16    STEP 6: Discord 新聞投稿 (06:30 予約)
01:11:16  ──────────────────────────────────────────────────
06:32:44    ✅ STEP 6 完了  (19287.4秒)
06:32:44  ──────────────────────────────────────────────────
06:32:44    STEP 7: 日次バックテスト突合 (lr_backtest --all)
06:32:44  ──────────────────────────────────────────────────
06:32:47    ✅ STEP 7 完了  (3.3秒)
06:32:47    correction_params.json を更新しました。
