00:32:03  =======================================================
00:32:03    ボートリサーチ 全自動処理
00:32:03    対象日付 : 2026-04-08
00:32:03    ログ     : C:\Users\user\Desktop\データ収集\scripts\logs\20260408.log
00:32:03  =======================================================
00:32:03  ──────────────────────────────────────────────────
00:32:03    STEP 1: 番組表 LZH ダウンロード
00:32:03  ──────────────────────────────────────────────────
00:32:22    ✅ STEP 1 完了  (18.8秒)
00:32:22  ──────────────────────────────────────────────────
00:32:22    STEP 2: LZH → CSV 変換
00:32:22  ──────────────────────────────────────────────────
00:32:22    ✅ STEP 2 完了  (0.4秒)
00:32:22  ──────────────────────────────────────────────────
00:32:22    STEP 3: フライング情報取得 (全場)
00:32:22  ──────────────────────────────────────────────────
00:35:01    ✅ STEP 3 完了  (158.9秒)
00:35:01  ──────────────────────────────────────────────────
00:35:01    STEP 4: フライングデータ → マスタ反映
00:35:01  ──────────────────────────────────────────────────
00:35:03    ✅ STEP 4 完了  (1.5秒)
00:35:03  ──────────────────────────────────────────────────
00:35:03    STEP 5: 指数計算・新聞・PNG 出力 (全場)
00:35:03  ──────────────────────────────────────────────────
00:51:37    ✅ STEP 5 完了  (994.4秒)
00:51:37  =======================================================
00:51:37  ✅ 全処理完了！  (2026-04-08)
00:51:37     ログ: C:\Users\user\Desktop\データ収集\scripts\logs\20260408.log
00:51:37  =======================================================
00:51:37    Discord 投稿時刻: 06:30
00:51:37  ──────────────────────────────────────────────────
00:51:37    STEP 6: Discord 新聞投稿 (06:30 予約)
00:51:37  ──────────────────────────────────────────────────
06:32:11    ✅ STEP 6 完了  (20433.4秒)
