00:32:04  =======================================================
00:32:04    ボートリサーチ 全自動処理
00:32:04    対象日付 : 2026-05-30
00:32:04    ログ     : C:\Users\user\Desktop\データ収集\scripts\logs\20260530.log
00:32:04  =======================================================
00:32:04  ──────────────────────────────────────────────────
00:32:04    STEP 0: 前日結果CSV取得 (20260529)
00:32:04  ──────────────────────────────────────────────────
00:32:10    ⚠️  STEP 0 終了コード 1  (5.7秒)  → 続行します
00:32:10  ──────────────────────────────────────────────────
00:32:10    STEP 1: 番組表 LZH ダウンロード
00:32:10  ──────────────────────────────────────────────────
00:32:53    ✅ STEP 1 完了  (43.6秒)
00:32:53  ──────────────────────────────────────────────────
00:32:53    STEP 2: LZH → CSV 変換
00:32:53  ──────────────────────────────────────────────────
00:32:55    ✅ STEP 2 完了  (1.3秒)
00:32:55  ──────────────────────────────────────────────────
00:32:55    STEP 3: Motor 2-rate scraping
00:32:55  ──────────────────────────────────────────────────
00:37:55    ❌ STEP 3 タイムアウト (300秒)
00:37:55  ──────────────────────────────────────────────────
00:37:55    STEP 3: フライング情報取得 (全場)
00:37:55  ──────────────────────────────────────────────────
00:40:48    ✅ STEP 3 完了  (173.2秒)
00:40:48  ──────────────────────────────────────────────────
00:40:48    STEP 4: フライングデータ → マスタ反映
00:40:48  ──────────────────────────────────────────────────
00:40:50    ✅ STEP 4 完了  (2.5秒)
00:40:50  ──────────────────────────────────────────────────
00:40:50    STEP 5: 指数計算・新聞・PNG 出力 (全場)
00:40:50  ──────────────────────────────────────────────────
01:35:22    ✅ STEP 5 完了  (3271.4秒)
01:35:22  =======================================================
01:35:22  ✅ 全処理完了！  (2026-05-30)
01:35:22     ログ: C:\Users\user\Desktop\データ収集\scripts\logs\20260530.log
01:35:22  =======================================================
01:35:22    Discord 投稿時刻: 06:30
01:35:22  ──────────────────────────────────────────────────
01:35:22    STEP 6: Discord 新聞投稿 (06:30 予約)
01:35:22  ──────────────────────────────────────────────────
