00:32:02  =======================================================
00:32:02    ボートリサーチ 全自動処理
00:32:02    対象日付 : 2026-05-19
00:32:02    ログ     : C:\Users\user\Desktop\データ収集\scripts\logs\20260519.log
00:32:02  =======================================================
00:32:02  ──────────────────────────────────────────────────
00:32:02    STEP 0: 前日結果CSV取得 (20260518)
00:32:02  ──────────────────────────────────────────────────
00:32:04    ⚠️  STEP 0 終了コード 1  (2.2秒)  → 続行します
00:32:04  ──────────────────────────────────────────────────
00:32:04    STEP 1: 番組表 LZH ダウンロード
00:32:04  ──────────────────────────────────────────────────
00:32:25    ✅ STEP 1 完了  (20.4秒)
00:32:25  ──────────────────────────────────────────────────
00:32:25    STEP 2: LZH → CSV 変換
00:32:25  ──────────────────────────────────────────────────
00:32:25    ✅ STEP 2 完了  (0.4秒)
00:32:25  ──────────────────────────────────────────────────
00:32:25    STEP 3: Motor 2-rate scraping
00:32:25  ──────────────────────────────────────────────────
00:37:25    ❌ STEP 3 タイムアウト (300秒)
00:37:25  ──────────────────────────────────────────────────
00:37:25    STEP 3: フライング情報取得 (全場)
00:37:25  ──────────────────────────────────────────────────
00:39:32    ✅ STEP 3 完了  (126.7秒)
00:39:32  ──────────────────────────────────────────────────
00:39:32    STEP 4: フライングデータ → マスタ反映
00:39:32  ──────────────────────────────────────────────────
00:39:32    ✅ STEP 4 完了  (0.7秒)
00:39:32  ──────────────────────────────────────────────────
00:39:32    STEP 5: 指数計算・新聞・PNG 出力 (全場)
00:39:32  ──────────────────────────────────────────────────
01:02:05    ✅ STEP 5 完了  (1352.1秒)
01:02:05  =======================================================
01:02:05  ✅ 全処理完了！  (2026-05-19)
01:02:05     ログ: C:\Users\user\Desktop\データ収集\scripts\logs\20260519.log
01:02:05  =======================================================
01:02:05    Discord 投稿時刻: 06:30
01:02:05  ──────────────────────────────────────────────────
01:02:05    STEP 6: Discord 新聞投稿 (06:30 予約)
01:02:05  ──────────────────────────────────────────────────
06:32:21    ✅ STEP 6 完了  (19816.7秒)
06:32:21  ──────────────────────────────────────────────────
06:32:21    STEP 7: 日次バックテスト突合 (lr_backtest --all)
06:32:21  ──────────────────────────────────────────────────
06:32:23    ✅ STEP 7 完了  (1.5秒)
06:32:23    correction_params.json を更新しました。
