00:32:02  =======================================================
00:32:02    ボートリサーチ 全自動処理
00:32:02    対象日付 : 2026-04-30
00:32:02    ログ     : C:\Users\user\Desktop\データ収集\scripts\logs\20260430.log
00:32:02  =======================================================
00:32:02  ──────────────────────────────────────────────────
00:32:02    STEP 0: 前日結果CSV取得 (20260429)
00:32:02  ──────────────────────────────────────────────────
00:32:06    ⚠️  STEP 0 終了コード 1  (3.2秒)  → 続行します
00:32:06  ──────────────────────────────────────────────────
00:32:06    STEP 1: 番組表 LZH ダウンロード
00:32:06  ──────────────────────────────────────────────────
00:32:27    ✅ STEP 1 完了  (21.2秒)
00:32:27  ──────────────────────────────────────────────────
00:32:27    STEP 2: LZH → CSV 変換
00:32:27  ──────────────────────────────────────────────────
00:32:27    ✅ STEP 2 完了  (0.3秒)
00:32:27  ──────────────────────────────────────────────────
00:32:27    STEP 3: Motor 2-rate scraping
00:32:27  ──────────────────────────────────────────────────
00:37:27    ❌ STEP 3 タイムアウト (300秒)
00:37:27  ──────────────────────────────────────────────────
00:37:27    STEP 3: フライング情報取得 (全場)
00:37:27  ──────────────────────────────────────────────────
00:39:40    ✅ STEP 3 完了  (132.6秒)
00:39:40  ──────────────────────────────────────────────────
00:39:40    STEP 4: フライングデータ → マスタ反映
00:39:40  ──────────────────────────────────────────────────
00:39:41    ✅ STEP 4 完了  (0.8秒)
00:39:41  ──────────────────────────────────────────────────
00:39:41    STEP 5: 指数計算・新聞・PNG 出力 (全場)
00:39:41  ──────────────────────────────────────────────────
00:57:54    ✅ STEP 5 完了  (1093.5秒)
00:57:54  =======================================================
00:57:54  ✅ 全処理完了！  (2026-04-30)
00:57:54     ログ: C:\Users\user\Desktop\データ収集\scripts\logs\20260430.log
00:57:54  =======================================================
00:57:54    Discord 投稿時刻: 06:30
00:57:54  ──────────────────────────────────────────────────
00:57:54    STEP 6: Discord 新聞投稿 (06:30 予約)
00:57:54  ──────────────────────────────────────────────────
06:33:19    ✅ STEP 6 完了  (20124.6秒)
06:33:19  ──────────────────────────────────────────────────
06:33:19    STEP 7: 日次バックテスト突合 (lr_backtest --all)
06:33:19  ──────────────────────────────────────────────────
06:33:21    ✅ STEP 7 完了  (2.3秒)
06:33:21    correction_params.json を更新しました。
