00:32:02  =======================================================
00:32:02    ボートリサーチ 全自動処理
00:32:02    対象日付 : 2026-04-17
00:32:02    ログ     : C:\Users\user\Desktop\データ収集\scripts\logs\20260417.log
00:32:02  =======================================================
00:32:02  ──────────────────────────────────────────────────
00:32:02    STEP 0: 前日結果CSV取得 (20260416)
00:32:02  ──────────────────────────────────────────────────
00:37:02    ❌ STEP 0 タイムアウト (300秒)
00:37:02  ──────────────────────────────────────────────────
00:37:02    STEP 1: 番組表 LZH ダウンロード
00:37:02  ──────────────────────────────────────────────────
00:37:20    ✅ STEP 1 完了  (17.8秒)
00:37:20  ──────────────────────────────────────────────────
00:37:20    STEP 2: LZH → CSV 変換
00:37:20  ──────────────────────────────────────────────────
00:37:20    ✅ STEP 2 完了  (0.5秒)
00:37:20  ──────────────────────────────────────────────────
00:37:20    STEP 3: Motor 2-rate scraping
00:37:20  ──────────────────────────────────────────────────
00:42:20    ❌ STEP 3 タイムアウト (300秒)
00:42:20  ──────────────────────────────────────────────────
00:42:20    STEP 3: フライング情報取得 (全場)
00:42:20  ──────────────────────────────────────────────────
00:45:37    ✅ STEP 3 完了  (196.7秒)
00:45:37  ──────────────────────────────────────────────────
00:45:37    STEP 4: フライングデータ → マスタ反映
00:45:37  ──────────────────────────────────────────────────
00:45:39    ⚠️  STEP 4 終了コード 1  (1.8秒)  → 続行します
00:45:39  ──────────────────────────────────────────────────
00:45:39    STEP 5: 指数計算・新聞・PNG 出力 (全場)
00:45:39  ──────────────────────────────────────────────────
01:03:34    ✅ STEP 5 完了  (1074.9秒)
01:03:34  =======================================================
01:03:34  ✅ 全処理完了！  (2026-04-17)
01:03:34     ログ: C:\Users\user\Desktop\データ収集\scripts\logs\20260417.log
01:03:34  =======================================================
01:03:34    Discord 投稿時刻: 06:30
01:03:34  ──────────────────────────────────────────────────
01:03:34    STEP 6: Discord 新聞投稿 (06:30 予約)
01:03:34  ──────────────────────────────────────────────────
06:33:00    ✅ STEP 6 完了  (19766.5秒)
06:33:00  ──────────────────────────────────────────────────
06:33:00    STEP 7: 日次バックテスト突合 (lr_backtest --all)
06:33:00  ──────────────────────────────────────────────────
06:33:01    ✅ STEP 7 完了  (1.1秒)
06:33:01    correction_params.json を更新しました。
08:38:14  =======================================================
08:38:14    ボートリサーチ 全自動処理
08:38:14    対象日付 : 2026-04-17
08:38:14    ログ     : C:\Users\user\Desktop\データ収集\scripts\logs\20260417.log
08:38:14  =======================================================
08:38:14  ──────────────────────────────────────────────────
08:38:14    STEP 0: 前日結果CSV取得 (20260416)
08:38:14  ──────────────────────────────────────────────────
08:43:14    ❌ STEP 0 タイムアウト (300秒)
08:43:14  ──────────────────────────────────────────────────
08:43:14    STEP 1: 番組表 LZH ダウンロード
08:43:14  ──────────────────────────────────────────────────
08:43:34    ✅ STEP 1 完了  (20.0秒)
08:43:34  ──────────────────────────────────────────────────
08:43:34    STEP 2: LZH → CSV 変換
08:43:34  ──────────────────────────────────────────────────
08:43:35    ✅ STEP 2 完了  (0.3秒)
08:43:35  ──────────────────────────────────────────────────
08:43:35    STEP 3: Motor 2-rate scraping
08:43:35  ──────────────────────────────────────────────────
08:48:35    ❌ STEP 3 タイムアウト (300秒)
08:48:35  ──────────────────────────────────────────────────
08:48:35    STEP 3: フライング情報取得 (全場)
08:48:35  ──────────────────────────────────────────────────
08:50:50    ✅ STEP 3 完了  (135.1秒)
08:50:50  ──────────────────────────────────────────────────
08:50:50    STEP 4: フライングデータ → マスタ反映
08:50:50  ──────────────────────────────────────────────────
08:50:50    ✅ STEP 4 完了  (0.7秒)
08:50:50  ──────────────────────────────────────────────────
08:50:50    STEP 5: 指数計算・新聞・PNG 出力 (全場)
08:50:50  ──────────────────────────────────────────────────
09:12:47    ✅ STEP 5 完了  (1316.4秒)
09:12:47  =======================================================
09:12:47  ✅ 全処理完了！  (2026-04-17)
09:12:47     ログ: C:\Users\user\Desktop\データ収集\scripts\logs\20260417.log
09:12:47  =======================================================
09:12:47    Discord 投稿時刻: 06:30
09:12:47  ──────────────────────────────────────────────────
09:12:47    STEP 6: Discord 新聞投稿 (06:30 予約)
09:12:47  ──────────────────────────────────────────────────
09:13:05    ⚠️  STEP 6 終了コード 3221225786  (17.8秒)  → 続行します
