07:11:07  =======================================================
07:11:07    ボートリサーチ 全自動処理
07:11:07    対象日付 : 2026-05-11
07:11:07    ログ     : C:\Users\user\Desktop\データ収集\scripts\logs\20260511.log
07:11:07  =======================================================
07:11:07  ──────────────────────────────────────────────────
07:11:07    STEP 0: 前日結果CSV取得 (20260510)
07:11:07  ──────────────────────────────────────────────────
07:11:10    ⚠️  STEP 0 終了コード 1  (2.6秒)  → 続行します
07:11:10  ──────────────────────────────────────────────────
07:11:10    STEP 1: 番組表 LZH ダウンロード
07:11:10  ──────────────────────────────────────────────────
07:11:31    ✅ STEP 1 完了  (21.6秒)
07:11:31  ──────────────────────────────────────────────────
07:11:31    STEP 2: LZH → CSV 変換
07:11:31  ──────────────────────────────────────────────────
07:11:32    ✅ STEP 2 完了  (0.4秒)
07:11:32  ──────────────────────────────────────────────────
07:11:32    STEP 3: Motor 2-rate scraping
07:11:32  ──────────────────────────────────────────────────
07:16:32    ❌ STEP 3 タイムアウト (300秒)
07:16:32  ──────────────────────────────────────────────────
07:16:32    STEP 3: フライング情報取得 (全場)
07:16:32  ──────────────────────────────────────────────────
07:18:53    ✅ STEP 3 完了  (141.4秒)
07:18:53  ──────────────────────────────────────────────────
07:18:53    STEP 4: フライングデータ → マスタ反映
07:18:53  ──────────────────────────────────────────────────
07:18:54    ✅ STEP 4 完了  (0.8秒)
07:18:54  ──────────────────────────────────────────────────
07:18:54    STEP 5: 指数計算・新聞・PNG 出力 (全場)
07:18:54  ──────────────────────────────────────────────────
07:40:06    ✅ STEP 5 完了  (1272.0秒)
07:40:06  =======================================================
07:40:06  ✅ 全処理完了！  (2026-05-11)
07:40:06     ログ: C:\Users\user\Desktop\データ収集\scripts\logs\20260511.log
07:40:06  =======================================================
07:40:06    Discord 投稿時刻: 06:30
07:40:06  ──────────────────────────────────────────────────
07:40:06    STEP 6: Discord 新聞投稿 (06:30 予約)
07:40:06  ──────────────────────────────────────────────────
07:43:14    ✅ STEP 6 完了  (187.4秒)
07:43:14  ──────────────────────────────────────────────────
07:43:14    STEP 7: 日次バックテスト突合 (lr_backtest --all)
07:43:14  ──────────────────────────────────────────────────
07:43:15    ✅ STEP 7 完了  (1.6秒)
07:43:15    correction_params.json を更新しました。
