00:32:02  =======================================================
00:32:02    ボートリサーチ 全自動処理
00:32:02    対象日付 : 2026-05-21
00:32:02    ログ     : C:\Users\user\Desktop\データ収集\scripts\logs\20260521.log
00:32:02  =======================================================
00:32:02  ──────────────────────────────────────────────────
00:32:02    STEP 0: 前日結果CSV取得 (20260520)
00:32:02  ──────────────────────────────────────────────────
00:32:04    ⚠️  STEP 0 終了コード 1  (2.3秒)  → 続行します
00:32:04  ──────────────────────────────────────────────────
00:32:04    STEP 1: 番組表 LZH ダウンロード
00:32:04  ──────────────────────────────────────────────────
00:32:23    ✅ STEP 1 完了  (18.8秒)
00:32:23  ──────────────────────────────────────────────────
00:32:23    STEP 2: LZH → CSV 変換
00:32:23  ──────────────────────────────────────────────────
00:32:23    ✅ STEP 2 完了  (0.3秒)
00:32:23  ──────────────────────────────────────────────────
00:32:23    STEP 3: Motor 2-rate scraping
00:32:23  ──────────────────────────────────────────────────
00:37:23    ❌ STEP 3 タイムアウト (300秒)
00:37:23  ──────────────────────────────────────────────────
00:37:23    STEP 3: フライング情報取得 (全場)
00:37:23  ──────────────────────────────────────────────────
00:41:24    ✅ STEP 3 完了  (240.9秒)
00:41:24  ──────────────────────────────────────────────────
00:41:24    STEP 4: フライングデータ → マスタ反映
00:41:24  ──────────────────────────────────────────────────
00:41:25    ⚠️  STEP 4 終了コード 1  (0.5秒)  → 続行します
00:41:25  ──────────────────────────────────────────────────
00:41:25    STEP 5: 指数計算・新聞・PNG 出力 (全場)
00:41:25  ──────────────────────────────────────────────────
00:56:30    ✅ STEP 5 完了  (905.0秒)
00:56:30  =======================================================
00:56:30  ✅ 全処理完了！  (2026-05-21)
00:56:30     ログ: C:\Users\user\Desktop\データ収集\scripts\logs\20260521.log
00:56:30  =======================================================
00:56:30    Discord 投稿時刻: 06:30
00:56:30  ──────────────────────────────────────────────────
00:56:30    STEP 6: Discord 新聞投稿 (06:30 予約)
00:56:30  ──────────────────────────────────────────────────
06:32:27    ✅ STEP 6 完了  (20157.1秒)
06:32:27  ──────────────────────────────────────────────────
06:32:27    STEP 7: 日次バックテスト突合 (lr_backtest --all)
06:32:27  ──────────────────────────────────────────────────
06:32:28    ✅ STEP 7 完了  (1.0秒)
06:32:28    correction_params.json を更新しました。
