00:32:02  =======================================================
00:32:02    ボートリサーチ 全自動処理
00:32:02    対象日付 : 2026-06-06
00:32:02    ログ     : C:\Users\user\Desktop\データ収集\scripts\logs\20260606.log
00:32:02  =======================================================
00:32:02  ──────────────────────────────────────────────────
00:32:02    STEP 0: 前日結果CSV取得 (20260605)
00:32:02  ──────────────────────────────────────────────────
00:32:06    ⚠️  STEP 0 終了コード 1  (4.0秒)  → 続行します
00:32:06  ──────────────────────────────────────────────────
00:32:06    STEP 1: 番組表 LZH ダウンロード
00:32:06  ──────────────────────────────────────────────────
00:32:26    ✅ STEP 1 完了  (19.6秒)
00:32:26  ──────────────────────────────────────────────────
00:32:26    STEP 2: LZH → CSV 変換
00:32:26  ──────────────────────────────────────────────────
00:32:26    ✅ STEP 2 完了  (0.3秒)
00:32:26  ──────────────────────────────────────────────────
00:32:26    STEP 3: Motor 2-rate scraping
00:32:26  ──────────────────────────────────────────────────
00:37:26    ❌ STEP 3 タイムアウト (300秒)
00:37:26  ──────────────────────────────────────────────────
00:37:26    STEP 3: フライング情報取得 (全場)
00:37:26  ──────────────────────────────────────────────────
00:39:37    ✅ STEP 3 完了  (131.4秒)
00:39:37  ──────────────────────────────────────────────────
00:39:37    STEP 4: フライングデータ → マスタ反映
00:39:37  ──────────────────────────────────────────────────
00:39:38    ✅ STEP 4 完了  (0.7秒)
00:39:38  ──────────────────────────────────────────────────
00:39:38    STEP 5: 指数計算・新聞・PNG 出力 (全場)
00:39:38  ──────────────────────────────────────────────────
00:55:28    ✅ STEP 5 完了  (950.1秒)
00:55:28  =======================================================
00:55:28  ✅ 全処理完了！  (2026-06-06)
00:55:28     ログ: C:\Users\user\Desktop\データ収集\scripts\logs\20260606.log
00:55:28  =======================================================
00:55:28    Discord 投稿時刻: 06:30
00:55:28  ──────────────────────────────────────────────────
00:55:28    STEP 6: Discord 新聞投稿 (06:30 予約)
00:55:28  ──────────────────────────────────────────────────
06:32:17    ✅ STEP 6 完了  (20209.0秒)
06:32:17  ──────────────────────────────────────────────────
06:32:17    STEP 7: 日次バックテスト突合 (lr_backtest --all)
06:32:17  ──────────────────────────────────────────────────
06:32:19    ✅ STEP 7 完了  (2.0秒)
06:32:19    correction_params.json を更新しました。
