00:32:02  =======================================================
00:32:02    ボートリサーチ 全自動処理
00:32:02    対象日付 : 2026-06-21
00:32:02    ログ     : C:\Users\user\Desktop\データ収集\scripts\logs\20260621.log
00:32:02  =======================================================
00:32:02  ──────────────────────────────────────────────────
00:32:02    STEP 0: 前日結果CSV取得 (20260620)
00:32:02  ──────────────────────────────────────────────────
00:32:06    ⚠️  STEP 0 終了コード 1  (3.3秒)  → 続行します
00:32:06  ──────────────────────────────────────────────────
00:32:06    STEP 1: 番組表 LZH ダウンロード
00:32:06  ──────────────────────────────────────────────────
00:32:24    ✅ STEP 1 完了  (18.3秒)
00:32:24  ──────────────────────────────────────────────────
00:32:24    STEP 2: LZH → CSV 変換
00:32:24  ──────────────────────────────────────────────────
00:32:24    ✅ STEP 2 完了  (0.4秒)
00:32:24  ──────────────────────────────────────────────────
00:32:24    STEP 3: Motor 2-rate scraping
00:32:24  ──────────────────────────────────────────────────
00:37:24    ❌ STEP 3 タイムアウト (300秒)
00:37:24  ──────────────────────────────────────────────────
00:37:24    STEP 3: フライング情報取得 (全場)
00:37:24  ──────────────────────────────────────────────────
00:39:41    ✅ STEP 3 完了  (136.2秒)
00:39:41  ──────────────────────────────────────────────────
00:39:41    STEP 4: フライングデータ → マスタ反映
00:39:41  ──────────────────────────────────────────────────
00:39:41    ✅ STEP 4 完了  (0.8秒)
00:39:41  ──────────────────────────────────────────────────
00:39:41    STEP 5: 指数計算・新聞・PNG 出力 (全場)
00:39:41  ──────────────────────────────────────────────────
01:04:27    ✅ STEP 5 完了  (1486.1秒)
01:04:27  =======================================================
01:04:27  ✅ 全処理完了！  (2026-06-21)
01:04:27     ログ: C:\Users\user\Desktop\データ収集\scripts\logs\20260621.log
01:04:27  =======================================================
01:04:27    Discord 投稿時刻: 06:30
01:04:27  ──────────────────────────────────────────────────
01:04:27    STEP 6: Discord 新聞投稿 (06:30 予約)
01:04:27  ──────────────────────────────────────────────────
06:33:27    ✅ STEP 6 完了  (19739.8秒)
06:33:27  ──────────────────────────────────────────────────
06:33:27    STEP 7: 日次バックテスト突合 (lr_backtest --all)
06:33:27  ──────────────────────────────────────────────────
06:33:28    ✅ STEP 7 完了  (0.8秒)
06:33:28    correction_params.json を更新しました。
