00:32:04  =======================================================
00:32:04    ボートリサーチ 全自動処理
00:32:04    対象日付 : 2026-06-04
00:32:04    ログ     : C:\Users\user\Desktop\データ収集\scripts\logs\20260604.log
00:32:04  =======================================================
00:32:04  ──────────────────────────────────────────────────
00:32:04    STEP 0: 前日結果CSV取得 (20260603)
00:32:04  ──────────────────────────────────────────────────
00:32:11    ⚠️  STEP 0 終了コード 1  (6.6秒)  → 続行します
00:32:11  ──────────────────────────────────────────────────
00:32:11    STEP 1: 番組表 LZH ダウンロード
00:32:11  ──────────────────────────────────────────────────
00:32:34    ✅ STEP 1 完了  (22.4秒)
00:32:34  ──────────────────────────────────────────────────
00:32:34    STEP 2: LZH → CSV 変換
00:32:34  ──────────────────────────────────────────────────
00:32:34    ✅ STEP 2 完了  (0.7秒)
00:32:34  ──────────────────────────────────────────────────
00:32:34    STEP 3: Motor 2-rate scraping
00:32:34  ──────────────────────────────────────────────────
00:37:34    ❌ STEP 3 タイムアウト (300秒)
00:37:34  ──────────────────────────────────────────────────
00:37:34    STEP 3: フライング情報取得 (全場)
00:37:34  ──────────────────────────────────────────────────
00:45:59    ✅ STEP 3 完了  (504.8秒)
00:45:59  ──────────────────────────────────────────────────
00:45:59    STEP 4: フライングデータ → マスタ反映
00:45:59  ──────────────────────────────────────────────────
00:46:00    ✅ STEP 4 完了  (1.4秒)
00:46:00  ──────────────────────────────────────────────────
00:46:00    STEP 5: 指数計算・新聞・PNG 出力 (全場)
00:46:00  ──────────────────────────────────────────────────
01:07:29    ✅ STEP 5 完了  (1288.1秒)
01:07:29  =======================================================
01:07:29  ✅ 全処理完了！  (2026-06-04)
01:07:29     ログ: C:\Users\user\Desktop\データ収集\scripts\logs\20260604.log
01:07:29  =======================================================
01:07:29    Discord 投稿時刻: 06:30
01:07:29  ──────────────────────────────────────────────────
01:07:29    STEP 6: Discord 新聞投稿 (06:30 予約)
01:07:29  ──────────────────────────────────────────────────
06:32:35    ✅ STEP 6 完了  (19506.4秒)
06:32:35  ──────────────────────────────────────────────────
06:32:35    STEP 7: 日次バックテスト突合 (lr_backtest --all)
06:32:35  ──────────────────────────────────────────────────
06:32:37    ✅ STEP 7 完了  (2.1秒)
06:32:37    correction_params.json を更新しました。
09:54:56  =======================================================
09:54:56    ボートリサーチ 全自動処理
09:54:56    対象日付 : 2026-06-04
09:54:56    ログ     : C:\Users\user\Desktop\データ収集\scripts\logs\20260604.log
09:54:56  =======================================================
09:54:56  ──────────────────────────────────────────────────
09:54:56    STEP 0: 前日結果CSV取得 (20260603)
09:54:56  ──────────────────────────────────────────────────
09:54:58    ⚠️  STEP 0 終了コード 1  (2.4秒)  → 続行します
09:54:58  ──────────────────────────────────────────────────
09:54:58    STEP 1: 番組表 LZH ダウンロード
09:54:58  ──────────────────────────────────────────────────
09:55:16    ✅ STEP 1 完了  (17.5秒)
09:55:16  ──────────────────────────────────────────────────
09:55:16    STEP 2: LZH → CSV 変換
09:55:16  ──────────────────────────────────────────────────
09:55:16    ✅ STEP 2 完了  (0.4秒)
09:55:16  ──────────────────────────────────────────────────
09:55:16    STEP 3: Motor 2-rate scraping
09:55:16  ──────────────────────────────────────────────────
