03:47:22  =======================================================
03:47:22    ボートリサーチ 全自動処理
03:47:22    対象日付 : 2026-05-18
03:47:22    ログ     : C:\Users\user\Desktop\データ収集\scripts\logs\20260518.log
03:47:22  =======================================================
03:47:22  ──────────────────────────────────────────────────
03:47:22    STEP 0: 前日結果CSV取得 (20260517)
03:47:22  ──────────────────────────────────────────────────
03:47:25    ⚠️  STEP 0 終了コード 1  (3.3秒)  → 続行します
03:47:25  ──────────────────────────────────────────────────
03:47:25    STEP 1: 番組表 LZH ダウンロード
03:47:25  ──────────────────────────────────────────────────
03:47:45    ✅ STEP 1 完了  (19.2秒)
03:47:45  ──────────────────────────────────────────────────
03:47:45    STEP 2: LZH → CSV 変換
03:47:45  ──────────────────────────────────────────────────
03:47:45    ✅ STEP 2 完了  (0.3秒)
03:47:45  ──────────────────────────────────────────────────
03:47:45    STEP 3: Motor 2-rate scraping
03:47:45  ──────────────────────────────────────────────────
03:52:45    ❌ STEP 3 タイムアウト (300秒)
03:52:45  ──────────────────────────────────────────────────
03:52:45    STEP 3: フライング情報取得 (全場)
03:52:45  ──────────────────────────────────────────────────
03:54:48    ✅ STEP 3 完了  (123.1秒)
03:54:48  ──────────────────────────────────────────────────
03:54:48    STEP 4: フライングデータ → マスタ反映
03:54:48  ──────────────────────────────────────────────────
03:54:49    ✅ STEP 4 完了  (0.6秒)
03:54:49  ──────────────────────────────────────────────────
03:54:49    STEP 5: 指数計算・新聞・PNG 出力 (全場)
03:54:49  ──────────────────────────────────────────────────
04:08:19    ✅ STEP 5 完了  (810.8秒)
04:08:19  =======================================================
04:08:19  ✅ 全処理完了！  (2026-05-18)
04:08:19     ログ: C:\Users\user\Desktop\データ収集\scripts\logs\20260518.log
04:08:19  =======================================================
04:08:19    Discord 投稿時刻: 06:30
04:08:19  ──────────────────────────────────────────────────
04:08:19    STEP 6: Discord 新聞投稿 (06:30 予約)
04:08:19  ──────────────────────────────────────────────────
06:32:16    ✅ STEP 6 完了  (8636.3秒)
06:32:16  ──────────────────────────────────────────────────
06:32:16    STEP 7: 日次バックテスト突合 (lr_backtest --all)
06:32:16  ──────────────────────────────────────────────────
06:32:17    ✅ STEP 7 完了  (1.3秒)
06:32:17    correction_params.json を更新しました。
