00:32:03  =======================================================
00:32:03    ボートリサーチ 全自動処理
00:32:03    対象日付 : 2026-06-03
00:32:03    ログ     : C:\Users\user\Desktop\データ収集\scripts\logs\20260603.log
00:32:03  =======================================================
00:32:03  ──────────────────────────────────────────────────
00:32:03    STEP 0: 前日結果CSV取得 (20260602)
00:32:03  ──────────────────────────────────────────────────
00:32:06    ⚠️  STEP 0 終了コード 1  (3.0秒)  → 続行します
00:32:06  ──────────────────────────────────────────────────
00:32:06    STEP 1: 番組表 LZH ダウンロード
00:32:06  ──────────────────────────────────────────────────
00:32:27    ✅ STEP 1 完了  (21.1秒)
00:32:27  ──────────────────────────────────────────────────
00:32:27    STEP 2: LZH → CSV 変換
00:32:27  ──────────────────────────────────────────────────
00:32:27    ✅ STEP 2 完了  (0.4秒)
00:32:27  ──────────────────────────────────────────────────
00:32:27    STEP 3: Motor 2-rate scraping
00:32:27  ──────────────────────────────────────────────────
00:37:27    ❌ STEP 3 タイムアウト (300秒)
00:37:27  ──────────────────────────────────────────────────
00:37:27    STEP 3: フライング情報取得 (全場)
00:37:27  ──────────────────────────────────────────────────
00:39:43    ✅ STEP 3 完了  (135.8秒)
00:39:43  ──────────────────────────────────────────────────
00:39:43    STEP 4: フライングデータ → マスタ反映
00:39:43  ──────────────────────────────────────────────────
00:39:44    ✅ STEP 4 完了  (1.2秒)
00:39:44  ──────────────────────────────────────────────────
00:39:44    STEP 5: 指数計算・新聞・PNG 出力 (全場)
00:39:44  ──────────────────────────────────────────────────
00:59:32    ✅ STEP 5 完了  (1187.4秒)
00:59:32  =======================================================
00:59:32  ✅ 全処理完了！  (2026-06-03)
00:59:32     ログ: C:\Users\user\Desktop\データ収集\scripts\logs\20260603.log
00:59:32  =======================================================
00:59:32    Discord 投稿時刻: 06:30
00:59:32  ──────────────────────────────────────────────────
00:59:32    STEP 6: Discord 新聞投稿 (06:30 予約)
00:59:32  ──────────────────────────────────────────────────
06:33:27    ✅ STEP 6 完了  (20035.2秒)
06:33:27  ──────────────────────────────────────────────────
06:33:27    STEP 7: 日次バックテスト突合 (lr_backtest --all)
06:33:27  ──────────────────────────────────────────────────
06:33:30    ✅ STEP 7 完了  (3.1秒)
06:33:30    correction_params.json を更新しました。
