00:32:03  =======================================================
00:32:03    ボートリサーチ 全自動処理
00:32:03    対象日付 : 2026-06-01
00:32:03    ログ     : C:\Users\user\Desktop\データ収集\scripts\logs\20260601.log
00:32:03  =======================================================
00:32:03  ──────────────────────────────────────────────────
00:32:03    STEP 0: 前日結果CSV取得 (20260531)
00:32:03  ──────────────────────────────────────────────────
00:32:05    ⚠️  STEP 0 終了コード 1  (2.9秒)  → 続行します
00:32:05  ──────────────────────────────────────────────────
00:32:05    STEP 1: 番組表 LZH ダウンロード
00:32:05  ──────────────────────────────────────────────────
00:32:24    ✅ STEP 1 完了  (18.4秒)
00:32:24  ──────────────────────────────────────────────────
00:32:24    STEP 2: LZH → CSV 変換
00:32:24  ──────────────────────────────────────────────────
00:32:24    ✅ STEP 2 完了  (0.4秒)
00:32:24  ──────────────────────────────────────────────────
00:32:24    STEP 3: Motor 2-rate scraping
00:32:24  ──────────────────────────────────────────────────
00:37:24    ❌ STEP 3 タイムアウト (300秒)
00:37:24  ──────────────────────────────────────────────────
00:37:24    STEP 3: フライング情報取得 (全場)
00:37:24  ──────────────────────────────────────────────────
00:39:34    ✅ STEP 3 完了  (130.1秒)
00:39:34  ──────────────────────────────────────────────────
00:39:34    STEP 4: フライングデータ → マスタ反映
00:39:34  ──────────────────────────────────────────────────
00:39:35    ✅ STEP 4 完了  (0.7秒)
00:39:35  ──────────────────────────────────────────────────
00:39:35    STEP 5: 指数計算・新聞・PNG 出力 (全場)
00:39:35  ──────────────────────────────────────────────────
00:56:08    ✅ STEP 5 完了  (993.2秒)
00:56:08  =======================================================
00:56:08  ✅ 全処理完了！  (2026-06-01)
00:56:08     ログ: C:\Users\user\Desktop\データ収集\scripts\logs\20260601.log
00:56:08  =======================================================
00:56:08    Discord 投稿時刻: 06:30
00:56:08  ──────────────────────────────────────────────────
00:56:08    STEP 6: Discord 新聞投稿 (06:30 予約)
00:56:08  ──────────────────────────────────────────────────
06:32:37    ✅ STEP 6 完了  (20189.0秒)
06:32:37  ──────────────────────────────────────────────────
06:32:37    STEP 7: 日次バックテスト突合 (lr_backtest --all)
06:32:37  ──────────────────────────────────────────────────
06:32:38    ✅ STEP 7 完了  (1.0秒)
06:32:38    correction_params.json を更新しました。
