00:32:04  =======================================================
00:32:04    ボートリサーチ 全自動処理
00:32:04    対象日付 : 2026-04-09
00:32:04    ログ     : C:\Users\user\Desktop\データ収集\scripts\logs\20260409.log
00:32:04  =======================================================
00:32:04  ──────────────────────────────────────────────────
00:32:04    STEP 1: 番組表 LZH ダウンロード
00:32:04  ──────────────────────────────────────────────────
00:32:23    ✅ STEP 1 完了  (18.8秒)
00:32:23  ──────────────────────────────────────────────────
00:32:23    STEP 2: LZH → CSV 変換
00:32:23  ──────────────────────────────────────────────────
00:32:23    ✅ STEP 2 完了  (0.3秒)
00:32:23  ──────────────────────────────────────────────────
00:32:23    STEP 3: フライング情報取得 (全場)
00:32:23  ──────────────────────────────────────────────────
00:36:27    ✅ STEP 3 完了  (244.4秒)
00:36:27  ──────────────────────────────────────────────────
00:36:27    STEP 4: フライングデータ → マスタ反映
00:36:27  ──────────────────────────────────────────────────
00:36:28    ⚠️  STEP 4 終了コード 1  (0.8秒)  → 続行します
00:36:28  ──────────────────────────────────────────────────
00:36:28    STEP 5: 指数計算・新聞・PNG 出力 (全場)
00:36:28  ──────────────────────────────────────────────────
00:52:16    ✅ STEP 5 完了  (948.3秒)
00:52:17  =======================================================
00:52:17  ✅ 全処理完了！  (2026-04-09)
00:52:17     ログ: C:\Users\user\Desktop\データ収集\scripts\logs\20260409.log
00:52:17  =======================================================
00:52:17    Discord 投稿時刻: 06:30
00:52:17  ──────────────────────────────────────────────────
00:52:17    STEP 6: Discord 新聞投稿 (06:30 予約)
00:52:17  ──────────────────────────────────────────────────
06:32:09    ✅ STEP 6 完了  (20392.1秒)
