00:32:04  =======================================================
00:32:04    ボートリサーチ 全自動処理
00:32:04    対象日付 : 2026-06-20
00:32:04    ログ     : C:\Users\user\Desktop\データ収集\scripts\logs\20260620.log
00:32:04  =======================================================
00:32:04  ──────────────────────────────────────────────────
00:32:04    STEP 0: 前日結果CSV取得 (20260619)
00:32:04  ──────────────────────────────────────────────────
00:32:08    ⚠️  STEP 0 終了コード 1  (3.5秒)  → 続行します
00:32:08  ──────────────────────────────────────────────────
00:32:08    STEP 1: 番組表 LZH ダウンロード
00:32:08  ──────────────────────────────────────────────────
00:32:29    ✅ STEP 1 完了  (21.4秒)
00:32:29  ──────────────────────────────────────────────────
00:32:29    STEP 2: LZH → CSV 変換
00:32:29  ──────────────────────────────────────────────────
00:32:30    ✅ STEP 2 完了  (0.4秒)
00:32:30  ──────────────────────────────────────────────────
00:32:30    STEP 3: Motor 2-rate scraping
00:32:30  ──────────────────────────────────────────────────
00:37:30    ❌ STEP 3 タイムアウト (300秒)
00:37:30  ──────────────────────────────────────────────────
00:37:30    STEP 3: フライング情報取得 (全場)
00:37:30  ──────────────────────────────────────────────────
00:39:51    ✅ STEP 3 完了  (141.1秒)
00:39:51  ──────────────────────────────────────────────────
00:39:51    STEP 4: フライングデータ → マスタ反映
00:39:51  ──────────────────────────────────────────────────
00:39:52    ✅ STEP 4 完了  (1.0秒)
00:39:52  ──────────────────────────────────────────────────
00:39:52    STEP 5: 指数計算・新聞・PNG 出力 (全場)
00:39:52  ──────────────────────────────────────────────────
01:05:01    ✅ STEP 5 完了  (1509.7秒)
01:05:01  =======================================================
01:05:01  ✅ 全処理完了！  (2026-06-20)
01:05:01     ログ: C:\Users\user\Desktop\データ収集\scripts\logs\20260620.log
01:05:01  =======================================================
01:05:01    Discord 投稿時刻: 06:30
01:05:01  ──────────────────────────────────────────────────
01:05:01    STEP 6: Discord 新聞投稿 (06:30 予約)
01:05:01  ──────────────────────────────────────────────────
06:33:10    ✅ STEP 6 完了  (19688.5秒)
06:33:10  ──────────────────────────────────────────────────
06:33:10    STEP 7: 日次バックテスト突合 (lr_backtest --all)
06:33:10  ──────────────────────────────────────────────────
06:33:12    ✅ STEP 7 完了  (2.1秒)
06:33:12    correction_params.json を更新しました。
