00:32:03  =======================================================
00:32:03    ボートリサーチ 全自動処理
00:32:03    対象日付 : 2026-04-24
00:32:03    ログ     : C:\Users\user\Desktop\データ収集\scripts\logs\20260424.log
00:32:03  =======================================================
00:32:03  ──────────────────────────────────────────────────
00:32:03    STEP 0: 前日結果CSV取得 (20260423)
00:32:03  ──────────────────────────────────────────────────
00:32:06    ⚠️  STEP 0 終了コード 1  (3.3秒)  → 続行します
00:32:06  ──────────────────────────────────────────────────
00:32:06    STEP 1: 番組表 LZH ダウンロード
00:32:06  ──────────────────────────────────────────────────
00:32:24    ✅ STEP 1 完了  (18.3秒)
00:32:24  ──────────────────────────────────────────────────
00:32:24    STEP 2: LZH → CSV 変換
00:32:24  ──────────────────────────────────────────────────
00:32:25    ✅ STEP 2 完了  (0.4秒)
00:32:25  ──────────────────────────────────────────────────
00:32:25    STEP 3: Motor 2-rate scraping
00:32:25  ──────────────────────────────────────────────────
00:37:25    ❌ STEP 3 タイムアウト (300秒)
00:37:25  ──────────────────────────────────────────────────
00:37:25    STEP 3: フライング情報取得 (全場)
00:37:25  ──────────────────────────────────────────────────
00:41:25    ✅ STEP 3 完了  (240.3秒)
00:41:25  ──────────────────────────────────────────────────
00:41:25    STEP 4: フライングデータ → マスタ反映
00:41:25  ──────────────────────────────────────────────────
00:41:26    ⚠️  STEP 4 終了コード 1  (0.6秒)  → 続行します
00:41:26  ──────────────────────────────────────────────────
00:41:26    STEP 5: 指数計算・新聞・PNG 出力 (全場)
00:41:26  ──────────────────────────────────────────────────
00:59:28    ✅ STEP 5 完了  (1082.7秒)
00:59:28  =======================================================
00:59:28  ✅ 全処理完了！  (2026-04-24)
00:59:28     ログ: C:\Users\user\Desktop\データ収集\scripts\logs\20260424.log
00:59:28  =======================================================
00:59:28    Discord 投稿時刻: 06:30
00:59:28  ──────────────────────────────────────────────────
00:59:28    STEP 6: Discord 新聞投稿 (06:30 予約)
00:59:28  ──────────────────────────────────────────────────
06:33:10    ✅ STEP 6 完了  (20021.5秒)
06:33:10  ──────────────────────────────────────────────────
06:33:10    STEP 7: 日次バックテスト突合 (lr_backtest --all)
06:33:10  ──────────────────────────────────────────────────
06:33:12    ✅ STEP 7 完了  (2.4秒)
06:33:12    correction_params.json を更新しました。
