00:32:03  =======================================================
00:32:03    ボートリサーチ 全自動処理
00:32:03    対象日付 : 2026-04-13
00:32:03    ログ     : C:\Users\user\Desktop\データ収集\scripts\logs\20260413.log
00:32:03  =======================================================
00:32:03  ──────────────────────────────────────────────────
00:32:03    STEP 0: 前日結果CSV取得 (20260412)
00:32:03  ──────────────────────────────────────────────────
00:37:03    ❌ STEP 0 タイムアウト (300秒)
00:37:03  ──────────────────────────────────────────────────
00:37:03    STEP 1: 番組表 LZH ダウンロード
00:37:03  ──────────────────────────────────────────────────
00:37:22    ✅ STEP 1 完了  (19.5秒)
00:37:22  ──────────────────────────────────────────────────
00:37:22    STEP 2: LZH → CSV 変換
00:37:22  ──────────────────────────────────────────────────
00:37:23    ✅ STEP 2 完了  (0.6秒)
00:37:23  ──────────────────────────────────────────────────
00:37:23    STEP 3: Motor 2-rate scraping
00:37:23  ──────────────────────────────────────────────────
00:42:23    ❌ STEP 3 タイムアウト (300秒)
00:42:23  ──────────────────────────────────────────────────
00:42:23    STEP 3: フライング情報取得 (全場)
00:42:23  ──────────────────────────────────────────────────
00:45:08    ✅ STEP 3 完了  (165.0秒)
00:45:08  ──────────────────────────────────────────────────
00:45:08    STEP 4: フライングデータ → マスタ反映
00:45:08  ──────────────────────────────────────────────────
00:45:10    ✅ STEP 4 完了  (1.5秒)
00:45:10  ──────────────────────────────────────────────────
00:45:10    STEP 5: 指数計算・新聞・PNG 出力 (全場)
00:45:10  ──────────────────────────────────────────────────
01:10:18    ✅ STEP 5 完了  (1508.3秒)
01:10:18  =======================================================
01:10:18  ✅ 全処理完了！  (2026-04-13)
01:10:18     ログ: C:\Users\user\Desktop\データ収集\scripts\logs\20260413.log
01:10:18  =======================================================
01:10:18    Discord 投稿時刻: 06:30
01:10:18  ──────────────────────────────────────────────────
01:10:18    STEP 6: Discord 新聞投稿 (06:30 予約)
01:10:18  ──────────────────────────────────────────────────
06:33:02    ✅ STEP 6 完了  (19363.9秒)
06:33:02  ──────────────────────────────────────────────────
06:33:02    STEP 7: 日次バックテスト突合 (lr_backtest --all)
06:33:02  ──────────────────────────────────────────────────
06:33:04    ✅ STEP 7 完了  (2.2秒)
06:33:04    correction_params.json を更新しました。
