00:32:10  =======================================================
00:32:10    ボートリサーチ 全自動処理
00:32:10    対象日付 : 2026-04-06
00:32:10    ログ     : C:\Users\user\Desktop\データ収集\scripts\logs\20260406.log
00:32:10  =======================================================
00:32:10  ──────────────────────────────────────────────────
00:32:10    STEP 1: 番組表 LZH ダウンロード
00:32:10  ──────────────────────────────────────────────────
00:32:50    ✅ STEP 1 完了  (39.8秒)
00:32:50  ──────────────────────────────────────────────────
00:32:50    STEP 2: LZH → CSV 変換
00:32:50  ──────────────────────────────────────────────────
00:32:54    ✅ STEP 2 完了  (3.6秒)
00:32:54  ──────────────────────────────────────────────────
00:32:54    STEP 3: フライング情報取得 (全場)
00:32:54  ──────────────────────────────────────────────────
00:34:39    ✅ STEP 3 完了  (105.2秒)
00:34:39  ──────────────────────────────────────────────────
00:34:39    STEP 4: フライングデータ → マスタ反映
00:34:39  ──────────────────────────────────────────────────
00:35:36    ⚠️  STEP 4 終了コード 1  (56.3秒)  → 続行します
00:35:36  ──────────────────────────────────────────────────
00:35:36    STEP 5: 指数計算・新聞・PNG 出力 (全場)
00:35:37  ──────────────────────────────────────────────────
00:59:10    ✅ STEP 5 完了  (1412.5秒)
00:59:10  =======================================================
00:59:10  ✅ 全処理完了！  (2026-04-06)
00:59:10     ログ: C:\Users\user\Desktop\データ収集\scripts\logs\20260406.log
00:59:10  =======================================================
00:59:10    Discord 投稿時刻: 06:30
00:59:10  ──────────────────────────────────────────────────
00:59:10    STEP 6: Discord 新聞投稿 (06:30 予約)
00:59:10  ──────────────────────────────────────────────────
06:32:52    ✅ STEP 6 完了  (20022.6秒)
