00:32:03  =======================================================
00:32:03    ボートリサーチ 全自動処理
00:32:03    対象日付 : 2026-06-02
00:32:03    ログ     : C:\Users\user\Desktop\データ収集\scripts\logs\20260602.log
00:32:03  =======================================================
00:32:03  ──────────────────────────────────────────────────
00:32:03    STEP 0: 前日結果CSV取得 (20260601)
00:32:03  ──────────────────────────────────────────────────
00:32:06    ⚠️  STEP 0 終了コード 1  (3.0秒)  → 続行します
00:32:06  ──────────────────────────────────────────────────
00:32:06    STEP 1: 番組表 LZH ダウンロード
00:32:06  ──────────────────────────────────────────────────
00:32:25    ✅ STEP 1 完了  (19.1秒)
00:32:25  ──────────────────────────────────────────────────
00:32:25    STEP 2: LZH → CSV 変換
00:32:25  ──────────────────────────────────────────────────
00:32:26    ✅ STEP 2 完了  (0.3秒)
00:32:26  ──────────────────────────────────────────────────
00:32:26    STEP 3: Motor 2-rate scraping
00:32:26  ──────────────────────────────────────────────────
00:37:26    ❌ STEP 3 タイムアウト (300秒)
00:37:26  ──────────────────────────────────────────────────
00:37:26    STEP 3: フライング情報取得 (全場)
00:37:26  ──────────────────────────────────────────────────
00:39:37    ✅ STEP 3 完了  (131.5秒)
00:39:37  ──────────────────────────────────────────────────
00:39:37    STEP 4: フライングデータ → マスタ反映
00:39:37  ──────────────────────────────────────────────────
00:39:38    ✅ STEP 4 完了  (0.7秒)
00:39:38  ──────────────────────────────────────────────────
00:39:38    STEP 5: 指数計算・新聞・PNG 出力 (全場)
00:39:38  ──────────────────────────────────────────────────
00:56:46    ✅ STEP 5 完了  (1028.0秒)
00:56:46  =======================================================
00:56:46  ✅ 全処理完了！  (2026-06-02)
00:56:46     ログ: C:\Users\user\Desktop\データ収集\scripts\logs\20260602.log
00:56:46  =======================================================
00:56:46    Discord 投稿時刻: 06:30
00:56:46  ──────────────────────────────────────────────────
00:56:46    STEP 6: Discord 新聞投稿 (06:30 予約)
00:56:46  ──────────────────────────────────────────────────
06:32:51    ✅ STEP 6 完了  (20165.1秒)
06:32:51  ──────────────────────────────────────────────────
06:32:51    STEP 7: 日次バックテスト突合 (lr_backtest --all)
06:32:51  ──────────────────────────────────────────────────
06:32:53    ✅ STEP 7 完了  (1.9秒)
06:32:53    correction_params.json を更新しました。
