00:32:02  =======================================================
00:32:02    ボートリサーチ 全自動処理
00:32:02    対象日付 : 2026-04-28
00:32:02    ログ     : C:\Users\user\Desktop\データ収集\scripts\logs\20260428.log
00:32:02  =======================================================
00:32:02  ──────────────────────────────────────────────────
00:32:02    STEP 0: 前日結果CSV取得 (20260427)
00:32:02  ──────────────────────────────────────────────────
00:32:05    ⚠️  STEP 0 終了コード 1  (2.6秒)  → 続行します
00:32:05  ──────────────────────────────────────────────────
00:32:05    STEP 1: 番組表 LZH ダウンロード
00:32:05  ──────────────────────────────────────────────────
00:32:26    ✅ STEP 1 完了  (21.2秒)
00:32:26  ──────────────────────────────────────────────────
00:32:26    STEP 2: LZH → CSV 変換
00:32:26  ──────────────────────────────────────────────────
00:34:07    ✅ STEP 2 完了  (101.7秒)
00:34:08  ──────────────────────────────────────────────────
00:34:08    STEP 3: Motor 2-rate scraping
00:34:08  ──────────────────────────────────────────────────
00:39:08    ❌ STEP 3 タイムアウト (300秒)
00:39:08  ──────────────────────────────────────────────────
00:39:08    STEP 3: フライング情報取得 (全場)
00:39:08  ──────────────────────────────────────────────────
00:41:20    ✅ STEP 3 完了  (132.1秒)
00:41:20  ──────────────────────────────────────────────────
00:41:20    STEP 4: フライングデータ → マスタ反映
00:41:20  ──────────────────────────────────────────────────
00:41:21    ✅ STEP 4 完了  (1.0秒)
00:41:21  ──────────────────────────────────────────────────
00:41:21    STEP 5: 指数計算・新聞・PNG 出力 (全場)
00:41:21  ──────────────────────────────────────────────────
01:01:55    ✅ STEP 5 完了  (1234.2秒)
01:01:55  =======================================================
01:01:55  ✅ 全処理完了！  (2026-04-28)
01:01:55     ログ: C:\Users\user\Desktop\データ収集\scripts\logs\20260428.log
01:01:55  =======================================================
01:01:55    Discord 投稿時刻: 06:30
01:01:55  ──────────────────────────────────────────────────
01:01:55    STEP 6: Discord 新聞投稿 (06:30 予約)
01:01:55  ──────────────────────────────────────────────────
06:33:34    ✅ STEP 6 完了  (19899.0秒)
06:33:34  ──────────────────────────────────────────────────
06:33:34    STEP 7: 日次バックテスト突合 (lr_backtest --all)
06:33:34  ──────────────────────────────────────────────────
06:33:35    ✅ STEP 7 完了  (1.3秒)
06:33:35    correction_params.json を更新しました。
