00:32:02  =======================================================
00:32:02    ボートリサーチ 全自動処理
00:32:02    対象日付 : 2026-05-10
00:32:02    ログ     : C:\Users\user\Desktop\データ収集\scripts\logs\20260510.log
00:32:02  =======================================================
00:32:02  ──────────────────────────────────────────────────
00:32:02    STEP 0: 前日結果CSV取得 (20260509)
00:32:02  ──────────────────────────────────────────────────
00:32:05    ⚠️  STEP 0 終了コード 1  (3.1秒)  → 続行します
00:32:05  ──────────────────────────────────────────────────
00:32:05    STEP 1: 番組表 LZH ダウンロード
00:32:05  ──────────────────────────────────────────────────
00:32:22    ✅ STEP 1 完了  (17.2秒)
00:32:22  ──────────────────────────────────────────────────
00:32:22    STEP 2: LZH → CSV 変換
00:32:22  ──────────────────────────────────────────────────
00:32:22    ✅ STEP 2 完了  (0.3秒)
00:32:22  ──────────────────────────────────────────────────
00:32:22    STEP 3: Motor 2-rate scraping
00:32:22  ──────────────────────────────────────────────────
00:37:23    ❌ STEP 3 タイムアウト (300秒)
00:37:23  ──────────────────────────────────────────────────
00:37:23    STEP 3: フライング情報取得 (全場)
00:37:23  ──────────────────────────────────────────────────
00:39:32    ✅ STEP 3 完了  (129.3秒)
00:39:32  ──────────────────────────────────────────────────
00:39:32    STEP 4: フライングデータ → マスタ反映
00:39:32  ──────────────────────────────────────────────────
00:39:33    ✅ STEP 4 完了  (0.8秒)
00:39:33  ──────────────────────────────────────────────────
00:39:33    STEP 5: 指数計算・新聞・PNG 出力 (全場)
00:39:33  ──────────────────────────────────────────────────
00:56:39    ✅ STEP 5 完了  (1026.3秒)
00:56:39  =======================================================
00:56:39  ✅ 全処理完了！  (2026-05-10)
00:56:39     ログ: C:\Users\user\Desktop\データ収集\scripts\logs\20260510.log
00:56:39  =======================================================
00:56:39    Discord 投稿時刻: 06:30
00:56:39  ──────────────────────────────────────────────────
00:56:39    STEP 6: Discord 新聞投稿 (06:30 予約)
00:56:39  ──────────────────────────────────────────────────
06:32:32    ✅ STEP 6 完了  (20152.8秒)
06:32:32  ──────────────────────────────────────────────────
06:32:32    STEP 7: 日次バックテスト突合 (lr_backtest --all)
06:32:32  ──────────────────────────────────────────────────
06:32:34    ✅ STEP 7 完了  (2.1秒)
06:32:34    correction_params.json を更新しました。
