00:32:03  =======================================================
00:32:03    ボートリサーチ 全自動処理
00:32:03    対象日付 : 2026-06-15
00:32:03    ログ     : C:\Users\user\Desktop\データ収集\scripts\logs\20260615.log
00:32:03  =======================================================
00:32:03  ──────────────────────────────────────────────────
00:32:03    STEP 0: 前日結果CSV取得 (20260614)
00:32:03  ──────────────────────────────────────────────────
00:32:07    ⚠️  STEP 0 終了コード 1  (3.9秒)  → 続行します
00:32:07  ──────────────────────────────────────────────────
00:32:07    STEP 1: 番組表 LZH ダウンロード
00:32:07  ──────────────────────────────────────────────────
00:32:28    ✅ STEP 1 完了  (20.5秒)
00:32:28  ──────────────────────────────────────────────────
00:32:28    STEP 2: LZH → CSV 変換
00:32:28  ──────────────────────────────────────────────────
00:32:28    ✅ STEP 2 完了  (0.4秒)
00:32:28  ──────────────────────────────────────────────────
00:32:28    STEP 3: Motor 2-rate scraping
00:32:28  ──────────────────────────────────────────────────
00:37:28    ❌ STEP 3 タイムアウト (300秒)
00:37:28  ──────────────────────────────────────────────────
00:37:28    STEP 3: フライング情報取得 (全場)
00:37:28  ──────────────────────────────────────────────────
00:39:42    ✅ STEP 3 完了  (133.7秒)
00:39:42  ──────────────────────────────────────────────────
00:39:42    STEP 4: フライングデータ → マスタ反映
00:39:42  ──────────────────────────────────────────────────
00:39:42    ✅ STEP 4 完了  (0.8秒)
00:39:42  ──────────────────────────────────────────────────
00:39:42    STEP 5: 指数計算・新聞・PNG 出力 (全場)
00:39:42  ──────────────────────────────────────────────────
00:58:39    ✅ STEP 5 完了  (1136.6秒)
00:58:39  =======================================================
00:58:39  ✅ 全処理完了！  (2026-06-15)
00:58:39     ログ: C:\Users\user\Desktop\データ収集\scripts\logs\20260615.log
00:58:39  =======================================================
00:58:39    Discord 投稿時刻: 06:30
00:58:39  ──────────────────────────────────────────────────
00:58:39    STEP 6: Discord 新聞投稿 (06:30 予約)
00:58:39  ──────────────────────────────────────────────────
06:32:24    ✅ STEP 6 完了  (20024.9秒)
06:32:24  ──────────────────────────────────────────────────
06:32:24    STEP 7: 日次バックテスト突合 (lr_backtest --all)
06:32:24  ──────────────────────────────────────────────────
06:32:26    ✅ STEP 7 完了  (1.9秒)
06:32:26    correction_params.json を更新しました。
