00:37:27  =======================================================
00:37:27    ボートリサーチ 全自動処理
00:37:27    対象日付 : 2026-04-19
00:37:27    ログ     : C:\Users\user\Desktop\データ収集\scripts\logs\20260419.log
00:37:27  =======================================================
00:37:27  ──────────────────────────────────────────────────
00:37:27    STEP 0: 前日結果CSV取得 (20260418)
00:37:27  ──────────────────────────────────────────────────
00:37:45    ⚠️  STEP 0 終了コード 1  (18.4秒)  → 続行します
00:37:45  ──────────────────────────────────────────────────
00:37:45    STEP 1: 番組表 LZH ダウンロード
00:37:45  ──────────────────────────────────────────────────
00:38:05    ✅ STEP 1 完了  (19.8秒)
00:38:05  ──────────────────────────────────────────────────
00:38:05    STEP 2: LZH → CSV 変換
00:38:05  ──────────────────────────────────────────────────
00:38:05    ✅ STEP 2 完了  (0.7秒)
00:38:05  ──────────────────────────────────────────────────
00:38:05    STEP 3: Motor 2-rate scraping
00:38:05  ──────────────────────────────────────────────────
00:43:06    ❌ STEP 3 タイムアウト (300秒)
00:43:06  ──────────────────────────────────────────────────
00:43:06    STEP 3: フライング情報取得 (全場)
00:43:06  ──────────────────────────────────────────────────
00:45:21    ✅ STEP 3 完了  (135.3秒)
00:45:21  ──────────────────────────────────────────────────
00:45:21    STEP 4: フライングデータ → マスタ反映
00:45:21  ──────────────────────────────────────────────────
00:45:22    ✅ STEP 4 完了  (1.0秒)
00:45:22  ──────────────────────────────────────────────────
00:45:22    STEP 5: 指数計算・新聞・PNG 出力 (全場)
00:45:22  ──────────────────────────────────────────────────
01:04:11    ✅ STEP 5 完了  (1129.0秒)
01:04:11  =======================================================
01:04:11  ✅ 全処理完了！  (2026-04-19)
01:04:11     ログ: C:\Users\user\Desktop\データ収集\scripts\logs\20260419.log
01:04:11  =======================================================
01:04:11    Discord 投稿時刻: 06:30
01:04:11  ──────────────────────────────────────────────────
01:04:11    STEP 6: Discord 新聞投稿 (06:30 予約)
01:04:11  ──────────────────────────────────────────────────
06:33:19    ✅ STEP 6 完了  (19748.3秒)
06:33:19  ──────────────────────────────────────────────────
06:33:19    STEP 7: 日次バックテスト突合 (lr_backtest --all)
06:33:19  ──────────────────────────────────────────────────
06:33:22    ✅ STEP 7 完了  (2.5秒)
06:33:22    correction_params.json を更新しました。
