00:32:03  =======================================================
00:32:03    ボートリサーチ 全自動処理
00:32:03    対象日付 : 2026-04-16
00:32:03    ログ     : C:\Users\user\Desktop\データ収集\scripts\logs\20260416.log
00:32:03  =======================================================
00:32:03  ──────────────────────────────────────────────────
00:32:03    STEP 0: 前日結果CSV取得 (20260415)
00:32:03  ──────────────────────────────────────────────────
00:37:03    ❌ STEP 0 タイムアウト (300秒)
00:37:03  ──────────────────────────────────────────────────
00:37:03    STEP 1: 番組表 LZH ダウンロード
00:37:03  ──────────────────────────────────────────────────
00:37:22    ✅ STEP 1 完了  (19.3秒)
00:37:22  ──────────────────────────────────────────────────
00:37:22    STEP 2: LZH → CSV 変換
00:37:22  ──────────────────────────────────────────────────
00:37:22    ✅ STEP 2 完了  (0.4秒)
00:37:22  ──────────────────────────────────────────────────
00:37:22    STEP 3: Motor 2-rate scraping
00:37:22  ──────────────────────────────────────────────────
00:42:22    ❌ STEP 3 タイムアウト (300秒)
00:42:22  ──────────────────────────────────────────────────
00:42:22    STEP 3: フライング情報取得 (全場)
00:42:22  ──────────────────────────────────────────────────
00:44:39    ✅ STEP 3 完了  (136.4秒)
00:44:39  ──────────────────────────────────────────────────
00:44:39    STEP 4: フライングデータ → マスタ反映
00:44:39  ──────────────────────────────────────────────────
00:44:40    ✅ STEP 4 完了  (1.0秒)
00:44:40  ──────────────────────────────────────────────────
00:44:40    STEP 5: 指数計算・新聞・PNG 出力 (全場)
00:44:40  ──────────────────────────────────────────────────
01:00:42    ✅ STEP 5 完了  (961.8秒)
01:00:42  =======================================================
01:00:42  ✅ 全処理完了！  (2026-04-16)
01:00:42     ログ: C:\Users\user\Desktop\データ収集\scripts\logs\20260416.log
01:00:42  =======================================================
01:00:42    Discord 投稿時刻: 06:30
01:00:42  ──────────────────────────────────────────────────
01:00:42    STEP 6: Discord 新聞投稿 (06:30 予約)
01:00:42  ──────────────────────────────────────────────────
06:33:33    ✅ STEP 6 完了  (19971.3秒)
06:33:33  ──────────────────────────────────────────────────
06:33:33    STEP 7: 日次バックテスト突合 (lr_backtest --all)
06:33:33  ──────────────────────────────────────────────────
06:33:35    ✅ STEP 7 完了  (2.0秒)
06:33:35    correction_params.json を更新しました。
