00:32:02  =======================================================
00:32:02    ボートリサーチ 全自動処理
00:32:02    対象日付 : 2026-05-06
00:32:02    ログ     : C:\Users\user\Desktop\データ収集\scripts\logs\20260506.log
00:32:02  =======================================================
00:32:02  ──────────────────────────────────────────────────
00:32:02    STEP 0: 前日結果CSV取得 (20260505)
00:32:02  ──────────────────────────────────────────────────
00:32:06    ⚠️  STEP 0 終了コード 1  (4.4秒)  → 続行します
00:32:06  ──────────────────────────────────────────────────
00:32:06    STEP 1: 番組表 LZH ダウンロード
00:32:06  ──────────────────────────────────────────────────
00:32:25    ✅ STEP 1 完了  (18.9秒)
00:32:25  ──────────────────────────────────────────────────
00:32:25    STEP 2: LZH → CSV 変換
00:32:25  ──────────────────────────────────────────────────
00:32:26    ✅ STEP 2 完了  (0.7秒)
00:32:26  ──────────────────────────────────────────────────
00:32:26    STEP 3: Motor 2-rate scraping
00:32:26  ──────────────────────────────────────────────────
00:37:26    ❌ STEP 3 タイムアウト (300秒)
00:37:26  ──────────────────────────────────────────────────
00:37:26    STEP 3: フライング情報取得 (全場)
00:37:26  ──────────────────────────────────────────────────
00:39:57    ✅ STEP 3 完了  (151.2秒)
00:39:57  ──────────────────────────────────────────────────
00:39:57    STEP 4: フライングデータ → マスタ反映
00:39:57  ──────────────────────────────────────────────────
00:39:59    ✅ STEP 4 完了  (1.4秒)
00:39:59  ──────────────────────────────────────────────────
00:39:59    STEP 5: 指数計算・新聞・PNG 出力 (全場)
00:39:59  ──────────────────────────────────────────────────
01:12:21    ✅ STEP 5 完了  (1942.6秒)
01:12:21  =======================================================
01:12:21  ✅ 全処理完了！  (2026-05-06)
01:12:21     ログ: C:\Users\user\Desktop\データ収集\scripts\logs\20260506.log
01:12:21  =======================================================
01:12:21    Discord 投稿時刻: 06:30
01:12:21  ──────────────────────────────────────────────────
01:12:21    STEP 6: Discord 新聞投稿 (06:30 予約)
01:12:21  ──────────────────────────────────────────────────
06:34:08    ✅ STEP 6 完了  (19306.5秒)
06:34:08  ──────────────────────────────────────────────────
06:34:08    STEP 7: 日次バックテスト突合 (lr_backtest --all)
06:34:08  ──────────────────────────────────────────────────
06:34:10    ✅ STEP 7 完了  (2.6秒)
06:34:10    correction_params.json を更新しました。
