00:32:03  =======================================================
00:32:03    ボートリサーチ 全自動処理
00:32:03    対象日付 : 2026-05-09
00:32:03    ログ     : C:\Users\user\Desktop\データ収集\scripts\logs\20260509.log
00:32:03  =======================================================
00:32:03  ──────────────────────────────────────────────────
00:32:03    STEP 0: 前日結果CSV取得 (20260508)
00:32:03  ──────────────────────────────────────────────────
00:32:06    ⚠️  STEP 0 終了コード 1  (3.5秒)  → 続行します
00:32:06  ──────────────────────────────────────────────────
00:32:06    STEP 1: 番組表 LZH ダウンロード
00:32:06  ──────────────────────────────────────────────────
00:32:29    ✅ STEP 1 完了  (22.9秒)
00:32:29  ──────────────────────────────────────────────────
00:32:29    STEP 2: LZH → CSV 変換
00:32:29  ──────────────────────────────────────────────────
00:32:30    ✅ STEP 2 完了  (0.4秒)
00:32:30  ──────────────────────────────────────────────────
00:32:30    STEP 3: Motor 2-rate scraping
00:32:30  ──────────────────────────────────────────────────
00:37:30    ❌ STEP 3 タイムアウト (300秒)
00:37:30  ──────────────────────────────────────────────────
00:37:30    STEP 3: フライング情報取得 (全場)
00:37:30  ──────────────────────────────────────────────────
00:39:40    ✅ STEP 3 完了  (130.6秒)
00:39:40  ──────────────────────────────────────────────────
00:39:40    STEP 4: フライングデータ → マスタ反映
00:39:40  ──────────────────────────────────────────────────
00:39:41    ✅ STEP 4 完了  (0.7秒)
00:39:41  ──────────────────────────────────────────────────
00:39:41    STEP 5: 指数計算・新聞・PNG 出力 (全場)
00:39:41  ──────────────────────────────────────────────────
00:56:22    ✅ STEP 5 完了  (1001.4秒)
00:56:22  =======================================================
00:56:22  ✅ 全処理完了！  (2026-05-09)
00:56:22     ログ: C:\Users\user\Desktop\データ収集\scripts\logs\20260509.log
00:56:22  =======================================================
00:56:22    Discord 投稿時刻: 06:30
00:56:22  ──────────────────────────────────────────────────
00:56:22    STEP 6: Discord 新聞投稿 (06:30 予約)
00:56:22  ──────────────────────────────────────────────────
