00:32:02  =======================================================
00:32:02    ボートリサーチ 全自動処理
00:32:02    対象日付 : 2026-05-27
00:32:02    ログ     : C:\Users\user\Desktop\データ収集\scripts\logs\20260527.log
00:32:02  =======================================================
00:32:02  ──────────────────────────────────────────────────
00:32:02    STEP 0: 前日結果CSV取得 (20260526)
00:32:02  ──────────────────────────────────────────────────
00:32:05    ⚠️  STEP 0 終了コード 1  (3.2秒)  → 続行します
00:32:05  ──────────────────────────────────────────────────
00:32:05    STEP 1: 番組表 LZH ダウンロード
00:32:05  ──────────────────────────────────────────────────
00:32:25    ✅ STEP 1 完了  (20.2秒)
00:32:25  ──────────────────────────────────────────────────
00:32:25    STEP 2: LZH → CSV 変換
00:32:25  ──────────────────────────────────────────────────
00:32:26    ✅ STEP 2 完了  (0.3秒)
00:32:26  ──────────────────────────────────────────────────
00:32:26    STEP 3: Motor 2-rate scraping
00:32:26  ──────────────────────────────────────────────────
00:38:01    ❌ STEP 3 タイムアウト (300秒)
00:38:01  ──────────────────────────────────────────────────
00:38:01    STEP 3: フライング情報取得 (全場)
00:38:01  ──────────────────────────────────────────────────
00:38:09    ✅ STEP 3 完了  (7.4秒)
00:38:09  ──────────────────────────────────────────────────
00:38:09    STEP 4: フライングデータ → マスタ反映
00:38:09  ──────────────────────────────────────────────────
00:38:09    ⚠️  STEP 4 終了コード 1  (0.5秒)  → 続行します
00:38:09  ──────────────────────────────────────────────────
00:38:09    STEP 5: 指数計算・新聞・PNG 出力 (全場)
00:38:09  ──────────────────────────────────────────────────
00:38:58  =======================================================
00:38:58    ボートリサーチ 全自動処理
00:38:58    対象日付 : 2026-05-27
00:38:58    ログ     : C:\Users\user\Desktop\データ収集\scripts\logs\20260527.log
00:38:58  =======================================================
00:38:58  ──────────────────────────────────────────────────
00:38:58    STEP 0: 前日結果CSV取得 (20260526)
00:38:58  ──────────────────────────────────────────────────
00:39:00    ⚠️  STEP 0 終了コード 1  (1.1秒)  → 続行します
00:39:00  ──────────────────────────────────────────────────
00:39:00    STEP 1: 番組表 LZH ダウンロード
00:39:00  ──────────────────────────────────────────────────
00:39:17    ✅ STEP 1 完了  (17.9秒)
00:39:18  ──────────────────────────────────────────────────
00:39:18    STEP 2: LZH → CSV 変換
00:39:18  ──────────────────────────────────────────────────
00:39:18    ✅ STEP 2 完了  (0.3秒)
00:39:18  ──────────────────────────────────────────────────
00:39:18    STEP 3: Motor 2-rate scraping
00:39:18  ──────────────────────────────────────────────────
00:44:18    ❌ STEP 3 タイムアウト (300秒)
00:44:18  ──────────────────────────────────────────────────
00:44:18    STEP 3: フライング情報取得 (全場)
00:44:18  ──────────────────────────────────────────────────
00:46:26    ✅ STEP 3 完了  (128.6秒)
00:46:26  ──────────────────────────────────────────────────
00:46:26    STEP 4: フライングデータ → マスタ反映
00:46:26  ──────────────────────────────────────────────────
00:46:27    ✅ STEP 4 完了  (0.6秒)
00:46:27  ──────────────────────────────────────────────────
00:46:27    STEP 5: 指数計算・新聞・PNG 出力 (全場)
00:46:27  ──────────────────────────────────────────────────
01:03:30    ✅ STEP 5 完了  (1022.7秒)
01:03:30  =======================================================
01:03:30  ✅ 全処理完了！  (2026-05-27)
01:03:30     ログ: C:\Users\user\Desktop\データ収集\scripts\logs\20260527.log
01:03:30  =======================================================
01:03:30    Discord 投稿時刻: 06:30
01:03:30  ──────────────────────────────────────────────────
01:03:30    STEP 6: Discord 新聞投稿 (06:30 予約)
01:03:30  ──────────────────────────────────────────────────
06:32:39    ✅ STEP 6 完了  (19749.5秒)
06:32:39  ──────────────────────────────────────────────────
06:32:39    STEP 7: 日次バックテスト突合 (lr_backtest --all)
06:32:39  ──────────────────────────────────────────────────
06:32:41    ✅ STEP 7 完了  (2.0秒)
06:32:41    correction_params.json を更新しました。
