00:32:01  =======================================================
00:32:01    ボートリサーチ 全自動処理
00:32:01    対象日付 : 2026-05-14
00:32:01    ログ     : C:\Users\user\Desktop\データ収集\scripts\logs\20260514.log
00:32:01  =======================================================
00:32:01  ──────────────────────────────────────────────────
00:32:01    STEP 0: 前日結果CSV取得 (20260513)
00:32:01  ──────────────────────────────────────────────────
00:32:03    ⚠️  STEP 0 終了コード 1  (2.3秒)  → 続行します
00:32:03  ──────────────────────────────────────────────────
00:32:03    STEP 1: 番組表 LZH ダウンロード
00:32:03  ──────────────────────────────────────────────────
00:32:23    ✅ STEP 1 完了  (20.0秒)
00:32:23  ──────────────────────────────────────────────────
00:32:23    STEP 2: LZH → CSV 変換
00:32:23  ──────────────────────────────────────────────────
00:32:24    ✅ STEP 2 完了  (0.4秒)
00:32:24  ──────────────────────────────────────────────────
00:32:24    STEP 3: Motor 2-rate scraping
00:32:24  ──────────────────────────────────────────────────
00:37:24    ❌ STEP 3 タイムアウト (300秒)
00:37:24  ──────────────────────────────────────────────────
00:37:24    STEP 3: フライング情報取得 (全場)
00:37:24  ──────────────────────────────────────────────────
00:41:24    ✅ STEP 3 完了  (239.8秒)
00:41:24  ──────────────────────────────────────────────────
00:41:24    STEP 4: フライングデータ → マスタ反映
00:41:24  ──────────────────────────────────────────────────
00:41:24    ⚠️  STEP 4 終了コード 1  (0.5秒)  → 続行します
00:41:24  ──────────────────────────────────────────────────
00:41:24    STEP 5: 指数計算・新聞・PNG 出力 (全場)
00:41:24  ──────────────────────────────────────────────────
01:03:11    ✅ STEP 5 完了  (1307.1秒)
01:03:11  =======================================================
01:03:11  ✅ 全処理完了！  (2026-05-14)
01:03:11     ログ: C:\Users\user\Desktop\データ収集\scripts\logs\20260514.log
01:03:11  =======================================================
01:03:11    Discord 投稿時刻: 06:30
01:03:11  ──────────────────────────────────────────────────
01:03:11    STEP 6: Discord 新聞投稿 (06:30 予約)
01:03:11  ──────────────────────────────────────────────────
06:33:32    ✅ STEP 6 完了  (19820.2秒)
06:33:32  ──────────────────────────────────────────────────
06:33:32    STEP 7: 日次バックテスト突合 (lr_backtest --all)
06:33:32  ──────────────────────────────────────────────────
06:33:33    ✅ STEP 7 完了  (1.7秒)
06:33:33    correction_params.json を更新しました。
