00:32:02  =======================================================
00:32:02    ボートリサーチ 全自動処理
00:32:02    対象日付 : 2026-05-04
00:32:02    ログ     : C:\Users\user\Desktop\データ収集\scripts\logs\20260504.log
00:32:02  =======================================================
00:32:02  ──────────────────────────────────────────────────
00:32:02    STEP 0: 前日結果CSV取得 (20260503)
00:32:02  ──────────────────────────────────────────────────
00:32:06    ⚠️  STEP 0 終了コード 1  (3.8秒)  → 続行します
00:32:06  ──────────────────────────────────────────────────
00:32:06    STEP 1: 番組表 LZH ダウンロード
00:32:06  ──────────────────────────────────────────────────
00:32:26    ✅ STEP 1 完了  (19.7秒)
00:32:26  ──────────────────────────────────────────────────
00:32:26    STEP 2: LZH → CSV 変換
00:32:26  ──────────────────────────────────────────────────
00:32:26    ✅ STEP 2 完了  (0.6秒)
00:32:26  ──────────────────────────────────────────────────
00:32:26    STEP 3: Motor 2-rate scraping
00:32:26  ──────────────────────────────────────────────────
00:37:26    ❌ STEP 3 タイムアウト (300秒)
00:37:26  ──────────────────────────────────────────────────
00:37:26    STEP 3: フライング情報取得 (全場)
00:37:26  ──────────────────────────────────────────────────
00:39:49    ✅ STEP 3 完了  (142.8秒)
00:39:49  ──────────────────────────────────────────────────
00:39:49    STEP 4: フライングデータ → マスタ反映
00:39:49  ──────────────────────────────────────────────────
00:39:50    ✅ STEP 4 完了  (1.0秒)
00:39:50  ──────────────────────────────────────────────────
00:39:50    STEP 5: 指数計算・新聞・PNG 出力 (全場)
00:39:50  ──────────────────────────────────────────────────
01:19:18    ✅ STEP 5 完了  (2367.7秒)
01:19:18  =======================================================
01:19:18  ✅ 全処理完了！  (2026-05-04)
01:19:18     ログ: C:\Users\user\Desktop\データ収集\scripts\logs\20260504.log
01:19:18  =======================================================
01:19:18    Discord 投稿時刻: 06:30
01:19:18  ──────────────────────────────────────────────────
01:19:18    STEP 6: Discord 新聞投稿 (06:30 予約)
01:19:18  ──────────────────────────────────────────────────
06:34:05    ✅ STEP 6 完了  (18886.9秒)
06:34:05  ──────────────────────────────────────────────────
06:34:05    STEP 7: 日次バックテスト突合 (lr_backtest --all)
06:34:05  ──────────────────────────────────────────────────
06:34:07    ✅ STEP 7 完了  (2.3秒)
06:34:07    correction_params.json を更新しました。
