00:32:02  =======================================================
00:32:02    ボートリサーチ 全自動処理
00:32:02    対象日付 : 2026-05-31
00:32:02    ログ     : C:\Users\user\Desktop\データ収集\scripts\logs\20260531.log
00:32:02  =======================================================
00:32:02  ──────────────────────────────────────────────────
00:32:02    STEP 0: 前日結果CSV取得 (20260530)
00:32:02  ──────────────────────────────────────────────────
00:32:04    ⚠️  STEP 0 終了コード 1  (1.9秒)  → 続行します
00:32:04  ──────────────────────────────────────────────────
00:32:04    STEP 1: 番組表 LZH ダウンロード
00:32:04  ──────────────────────────────────────────────────
00:32:24    ✅ STEP 1 完了  (20.3秒)
00:32:24  ──────────────────────────────────────────────────
00:32:24    STEP 2: LZH → CSV 変換
00:32:24  ──────────────────────────────────────────────────
00:32:25    ✅ STEP 2 完了  (0.4秒)
00:32:25  ──────────────────────────────────────────────────
00:32:25    STEP 3: Motor 2-rate scraping
00:32:25  ──────────────────────────────────────────────────
00:37:25    ❌ STEP 3 タイムアウト (300秒)
00:37:25  ──────────────────────────────────────────────────
00:37:25    STEP 3: フライング情報取得 (全場)
00:37:25  ──────────────────────────────────────────────────
00:39:41    ✅ STEP 3 完了  (136.6秒)
00:39:41  ──────────────────────────────────────────────────
00:39:41    STEP 4: フライングデータ → マスタ反映
00:39:41  ──────────────────────────────────────────────────
00:39:42    ✅ STEP 4 完了  (0.7秒)
00:39:42  ──────────────────────────────────────────────────
00:39:42    STEP 5: 指数計算・新聞・PNG 出力 (全場)
00:39:42  ──────────────────────────────────────────────────
02:39:42    ❌ STEP 5 タイムアウト (7200秒)
02:39:42  load_race.py が失敗しました。ログを確認してください。
