02:49:07  =======================================================
02:49:07    ボートリサーチ 全自動処理
02:49:07    対象日付 : 2026-04-26
02:49:07    ログ     : C:\Users\user\Desktop\データ収集\scripts\logs\20260426.log
02:49:07  =======================================================
02:49:07  ──────────────────────────────────────────────────
02:49:07    STEP 0: 前日結果CSV取得 (20260425)
02:49:07  ──────────────────────────────────────────────────
02:49:10    ⚠️  STEP 0 終了コード 1  (3.2秒)  → 続行します
02:49:10  ──────────────────────────────────────────────────
02:49:10    STEP 1: 番組表 LZH ダウンロード
02:49:10  ──────────────────────────────────────────────────
02:49:30    ✅ STEP 1 完了  (20.5秒)
02:49:30  ──────────────────────────────────────────────────
02:49:30    STEP 2: LZH → CSV 変換
02:49:30  ──────────────────────────────────────────────────
02:49:31    ✅ STEP 2 完了  (0.5秒)
02:49:31  ──────────────────────────────────────────────────
02:49:31    STEP 3: Motor 2-rate scraping
02:49:31  ──────────────────────────────────────────────────
02:54:31    ❌ STEP 3 タイムアウト (300秒)
02:54:31  ──────────────────────────────────────────────────
02:54:31    STEP 3: フライング情報取得 (全場)
02:54:31  ──────────────────────────────────────────────────
02:56:45    ✅ STEP 3 完了  (133.7秒)
02:56:45  ──────────────────────────────────────────────────
02:56:45    STEP 4: フライングデータ → マスタ反映
02:56:45  ──────────────────────────────────────────────────
02:56:45    ✅ STEP 4 完了  (0.7秒)
02:56:45  ──────────────────────────────────────────────────
02:56:45    STEP 5: 指数計算・新聞・PNG 出力 (全場)
02:56:45  ──────────────────────────────────────────────────
03:19:36    ✅ STEP 5 完了  (1370.4秒)
03:19:36  =======================================================
03:19:36  ✅ 全処理完了！  (2026-04-26)
03:19:36     ログ: C:\Users\user\Desktop\データ収集\scripts\logs\20260426.log
03:19:36  =======================================================
03:19:36    Discord 投稿時刻: 06:30
03:19:36  ──────────────────────────────────────────────────
03:19:36    STEP 6: Discord 新聞投稿 (06:30 予約)
03:19:36  ──────────────────────────────────────────────────
06:33:42    ✅ STEP 6 完了  (11646.1秒)
06:33:42  ──────────────────────────────────────────────────
06:33:42    STEP 7: 日次バックテスト突合 (lr_backtest --all)
06:33:42  ──────────────────────────────────────────────────
06:33:43    ✅ STEP 7 完了  (1.6秒)
06:33:43    correction_params.json を更新しました。
