00:32:04  =======================================================
00:32:04    ボートリサーチ 全自動処理
00:32:04    対象日付 : 2026-06-05
00:32:04    ログ     : C:\Users\user\Desktop\データ収集\scripts\logs\20260605.log
00:32:04  =======================================================
00:32:04  ──────────────────────────────────────────────────
00:32:04    STEP 0: 前日結果CSV取得 (20260604)
00:32:04  ──────────────────────────────────────────────────
00:32:07    ⚠️  STEP 0 終了コード 1  (3.5秒)  → 続行します
00:32:07  ──────────────────────────────────────────────────
00:32:07    STEP 1: 番組表 LZH ダウンロード
00:32:07  ──────────────────────────────────────────────────
00:32:27    ✅ STEP 1 完了  (19.5秒)
00:32:27  ──────────────────────────────────────────────────
00:32:27    STEP 2: LZH → CSV 変換
00:32:27  ──────────────────────────────────────────────────
00:32:28    ✅ STEP 2 完了  (0.7秒)
00:32:28  ──────────────────────────────────────────────────
00:32:28    STEP 3: Motor 2-rate scraping
00:32:28  ──────────────────────────────────────────────────
00:37:28    ❌ STEP 3 タイムアウト (300秒)
00:37:28  ──────────────────────────────────────────────────
00:37:28    STEP 3: フライング情報取得 (全場)
00:37:28  ──────────────────────────────────────────────────
00:39:58    ✅ STEP 3 完了  (150.2秒)
00:39:58  ──────────────────────────────────────────────────
00:39:58    STEP 4: フライングデータ → マスタ反映
00:39:58  ──────────────────────────────────────────────────
00:39:59    ✅ STEP 4 完了  (1.1秒)
00:39:59  ──────────────────────────────────────────────────
00:39:59    STEP 5: 指数計算・新聞・PNG 出力 (全場)
00:39:59  ──────────────────────────────────────────────────
00:57:36    ✅ STEP 5 完了  (1057.1秒)
00:57:36  =======================================================
00:57:36  ✅ 全処理完了！  (2026-06-05)
00:57:36     ログ: C:\Users\user\Desktop\データ収集\scripts\logs\20260605.log
00:57:36  =======================================================
00:57:36    Discord 投稿時刻: 06:30
00:57:36  ──────────────────────────────────────────────────
00:57:36    STEP 6: Discord 新聞投稿 (06:30 予約)
00:57:36  ──────────────────────────────────────────────────
