01:33:22  =======================================================
01:33:22    ボートリサーチ 全自動処理
01:33:22    対象日付 : 2026-05-03
01:33:22    ログ     : C:\Users\user\Desktop\データ収集\scripts\logs\20260503.log
01:33:22  =======================================================
01:33:22  ──────────────────────────────────────────────────
01:33:22    STEP 0: 前日結果CSV取得 (20260502)
01:33:22  ──────────────────────────────────────────────────
01:33:24    ⚠️  STEP 0 終了コード 1  (2.6秒)  → 続行します
01:33:24  ──────────────────────────────────────────────────
01:33:24    STEP 1: 番組表 LZH ダウンロード
01:33:24  ──────────────────────────────────────────────────
01:33:43    ✅ STEP 1 完了  (18.3秒)
01:33:43  ──────────────────────────────────────────────────
01:33:43    STEP 2: LZH → CSV 変換
01:33:43  ──────────────────────────────────────────────────
01:33:43    ✅ STEP 2 完了  (0.4秒)
01:33:43  ──────────────────────────────────────────────────
01:33:43    STEP 3: Motor 2-rate scraping
01:33:43  ──────────────────────────────────────────────────
01:38:43    ❌ STEP 3 タイムアウト (300秒)
01:38:43  ──────────────────────────────────────────────────
01:38:43    STEP 3: フライング情報取得 (全場)
01:38:43  ──────────────────────────────────────────────────
01:40:59    ✅ STEP 3 完了  (135.5秒)
01:40:59  ──────────────────────────────────────────────────
01:40:59    STEP 4: フライングデータ → マスタ反映
01:40:59  ──────────────────────────────────────────────────
01:40:59    ✅ STEP 4 完了  (0.6秒)
01:40:59  ──────────────────────────────────────────────────
01:40:59    STEP 5: 指数計算・新聞・PNG 出力 (全場)
01:40:59  ──────────────────────────────────────────────────
02:10:22    ✅ STEP 5 完了  (1762.4秒)
02:10:22  =======================================================
02:10:22  ✅ 全処理完了！  (2026-05-03)
02:10:22     ログ: C:\Users\user\Desktop\データ収集\scripts\logs\20260503.log
02:10:22  =======================================================
02:10:22    Discord 投稿時刻: 06:30
02:10:22  ──────────────────────────────────────────────────
02:10:22    STEP 6: Discord 新聞投稿 (06:30 予約)
02:10:22  ──────────────────────────────────────────────────
06:33:58    ✅ STEP 6 完了  (15816.3秒)
06:33:58  ──────────────────────────────────────────────────
06:33:58    STEP 7: 日次バックテスト突合 (lr_backtest --all)
06:33:58  ──────────────────────────────────────────────────
06:33:59    ✅ STEP 7 完了  (1.3秒)
06:33:59    correction_params.json を更新しました。
